2025-07-18T19:02:34.9095935Z Current runner version: '2.326.0'
2025-07-18T19:02:34.9127448Z ##[group]Runner Image Provisioner
2025-07-18T19:02:34.9128854Z Hosted Compute Agent
2025-07-18T19:02:34.9129996Z Version: 20250711.363
2025-07-18T19:02:34.9131004Z Commit: 6785254374ce925a23743850c1cb91912ce5c14c
2025-07-18T19:02:34.9132333Z Build Date: 2025-07-11T20:04:25Z
2025-07-18T19:02:34.9133544Z ##[endgroup]
2025-07-18T19:02:34.9134674Z ##[group]Operating System
2025-07-18T19:02:34.9135808Z Ubuntu
2025-07-18T19:02:34.9136748Z 24.04.2
2025-07-18T19:02:34.9138075Z LTS
2025-07-18T19:02:34.9139083Z ##[endgroup]
2025-07-18T19:02:34.9140174Z ##[group]Runner Image
2025-07-18T19:02:34.9141302Z Image: ubuntu-24.04
2025-07-18T19:02:34.9142779Z Version: 20250710.1.0
2025-07-18T19:02:34.9144948Z Included Software: https://github.com/actions/runner-images/blob/ubuntu24/20250710.1/images/ubuntu/Ubuntu2404-Readme.md
2025-07-18T19:02:34.9148097Z Image Release: https://github.com/actions/runner-images/releases/tag/ubuntu24%2F20250710.1
2025-07-18T19:02:34.9150040Z ##[endgroup]
2025-07-18T19:02:34.9152168Z ##[group]GITHUB_TOKEN Permissions
2025-07-18T19:02:34.9155243Z Contents: read
2025-07-18T19:02:34.9156437Z Metadata: read
2025-07-18T19:02:34.9157764Z Packages: read
2025-07-18T19:02:34.9158748Z ##[endgroup]
2025-07-18T19:02:34.9161838Z Secret source: Actions
2025-07-18T19:02:34.9163491Z Prepare workflow directory
2025-07-18T19:02:34.9701516Z Prepare all required actions
2025-07-18T19:02:34.9755788Z Getting action download info
2025-07-18T19:02:35.2846842Z ##[group]Download immutable action package 'actions/checkout@v4'
2025-07-18T19:02:35.2848403Z Version: 4.2.2
2025-07-18T19:02:35.2849425Z Digest: sha256:ccb2698953eaebd21c7bf6268a94f9c26518a7e38e27e0b83c1fe1ad049819b1
2025-07-18T19:02:35.2850728Z Source commit SHA: 11bd71901bbe5b1630ceea73d27597364c9af683
2025-07-18T19:02:35.2851499Z ##[endgroup]
2025-07-18T19:02:35.3878362Z Download action repository 'dtolnay/rust-toolchain@stable' (SHA:4305c38b25d97ef35a8ad1f985ccf2d2242004f2)
2025-07-18T19:02:35.5314976Z ##[group]Download immutable action package 'actions/setup-node@v4'
2025-07-18T19:02:35.5315871Z Version: 4.4.0
2025-07-18T19:02:35.5316825Z Digest: sha256:9427cefe82346e992fb5b949e3569b39d537ae41aa3086483b14eceebfc16bc1
2025-07-18T19:02:35.5318129Z Source commit SHA: 49933ea5288caeca8642d1e84afbd3f7d6820020
2025-07-18T19:02:35.5319006Z ##[endgroup]
2025-07-18T19:02:35.6225565Z Download action repository 'appleboy/ssh-action@v1.0.3' (SHA:029f5b4aeeeb58fdfe1410a5d17f967dacf36262)
2025-07-18T19:02:35.7892863Z Download action repository 'appleboy/scp-action@v0.1.7' (SHA:917f8b81dfc1ccd331fef9e2d61bdc6c8be94634)
2025-07-18T19:02:36.0553915Z Complete job name: build-and-deploy
2025-07-18T19:02:36.1014666Z ##[group]Build container for action use: '/home/runner/work/_actions/appleboy/ssh-action/v1.0.3/Dockerfile'.
2025-07-18T19:02:36.1084861Z ##[command]/usr/bin/docker build -t 3fcf08:ff35abefd8a842619bd5c22fa6f4c104 -f "/home/runner/work/_actions/appleboy/ssh-action/v1.0.3/Dockerfile" "/home/runner/work/_actions/appleboy/ssh-action/v1.0.3"
2025-07-18T19:02:38.9534513Z #0 building with "default" instance using docker driver
2025-07-18T19:02:38.9535033Z 
2025-07-18T19:02:38.9535228Z #1 [internal] load build definition from Dockerfile
2025-07-18T19:02:38.9535687Z #1 transferring dockerfile: 149B done
2025-07-18T19:02:38.9536093Z #1 DONE 0.0s
2025-07-18T19:02:38.9536271Z 
2025-07-18T19:02:38.9536519Z #2 [internal] load metadata for ghcr.io/appleboy/drone-ssh:1.7.3
2025-07-18T19:02:39.0912844Z #2 DONE 0.3s
2025-07-18T19:02:39.1991136Z 
2025-07-18T19:02:39.1992275Z #3 [internal] load .dockerignore
2025-07-18T19:02:39.1993009Z #3 transferring context: 2B done
2025-07-18T19:02:39.1993680Z #3 DONE 0.0s
2025-07-18T19:02:39.1993979Z 
2025-07-18T19:02:39.1994215Z #4 [internal] load build context
2025-07-18T19:02:39.1994819Z #4 transferring context: 108B done
2025-07-18T19:02:39.1995433Z #4 DONE 0.0s
2025-07-18T19:02:39.1995706Z 
2025-07-18T19:02:39.1996414Z #5 [1/2] FROM ghcr.io/appleboy/drone-ssh:1.7.3@sha256:179cbd253771007f2ebcaf7a3860afe059207351de1f3378efafac93bd310158
2025-07-18T19:02:39.1998189Z #5 resolve ghcr.io/appleboy/drone-ssh:1.7.3@sha256:179cbd253771007f2ebcaf7a3860afe059207351de1f3378efafac93bd310158 done
2025-07-18T19:02:39.1999437Z #5 extracting sha256:1207c741d8c9b028d98c4006013f9de959da3c55f85b91ed5e4583438a0112ca
2025-07-18T19:02:39.3059035Z #5 extracting sha256:1207c741d8c9b028d98c4006013f9de959da3c55f85b91ed5e4583438a0112ca 0.1s done
2025-07-18T19:02:39.3062067Z #5 sha256:066e5b821e26d8313055e0314c056e6c297847bcf963e5df10e7aa03107f2246 0B / 125B 0.1s
2025-07-18T19:02:39.3063342Z #5 sha256:47353a6f9201a145b687290e5ae0278ac269faf4bb61bee3e9246c37a8d74277 0B / 2.44MB 0.1s
2025-07-18T19:02:39.3064727Z #5 sha256:179cbd253771007f2ebcaf7a3860afe059207351de1f3378efafac93bd310158 2.38kB / 2.38kB done
2025-07-18T19:02:39.3065972Z #5 sha256:1a52f94820e830bc9734623deb03bbafa6a248fba19cdc2e5605c70d90d91441 1.24kB / 1.24kB done
2025-07-18T19:02:39.3067565Z #5 sha256:c4781b8d012b16b6c7468dc9104fad0a63f2a8815b2af8b7176bb544253ea8c7 3.86kB / 3.86kB done
2025-07-18T19:02:39.3069052Z #5 sha256:1207c741d8c9b028d98c4006013f9de959da3c55f85b91ed5e4583438a0112ca 3.38MB / 3.38MB 0.1s done
2025-07-18T19:02:39.3070992Z #5 sha256:654aaee5654be60f81172539ecd74485cf8bbe2e9137bab0d429862c31c676f6 284.83kB / 284.83kB 0.1s done
2025-07-18T19:02:39.3072519Z #5 sha256:7e20f48a19643465f486f59127b8f4e0f4114bedc8bd5260fb4f92d5fda95f1c 1.20kB / 1.20kB 0.1s done
2025-07-18T19:02:39.3073582Z #5 extracting sha256:654aaee5654be60f81172539ecd74485cf8bbe2e9137bab0d429862c31c676f6
2025-07-18T19:02:39.4088565Z #5 sha256:066e5b821e26d8313055e0314c056e6c297847bcf963e5df10e7aa03107f2246 125B / 125B 0.1s done
2025-07-18T19:02:39.4090234Z #5 sha256:47353a6f9201a145b687290e5ae0278ac269faf4bb61bee3e9246c37a8d74277 2.44MB / 2.44MB 0.1s done
2025-07-18T19:02:39.4091826Z #5 extracting sha256:654aaee5654be60f81172539ecd74485cf8bbe2e9137bab0d429862c31c676f6 0.0s done
2025-07-18T19:02:39.4092706Z #5 extracting sha256:7e20f48a19643465f486f59127b8f4e0f4114bedc8bd5260fb4f92d5fda95f1c
2025-07-18T19:02:39.5163046Z #5 extracting sha256:7e20f48a19643465f486f59127b8f4e0f4114bedc8bd5260fb4f92d5fda95f1c done
2025-07-18T19:02:39.5164179Z #5 extracting sha256:066e5b821e26d8313055e0314c056e6c297847bcf963e5df10e7aa03107f2246 done
2025-07-18T19:02:39.5165005Z #5 extracting sha256:47353a6f9201a145b687290e5ae0278ac269faf4bb61bee3e9246c37a8d74277 0.0s done
2025-07-18T19:02:39.5165622Z #5 DONE 0.4s
2025-07-18T19:02:39.6866241Z 
2025-07-18T19:02:39.6866710Z #6 [2/2] COPY entrypoint.sh /bin/entrypoint.sh
2025-07-18T19:02:39.6867517Z #6 DONE 0.0s
2025-07-18T19:02:39.6867690Z 
2025-07-18T19:02:39.6867799Z #7 exporting to image
2025-07-18T19:02:39.6868423Z #7 exporting layers
2025-07-18T19:02:40.0058588Z #7 exporting layers 0.5s done
2025-07-18T19:02:40.0391463Z #7 writing image sha256:d47418a21345cc99261ccddf41efce732241b69428298613b5ff8aa4d94b21fd done
2025-07-18T19:02:40.0392486Z #7 naming to docker.io/library/3fcf08:ff35abefd8a842619bd5c22fa6f4c104 done
2025-07-18T19:02:40.0393088Z #7 DONE 0.5s
2025-07-18T19:02:40.0446750Z ##[endgroup]
2025-07-18T19:02:40.0476716Z ##[group]Build container for action use: '/home/runner/work/_actions/appleboy/scp-action/v0.1.7/Dockerfile'.
2025-07-18T19:02:40.0478363Z ##[command]/usr/bin/docker build -t 3fcf08:fc587502f6e54681bfb3a8f8f72b6dbc -f "/home/runner/work/_actions/appleboy/scp-action/v0.1.7/Dockerfile" "/home/runner/work/_actions/appleboy/scp-action/v0.1.7"
2025-07-18T19:02:40.3061127Z #0 building with "default" instance using docker driver
2025-07-18T19:02:40.3061542Z 
2025-07-18T19:02:40.3061777Z #1 [internal] load build definition from Dockerfile
2025-07-18T19:02:40.3062437Z #1 transferring dockerfile: 150B done
2025-07-18T19:02:40.3062967Z #1 DONE 0.0s
2025-07-18T19:02:40.3063213Z 
2025-07-18T19:02:40.3063553Z #2 [internal] load metadata for ghcr.io/appleboy/drone-scp:1.6.14
2025-07-18T19:02:40.3888754Z #2 DONE 0.2s
2025-07-18T19:02:40.4893898Z 
2025-07-18T19:02:40.4894135Z #3 [internal] load .dockerignore
2025-07-18T19:02:40.4894689Z #3 transferring context: 2B done
2025-07-18T19:02:40.4895678Z #3 DONE 0.0s
2025-07-18T19:02:40.4895921Z 
2025-07-18T19:02:40.4896117Z #4 [internal] load build context
2025-07-18T19:02:40.4896564Z #4 transferring context: 187B done
2025-07-18T19:02:40.4897007Z #4 DONE 0.0s
2025-07-18T19:02:40.4897392Z 
2025-07-18T19:02:40.4898014Z #5 [1/2] FROM ghcr.io/appleboy/drone-scp:1.6.14@sha256:0e0597678b948b0aa09888c66ac75af904cce81baf6af955208527d259c61818
2025-07-18T19:02:40.4899435Z #5 resolve ghcr.io/appleboy/drone-scp:1.6.14@sha256:0e0597678b948b0aa09888c66ac75af904cce81baf6af955208527d259c61818 done
2025-07-18T19:02:40.4901400Z #5 extracting sha256:57fce42a8fe3138af514e9b1be611ec437fe87def8a6946cad1d6b7608188ce2
2025-07-18T19:02:40.5904636Z #5 extracting sha256:57fce42a8fe3138af514e9b1be611ec437fe87def8a6946cad1d6b7608188ce2 0.0s done
2025-07-18T19:02:40.5906543Z #5 sha256:0e0597678b948b0aa09888c66ac75af904cce81baf6af955208527d259c61818 2.38kB / 2.38kB done
2025-07-18T19:02:40.5907890Z #5 sha256:b49e06fc857838320ee2682058d609a527fd05056650f6f6387b8a320d25aed5 1.24kB / 1.24kB done
2025-07-18T19:02:40.5909007Z #5 sha256:6e1933d0a1a550dee7c2be05d0c681372d8661e12dec2bd66f028fd3f2e1eccb 3.65kB / 3.65kB done
2025-07-18T19:02:40.5910201Z #5 sha256:57fce42a8fe3138af514e9b1be611ec437fe87def8a6946cad1d6b7608188ce2 284.84kB / 284.84kB 0.1s done
2025-07-18T19:02:40.5911023Z #5 sha256:a7e706a435c2a53ff172ba5b50e2a06c2eaf63d2f764bdaabcca52d378beeb35 1.20kB / 1.20kB 0.1s done
2025-07-18T19:02:40.5912044Z #5 sha256:c5ff66ca7e6bad6eb2c1b483c6c580ef147d04552f3bba4b13ac1b05cf474013 125B / 125B 0.0s done
2025-07-18T19:02:40.5912737Z #5 sha256:103b78775db928290fb85c370d3e47361a507a82b3b7c69c628783e018a9ffb8 0B / 2.49MB 0.1s
2025-07-18T19:02:40.5913575Z #5 extracting sha256:a7e706a435c2a53ff172ba5b50e2a06c2eaf63d2f764bdaabcca52d378beeb35
2025-07-18T19:02:40.8372496Z #5 sha256:103b78775db928290fb85c370d3e47361a507a82b3b7c69c628783e018a9ffb8 2.49MB / 2.49MB 0.1s done
2025-07-18T19:02:40.8373591Z #5 extracting sha256:a7e706a435c2a53ff172ba5b50e2a06c2eaf63d2f764bdaabcca52d378beeb35 done
2025-07-18T19:02:40.8374476Z #5 extracting sha256:c5ff66ca7e6bad6eb2c1b483c6c580ef147d04552f3bba4b13ac1b05cf474013 done
2025-07-18T19:02:40.8375317Z #5 extracting sha256:103b78775db928290fb85c370d3e47361a507a82b3b7c69c628783e018a9ffb8 0.0s done
2025-07-18T19:02:40.8375994Z #5 DONE 0.3s
2025-07-18T19:02:40.8376142Z 
2025-07-18T19:02:40.8376294Z #6 [2/2] COPY entrypoint.sh /bin/entrypoint.sh
2025-07-18T19:02:40.8376655Z #6 DONE 0.0s
2025-07-18T19:02:40.8376801Z 
2025-07-18T19:02:40.8376914Z #7 exporting to image
2025-07-18T19:02:40.8377191Z #7 exporting layers
2025-07-18T19:02:41.0053726Z #7 exporting layers 0.3s done
2025-07-18T19:02:41.0275966Z #7 writing image sha256:7c86efa1873b0b3ff86a6295a5a9587cdc41d97a0f32138f45f35eef6ec10ac8 done
2025-07-18T19:02:41.0277184Z #7 naming to docker.io/library/3fcf08:fc587502f6e54681bfb3a8f8f72b6dbc done
2025-07-18T19:02:41.0278025Z #7 DONE 0.3s
2025-07-18T19:02:41.0325952Z ##[endgroup]
2025-07-18T19:02:41.0556314Z ##[group]Run actions/checkout@v4
2025-07-18T19:02:41.0556881Z with:
2025-07-18T19:02:41.0557122Z   repository: jakenelwood/Leptographic
2025-07-18T19:02:41.0557721Z   token: ***
2025-07-18T19:02:41.0557938Z   ssh-strict: true
2025-07-18T19:02:41.0558151Z   ssh-user: git
2025-07-18T19:02:41.0558374Z   persist-credentials: true
2025-07-18T19:02:41.0558626Z   clean: true
2025-07-18T19:02:41.0558850Z   sparse-checkout-cone-mode: true
2025-07-18T19:02:41.0559113Z   fetch-depth: 1
2025-07-18T19:02:41.0559319Z   fetch-tags: false
2025-07-18T19:02:41.0559538Z   show-progress: true
2025-07-18T19:02:41.0559750Z   lfs: false
2025-07-18T19:02:41.0559949Z   submodules: false
2025-07-18T19:02:41.0560162Z   set-safe-directory: true
2025-07-18T19:02:41.0560591Z env:
2025-07-18T19:02:41.0560790Z   CARGO_TERM_COLOR: always
2025-07-18T19:02:41.0561025Z ##[endgroup]
2025-07-18T19:02:41.1625753Z Syncing repository: jakenelwood/Leptographic
2025-07-18T19:02:41.1627051Z ##[group]Getting Git version info
2025-07-18T19:02:41.1627738Z Working directory is '/home/runner/work/Leptographic/Leptographic'
2025-07-18T19:02:41.1628666Z [command]/usr/bin/git version
2025-07-18T19:02:41.1636057Z git version 2.50.1
2025-07-18T19:02:41.1662410Z ##[endgroup]
2025-07-18T19:02:41.1676051Z Temporarily overriding HOME='/home/runner/work/_temp/ce49d896-83c4-404b-b5d4-d7d9514401cb' before making global git config changes
2025-07-18T19:02:41.1677023Z Adding repository directory to the temporary git global config as a safe directory
2025-07-18T19:02:41.1687923Z [command]/usr/bin/git config --global --add safe.directory /home/runner/work/Leptographic/Leptographic
2025-07-18T19:02:41.1720213Z Deleting the contents of '/home/runner/work/Leptographic/Leptographic'
2025-07-18T19:02:41.1723533Z ##[group]Initializing the repository
2025-07-18T19:02:41.1727878Z [command]/usr/bin/git init /home/runner/work/Leptographic/Leptographic
2025-07-18T19:02:41.1794690Z hint: Using 'master' as the name for the initial branch. This default branch name
2025-07-18T19:02:41.1795592Z hint: is subject to change. To configure the initial branch name to use in all
2025-07-18T19:02:41.1796498Z hint: of your new repositories, which will suppress this warning, call:
2025-07-18T19:02:41.1797146Z hint:
2025-07-18T19:02:41.1797872Z hint: 	git config --global init.defaultBranch <name>
2025-07-18T19:02:41.1798448Z hint:
2025-07-18T19:02:41.1799002Z hint: Names commonly chosen instead of 'master' are 'main', 'trunk' and
2025-07-18T19:02:41.1799935Z hint: 'development'. The just-created branch can be renamed via this command:
2025-07-18T19:02:41.1800626Z hint:
2025-07-18T19:02:41.1800992Z hint: 	git branch -m <name>
2025-07-18T19:02:41.1801258Z hint:
2025-07-18T19:02:41.1801583Z hint: Disable this message with "git config set advice.defaultBranchName false"
2025-07-18T19:02:41.1802151Z Initialized empty Git repository in /home/runner/work/Leptographic/Leptographic/.git/
2025-07-18T19:02:41.1810559Z [command]/usr/bin/git remote add origin https://github.com/jakenelwood/Leptographic
2025-07-18T19:02:41.1892239Z ##[endgroup]
2025-07-18T19:02:41.1892683Z ##[group]Disabling automatic garbage collection
2025-07-18T19:02:41.1896319Z [command]/usr/bin/git config --local gc.auto 0
2025-07-18T19:02:41.1923654Z ##[endgroup]
2025-07-18T19:02:41.1924133Z ##[group]Setting up auth
2025-07-18T19:02:41.1930500Z [command]/usr/bin/git config --local --name-only --get-regexp core\.sshCommand
2025-07-18T19:02:41.1959121Z [command]/usr/bin/git submodule foreach --recursive sh -c "git config --local --name-only --get-regexp 'core\.sshCommand' && git config --local --unset-all 'core.sshCommand' || :"
2025-07-18T19:02:41.2271551Z [command]/usr/bin/git config --local --name-only --get-regexp http\.https\:\/\/github\.com\/\.extraheader
2025-07-18T19:02:41.2299935Z [command]/usr/bin/git submodule foreach --recursive sh -c "git config --local --name-only --get-regexp 'http\.https\:\/\/github\.com\/\.extraheader' && git config --local --unset-all 'http.https://github.com/.extraheader' || :"
2025-07-18T19:02:41.2519274Z [command]/usr/bin/git config --local http.https://github.com/.extraheader AUTHORIZATION: basic ***
2025-07-18T19:02:41.2553552Z ##[endgroup]
2025-07-18T19:02:41.2554197Z ##[group]Fetching the repository
2025-07-18T19:02:41.2569906Z [command]/usr/bin/git -c protocol.version=2 fetch --no-tags --prune --no-recurse-submodules --depth=1 origin +6bbd883278bd172245e2dd343d4808b8ab872bd8:refs/remotes/origin/main
2025-07-18T19:02:41.6741672Z From https://github.com/jakenelwood/Leptographic
2025-07-18T19:02:41.6743852Z  * [new ref]         6bbd883278bd172245e2dd343d4808b8ab872bd8 -> origin/main
2025-07-18T19:02:41.6769307Z ##[endgroup]
2025-07-18T19:02:41.6770001Z ##[group]Determining the checkout info
2025-07-18T19:02:41.6770932Z ##[endgroup]
2025-07-18T19:02:41.6776640Z [command]/usr/bin/git sparse-checkout disable
2025-07-18T19:02:41.6857587Z [command]/usr/bin/git config --local --unset-all extensions.worktreeConfig
2025-07-18T19:02:41.6887570Z ##[group]Checking out the ref
2025-07-18T19:02:41.6890315Z [command]/usr/bin/git checkout --progress --force -B main refs/remotes/origin/main
2025-07-18T19:02:41.8099758Z Switched to a new branch 'main'
2025-07-18T19:02:41.8101207Z branch 'main' set up to track 'origin/main'.
2025-07-18T19:02:41.8111304Z ##[endgroup]
2025-07-18T19:02:41.8150191Z [command]/usr/bin/git log -1 --format=%H
2025-07-18T19:02:41.8172630Z 6bbd883278bd172245e2dd343d4808b8ab872bd8
2025-07-18T19:02:41.8431997Z ##[group]Run dtolnay/rust-toolchain@stable
2025-07-18T19:02:41.8432322Z with:
2025-07-18T19:02:41.8432538Z   targets: wasm32-unknown-unknown
2025-07-18T19:02:41.8432808Z   toolchain: stable
2025-07-18T19:02:41.8433019Z env:
2025-07-18T19:02:41.8433213Z   CARGO_TERM_COLOR: always
2025-07-18T19:02:41.8433496Z ##[endgroup]
2025-07-18T19:02:41.8534655Z ##[group]Run : parse toolchain version
2025-07-18T19:02:41.8535046Z [36;1m: parse toolchain version[0m
2025-07-18T19:02:41.8535443Z [36;1mif [[ $toolchain =~ ^stable' '[0-9]+' '(year|month|week|day)s?' 'ago$ ]]; then[0m
2025-07-18T19:02:41.8535839Z [36;1m  if [[ Linux == macOS ]]; then[0m
2025-07-18T19:02:41.8536355Z [36;1m    echo "toolchain=1.$((($(date -v-$(sed 's/stable \([0-9]*\) \(.\).*/\1\2/' <<< $toolchain) +%s)/60/60/24-16569)/7/6))" >> $GITHUB_OUTPUT[0m
2025-07-18T19:02:41.8536823Z [36;1m  else[0m
2025-07-18T19:02:41.8537403Z [36;1m    echo "toolchain=1.$((($(date --date "${toolchain#stable }" +%s)/60/60/24-16569)/7/6))" >> $GITHUB_OUTPUT[0m
2025-07-18T19:02:41.8537842Z [36;1m  fi[0m
2025-07-18T19:02:41.8538137Z [36;1melif [[ $toolchain =~ ^stable' 'minus' '[0-9]+' 'releases?$ ]]; then[0m
2025-07-18T19:02:41.8538638Z [36;1m  echo "toolchain=1.$((($(date +%s)/60/60/24-16569)/7/6-${toolchain//[^0-9]/}))" >> $GITHUB_OUTPUT[0m
2025-07-18T19:02:41.8539078Z [36;1melif [[ $toolchain =~ ^1\.[0-9]+$ ]]; then[0m
2025-07-18T19:02:41.8539556Z [36;1m  echo "toolchain=1.$((i=${toolchain#1.}, c=($(date +%s)/60/60/24-16569)/7/6, i+9*i*(10*i<=c)+90*i*(100*i<=c)))" >> $GITHUB_OUTPUT[0m
2025-07-18T19:02:41.8539998Z [36;1melse[0m
2025-07-18T19:02:41.8540249Z [36;1m  echo "toolchain=$toolchain" >> $GITHUB_OUTPUT[0m
2025-07-18T19:02:41.8540550Z [36;1mfi[0m
2025-07-18T19:02:41.8572261Z shell: /usr/bin/bash --noprofile --norc -e -o pipefail {0}
2025-07-18T19:02:41.8572610Z env:
2025-07-18T19:02:41.8572820Z   CARGO_TERM_COLOR: always
2025-07-18T19:02:41.8573061Z   toolchain: stable
2025-07-18T19:02:41.8573275Z ##[endgroup]
2025-07-18T19:02:41.8698894Z ##[group]Run : construct rustup command line
2025-07-18T19:02:41.8699226Z [36;1m: construct rustup command line[0m
2025-07-18T19:02:41.8699670Z [36;1mecho "targets=$(for t in ${targets//,/ }; do echo -n ' --target' $t; done)" >> $GITHUB_OUTPUT[0m
2025-07-18T19:02:41.8700270Z [36;1mecho "components=$(for c in ${components//,/ }; do echo -n ' --component' $c; done)" >> $GITHUB_OUTPUT[0m
2025-07-18T19:02:41.8700731Z [36;1mecho "downgrade=" >> $GITHUB_OUTPUT[0m
2025-07-18T19:02:41.8725864Z shell: /usr/bin/bash --noprofile --norc -e -o pipefail {0}
2025-07-18T19:02:41.8726202Z env:
2025-07-18T19:02:41.8726416Z   CARGO_TERM_COLOR: always
2025-07-18T19:02:41.8726684Z   targets: wasm32-unknown-unknown
2025-07-18T19:02:41.8726945Z   components: 
2025-07-18T19:02:41.8727149Z ##[endgroup]
2025-07-18T19:02:41.8799793Z ##[group]Run : set $CARGO_HOME
2025-07-18T19:02:41.8800058Z [36;1m: set $CARGO_HOME[0m
2025-07-18T19:02:41.8800391Z [36;1mecho CARGO_HOME=${CARGO_HOME:-"$HOME/.cargo"} >> $GITHUB_ENV[0m
2025-07-18T19:02:41.8826195Z shell: /usr/bin/bash --noprofile --norc -e -o pipefail {0}
2025-07-18T19:02:41.8826544Z env:
2025-07-18T19:02:41.8826748Z   CARGO_TERM_COLOR: always
2025-07-18T19:02:41.8826980Z ##[endgroup]
2025-07-18T19:02:41.8922979Z ##[group]Run : install rustup if needed
2025-07-18T19:02:41.8923291Z [36;1m: install rustup if needed[0m
2025-07-18T19:02:41.8923595Z [36;1mif ! command -v rustup &>/dev/null; then[0m
2025-07-18T19:02:41.8924301Z [36;1m  curl --proto '=https' --tlsv1.2 --retry 10 --retry-connrefused --location --silent --show-error --fail https://sh.rustup.rs | sh -s -- --default-toolchain none -y[0m
2025-07-18T19:02:41.8925159Z [36;1m  echo "$CARGO_HOME/bin" >> $GITHUB_PATH[0m
2025-07-18T19:02:41.8925448Z [36;1mfi[0m
2025-07-18T19:02:41.8950635Z shell: /usr/bin/bash --noprofile --norc -e -o pipefail {0}
2025-07-18T19:02:41.8950972Z env:
2025-07-18T19:02:41.8951176Z   CARGO_TERM_COLOR: always
2025-07-18T19:02:41.8951435Z   CARGO_HOME: /home/runner/.cargo
2025-07-18T19:02:41.8951866Z ##[endgroup]
2025-07-18T19:02:41.9022443Z ##[group]Run rustup toolchain install stable --target wasm32-unknown-unknown --profile minimal --no-self-update
2025-07-18T19:02:41.9023192Z [36;1mrustup toolchain install stable --target wasm32-unknown-unknown --profile minimal --no-self-update[0m
2025-07-18T19:02:41.9048762Z shell: /usr/bin/bash --noprofile --norc -e -o pipefail {0}
2025-07-18T19:02:41.9049094Z env:
2025-07-18T19:02:41.9049296Z   CARGO_TERM_COLOR: always
2025-07-18T19:02:41.9049549Z   CARGO_HOME: /home/runner/.cargo
2025-07-18T19:02:41.9049794Z ##[endgroup]
2025-07-18T19:02:42.1987703Z info: syncing channel updates for 'stable-x86_64-unknown-linux-gnu'
2025-07-18T19:02:42.4149845Z info: latest update on 2025-06-26, rust version 1.88.0 (6b00bc388 2025-06-23)
2025-07-18T19:02:42.4410648Z info: downloading component 'rust-std' for 'wasm32-unknown-unknown'
2025-07-18T19:02:42.5960795Z info: installing component 'rust-std' for 'wasm32-unknown-unknown'
2025-07-18T19:02:43.9722747Z 
2025-07-18T19:02:43.9818393Z   stable-x86_64-unknown-linux-gnu updated - rustc 1.88.0 (6b00bc388 2025-06-23) (from rustc 1.88.0 (6b00bc388 2025-06-23))
2025-07-18T19:02:43.9819085Z 
2025-07-18T19:02:43.9868669Z ##[group]Run rustup default stable
2025-07-18T19:02:43.9868970Z [36;1mrustup default stable[0m
2025-07-18T19:02:43.9897706Z shell: /usr/bin/bash --noprofile --norc -e -o pipefail {0}
2025-07-18T19:02:43.9898048Z env:
2025-07-18T19:02:43.9898254Z   CARGO_TERM_COLOR: always
2025-07-18T19:02:43.9898503Z   CARGO_HOME: /home/runner/.cargo
2025-07-18T19:02:43.9898752Z ##[endgroup]
2025-07-18T19:02:43.9994893Z info: using existing install for 'stable-x86_64-unknown-linux-gnu'
2025-07-18T19:02:44.0298615Z info: default toolchain set to 'stable-x86_64-unknown-linux-gnu'
2025-07-18T19:02:44.0299101Z 
2025-07-18T19:02:44.0400455Z   stable-x86_64-unknown-linux-gnu unchanged - rustc 1.88.0 (6b00bc388 2025-06-23)
2025-07-18T19:02:44.0401023Z 
2025-07-18T19:02:44.0441202Z ##[group]Run : create cachekey
2025-07-18T19:02:44.0441508Z [36;1m: create cachekey[0m
2025-07-18T19:02:44.0441992Z [36;1mDATE=$(rustc +stable --version --verbose | sed -ne 's/^commit-date: \(20[0-9][0-9]\)-\([01][0-9]\)-\([0-3][0-9]\)$/\1\2\3/p')[0m
2025-07-18T19:02:44.0442594Z [36;1mHASH=$(rustc +stable --version --verbose | sed -ne 's/^commit-hash: //p')[0m
2025-07-18T19:02:44.0443086Z [36;1mecho "cachekey=$(echo $DATE$HASH | head -c12)" >> $GITHUB_OUTPUT[0m
2025-07-18T19:02:44.0471619Z shell: /usr/bin/bash --noprofile --norc -e -o pipefail {0}
2025-07-18T19:02:44.0471953Z env:
2025-07-18T19:02:44.0472156Z   CARGO_TERM_COLOR: always
2025-07-18T19:02:44.0472404Z   CARGO_HOME: /home/runner/.cargo
2025-07-18T19:02:44.0472681Z ##[endgroup]
2025-07-18T19:02:44.2428874Z ##[group]Run : disable incremental compilation
2025-07-18T19:02:44.2429240Z [36;1m: disable incremental compilation[0m
2025-07-18T19:02:44.2429568Z [36;1mif [ -z "${CARGO_INCREMENTAL+set}" ]; then[0m
2025-07-18T19:02:44.2429919Z [36;1m  echo CARGO_INCREMENTAL=0 >> $GITHUB_ENV[0m
2025-07-18T19:02:44.2430199Z [36;1mfi[0m
2025-07-18T19:02:44.2456983Z shell: /usr/bin/bash --noprofile --norc -e -o pipefail {0}
2025-07-18T19:02:44.2457551Z env:
2025-07-18T19:02:44.2457763Z   CARGO_TERM_COLOR: always
2025-07-18T19:02:44.2458023Z   CARGO_HOME: /home/runner/.cargo
2025-07-18T19:02:44.2458281Z ##[endgroup]
2025-07-18T19:02:44.2520699Z ##[group]Run : enable colors in Cargo output
2025-07-18T19:02:44.2521032Z [36;1m: enable colors in Cargo output[0m
2025-07-18T19:02:44.2521350Z [36;1mif [ -z "${CARGO_TERM_COLOR+set}" ]; then[0m
2025-07-18T19:02:44.2521689Z [36;1m  echo CARGO_TERM_COLOR=always >> $GITHUB_ENV[0m
2025-07-18T19:02:44.2521979Z [36;1mfi[0m
2025-07-18T19:02:44.2546338Z shell: /usr/bin/bash --noprofile --norc -e -o pipefail {0}
2025-07-18T19:02:44.2546689Z env:
2025-07-18T19:02:44.2546892Z   CARGO_TERM_COLOR: always
2025-07-18T19:02:44.2547139Z   CARGO_HOME: /home/runner/.cargo
2025-07-18T19:02:44.2547604Z   CARGO_INCREMENTAL: 0
2025-07-18T19:02:44.2547994Z ##[endgroup]
2025-07-18T19:02:44.2609285Z ##[group]Run : enable Cargo sparse registry
2025-07-18T19:02:44.2609615Z [36;1m: enable Cargo sparse registry[0m
2025-07-18T19:02:44.2609978Z [36;1m# implemented in 1.66, stabilized in 1.68, made default in 1.70[0m
2025-07-18T19:02:44.2610643Z [36;1mif [ -z "${CARGO_REGISTRIES_CRATES_IO_PROTOCOL+set}" -o -f "/home/runner/work/_temp"/.implicit_cargo_registries_crates_io_protocol ]; then[0m
2025-07-18T19:02:44.2611322Z [36;1m  if rustc +stable --version --verbose | grep -q '^release: 1\.6[89]\.'; then[0m
2025-07-18T19:02:44.2611870Z [36;1m    touch "/home/runner/work/_temp"/.implicit_cargo_registries_crates_io_protocol || true[0m
2025-07-18T19:02:44.2612394Z [36;1m    echo CARGO_REGISTRIES_CRATES_IO_PROTOCOL=sparse >> $GITHUB_ENV[0m
2025-07-18T19:02:44.2612869Z [36;1m  elif rustc +stable --version --verbose | grep -q '^release: 1\.6[67]\.'; then[0m
2025-07-18T19:02:44.2613414Z [36;1m    touch "/home/runner/work/_temp"/.implicit_cargo_registries_crates_io_protocol || true[0m
2025-07-18T19:02:44.2613902Z [36;1m    echo CARGO_REGISTRIES_CRATES_IO_PROTOCOL=git >> $GITHUB_ENV[0m
2025-07-18T19:02:44.2614236Z [36;1m  fi[0m
2025-07-18T19:02:44.2614434Z [36;1mfi[0m
2025-07-18T19:02:44.2639172Z shell: /usr/bin/bash --noprofile --norc -e -o pipefail {0}
2025-07-18T19:02:44.2639505Z env:
2025-07-18T19:02:44.2639714Z   CARGO_TERM_COLOR: always
2025-07-18T19:02:44.2639969Z   CARGO_HOME: /home/runner/.cargo
2025-07-18T19:02:44.2640228Z   CARGO_INCREMENTAL: 0
2025-07-18T19:02:44.2640450Z ##[endgroup]
2025-07-18T19:02:44.2986483Z ##[group]Run : work around spurious network errors in curl 8.0
2025-07-18T19:02:44.2986932Z [36;1m: work around spurious network errors in curl 8.0[0m
2025-07-18T19:02:44.2987763Z [36;1m# https://rust-lang.zulipchat.com/#narrow/stream/246057-t-cargo/topic/timeout.20investigation[0m
2025-07-18T19:02:44.2988380Z [36;1mif rustc +stable --version --verbose | grep -q '^release: 1\.7[01]\.'; then[0m
2025-07-18T19:02:44.2988845Z [36;1m  echo CARGO_HTTP_MULTIPLEXING=false >> $GITHUB_ENV[0m
2025-07-18T19:02:44.2989160Z [36;1mfi[0m
2025-07-18T19:02:44.3015860Z shell: /usr/bin/bash --noprofile --norc -e -o pipefail {0}
2025-07-18T19:02:44.3016203Z env:
2025-07-18T19:02:44.3016406Z   CARGO_TERM_COLOR: always
2025-07-18T19:02:44.3016655Z   CARGO_HOME: /home/runner/.cargo
2025-07-18T19:02:44.3016919Z   CARGO_INCREMENTAL: 0
2025-07-18T19:02:44.3017135Z ##[endgroup]
2025-07-18T19:02:44.3222294Z ##[group]Run rustc +stable --version --verbose
2025-07-18T19:02:44.3222641Z [36;1mrustc +stable --version --verbose[0m
2025-07-18T19:02:44.3248881Z shell: /usr/bin/bash --noprofile --norc -e -o pipefail {0}
2025-07-18T19:02:44.3249275Z env:
2025-07-18T19:02:44.3249479Z   CARGO_TERM_COLOR: always
2025-07-18T19:02:44.3249736Z   CARGO_HOME: /home/runner/.cargo
2025-07-18T19:02:44.3250001Z   CARGO_INCREMENTAL: 0
2025-07-18T19:02:44.3250226Z ##[endgroup]
2025-07-18T19:02:44.3414825Z rustc 1.88.0 (6b00bc388 2025-06-23)
2025-07-18T19:02:44.3415352Z binary: rustc
2025-07-18T19:02:44.3415823Z commit-hash: 6b00bc3880198600130e1cf62b8f8a93494488cc
2025-07-18T19:02:44.3416366Z commit-date: 2025-06-23
2025-07-18T19:02:44.3416623Z host: x86_64-unknown-linux-gnu
2025-07-18T19:02:44.3416873Z release: 1.88.0
2025-07-18T19:02:44.3417199Z LLVM version: 20.1.5
2025-07-18T19:02:44.3530175Z ##[group]Run actions/setup-node@v4
2025-07-18T19:02:44.3530483Z with:
2025-07-18T19:02:44.3530681Z   node-version: 18
2025-07-18T19:02:44.3530900Z   cache: npm
2025-07-18T19:02:44.3531139Z   cache-dependency-path: package-lock.json
2025-07-18T19:02:44.3531435Z   always-auth: false
2025-07-18T19:02:44.3531657Z   check-latest: false
2025-07-18T19:02:44.3532001Z   token: ***
2025-07-18T19:02:44.3532383Z env:
2025-07-18T19:02:44.3532575Z   CARGO_TERM_COLOR: always
2025-07-18T19:02:44.3532830Z   CARGO_HOME: /home/runner/.cargo
2025-07-18T19:02:44.3533083Z   CARGO_INCREMENTAL: 0
2025-07-18T19:02:44.3533294Z ##[endgroup]
2025-07-18T19:02:44.5272720Z Found in cache @ /opt/hostedtoolcache/node/18.20.8/x64
2025-07-18T19:02:44.5279664Z ##[group]Environment details
2025-07-18T19:02:46.5155390Z node: v18.20.8
2025-07-18T19:02:46.5155816Z npm: 10.8.2
2025-07-18T19:02:46.5156160Z yarn: 1.22.22
2025-07-18T19:02:46.5157742Z ##[endgroup]
2025-07-18T19:02:46.5181580Z [command]/opt/hostedtoolcache/node/18.20.8/x64/bin/npm config get cache
2025-07-18T19:02:46.8119463Z /home/runner/.npm
2025-07-18T19:02:46.9811304Z npm cache is not found
2025-07-18T19:02:46.9933842Z ##[group]Run cargo install cargo-leptos
2025-07-18T19:02:46.9934201Z [36;1mcargo install cargo-leptos[0m
2025-07-18T19:02:46.9967509Z shell: /usr/bin/bash -e {0}
2025-07-18T19:02:46.9967765Z env:
2025-07-18T19:02:46.9967964Z   CARGO_TERM_COLOR: always
2025-07-18T19:02:46.9968239Z   CARGO_HOME: /home/runner/.cargo
2025-07-18T19:02:46.9968500Z   CARGO_INCREMENTAL: 0
2025-07-18T19:02:46.9968719Z ##[endgroup]
2025-07-18T19:02:49.8341797Z [1m[32m    Updating[0m crates.io index
2025-07-18T19:02:50.1188069Z [1m[32m Downloading[0m crates ...
2025-07-18T19:02:50.3766055Z [1m[32m  Downloaded[0m cargo-leptos v0.2.40
2025-07-18T19:02:50.9318561Z [1m[32m  Installing[0m cargo-leptos v0.2.40
2025-07-18T19:02:51.9932777Z [1m[32m    Updating[0m crates.io index
2025-07-18T19:02:53.6124703Z [1m[32m     Locking[0m 614 packages to latest compatible versions
2025-07-18T19:02:53.6186748Z [1m[36m      Adding[0m cargo_metadata v0.20.0 [1m[33m(available: v0.21.0)[0m
2025-07-18T19:02:53.6254645Z [1m[36m      Adding[0m flexi_logger v0.30.2 [1m[33m(available: v0.31.2)[0m
2025-07-18T19:02:53.6375814Z [1m[36m      Adding[0m matchit v0.8.4 [1m[33m(available: v0.8.6)[0m
2025-07-18T19:02:53.6670759Z [1m[36m      Adding[0m swc v26.0.1 [1m[33m(available: v32.0.0)[0m
2025-07-18T19:02:53.6768114Z [1m[36m      Adding[0m swc_common v12.0.1 [1m[33m(available: v14.0.1)[0m
2025-07-18T19:02:53.7740137Z [1m[36m      Adding[0m tempfile v3.19.1 [1m[33m(available: v3.20.0)[0m
2025-07-18T19:02:53.7840013Z [1m[36m      Adding[0m wasm-encoder v0.206.0 [1m[33m(available: v0.235.0)[0m
2025-07-18T19:02:53.7846362Z [1m[36m      Adding[0m wasmparser v0.206.0 [1m[33m(available: v0.235.0)[0m
2025-07-18T19:02:53.7899153Z [1m[32m Downloading[0m crates ...
2025-07-18T19:02:53.8822917Z [1m[32m  Downloaded[0m alloc-stdlib v0.2.2
2025-07-18T19:02:53.8842975Z [1m[32m  Downloaded[0m adler32 v1.2.0
2025-07-18T19:02:53.8868400Z [1m[32m  Downloaded[0m alloc-no-stdlib v2.0.4
2025-07-18T19:02:53.8894337Z [1m[32m  Downloaded[0m adler2 v2.0.1
2025-07-18T19:02:53.8925310Z [1m[32m  Downloaded[0m anymap2 v0.13.0
2025-07-18T19:02:53.8949885Z [1m[32m  Downloaded[0m anyhow v1.0.98
2025-07-18T19:02:53.9000049Z [1m[32m  Downloaded[0m itoa v1.0.15
2025-07-18T19:02:53.9023448Z [1m[32m  Downloaded[0m parking_lot v0.12.4
2025-07-18T19:02:53.9059129Z [1m[32m  Downloaded[0m liquid-derive v0.26.10
2025-07-18T19:02:53.9311825Z [1m[32m  Downloaded[0m leb128 v0.2.5
2025-07-18T19:02:53.9356320Z [1m[32m  Downloaded[0m lru-slab v0.1.2
2025-07-18T19:02:53.9397928Z [1m[32m  Downloaded[0m litemap v0.8.0
2025-07-18T19:02:53.9450775Z [1m[32m  Downloaded[0m libz-rs-sys v0.5.1
2025-07-18T19:02:53.9481822Z [1m[32m  Downloaded[0m lru v0.10.1
2025-07-18T19:02:53.9508548Z [1m[32m  Downloaded[0m libssh2-sys v0.3.1
2025-07-18T19:02:53.9898544Z [1m[32m  Downloaded[0m swc_ecma_compat_es3 v16.0.0
2025-07-18T19:02:53.9975309Z [1m[32m  Downloaded[0m ryu v1.0.20
2025-07-18T19:02:54.0070392Z [1m[32m  Downloaded[0m futures-sink v0.3.31
2025-07-18T19:02:54.0126729Z [1m[32m  Downloaded[0m swc_atoms v5.0.0
2025-07-18T19:02:54.0176776Z [1m[32m  Downloaded[0m inotify-sys v0.1.5
2025-07-18T19:02:54.0213280Z [1m[32m  Downloaded[0m toml_datetime v0.7.0
2025-07-18T19:02:54.0247502Z [1m[32m  Downloaded[0m scoped-tls v1.0.1
2025-07-18T19:02:54.0272071Z [1m[32m  Downloaded[0m same-file v1.0.6
2025-07-18T19:02:54.0298460Z [1m[32m  Downloaded[0m git2 v0.20.2
2025-07-18T19:02:54.0416682Z [1m[32m  Downloaded[0m st-map v0.2.4
2025-07-18T19:02:54.0461679Z [1m[32m  Downloaded[0m stable_deref_trait v1.2.0
2025-07-18T19:02:54.0494899Z [1m[32m  Downloaded[0m ryu-js v1.0.2
2025-07-18T19:02:54.0569938Z [1m[32m  Downloaded[0m serde v1.0.219
2025-07-18T19:02:54.0621597Z [1m[32m  Downloaded[0m toml_edit v0.22.27
2025-07-18T19:02:54.0681019Z [1m[32m  Downloaded[0m gimli v0.26.2
2025-07-18T19:02:54.0847846Z [1m[32m  Downloaded[0m tower-service v0.3.3
2025-07-18T19:02:54.0888857Z [1m[32m  Downloaded[0m par-iter v1.0.2
2025-07-18T19:02:54.0999710Z [1m[32m  Downloaded[0m wasm-encoder v0.206.0
2025-07-18T19:02:54.1076863Z [1m[32m  Downloaded[0m swc_config_macro v1.0.1
2025-07-18T19:02:54.1112789Z [1m[32m  Downloaded[0m swc_ecma_compat_es2017 v16.0.0
2025-07-18T19:02:54.1133659Z [1m[32m  Downloaded[0m swc_ecma_codegen_macros v2.0.2
2025-07-18T19:02:54.1150020Z [1m[32m  Downloaded[0m stacker v0.1.21
2025-07-18T19:02:54.1184855Z [1m[32m  Downloaded[0m thread_local v1.1.9
2025-07-18T19:02:54.1212587Z [1m[32m  Downloaded[0m toml_datetime v0.6.11
2025-07-18T19:02:54.1237597Z [1m[32m  Downloaded[0m textwrap v0.16.2
2025-07-18T19:02:54.1272987Z [1m[32m  Downloaded[0m swc_ecma_compat_es2019 v16.0.0
2025-07-18T19:02:54.1295126Z [1m[32m  Downloaded[0m either v1.15.0
2025-07-18T19:02:54.1320000Z [1m[32m  Downloaded[0m swc_transform_common v6.0.0
2025-07-18T19:02:54.1335493Z [1m[32m  Downloaded[0m gix-hash v0.18.0
2025-07-18T19:02:54.1360266Z [1m[32m  Downloaded[0m swc_typescript v15.0.0
2025-07-18T19:02:54.1447943Z [1m[32m  Downloaded[0m swc_trace_macro v2.0.2
2025-07-18T19:02:54.1466007Z [1m[32m  Downloaded[0m unicode-linebreak v0.1.5
2025-07-18T19:02:54.1491373Z [1m[32m  Downloaded[0m gix-trace v0.1.13
2025-07-18T19:02:54.1527814Z [1m[32m  Downloaded[0m serde_path_to_error v0.1.17
2025-07-18T19:02:54.1561378Z [1m[32m  Downloaded[0m sha1 v0.10.6
2025-07-18T19:02:54.1592331Z [1m[32m  Downloaded[0m serde_spanned v0.6.9
2025-07-18T19:02:54.1608882Z [1m[32m  Downloaded[0m wyz v0.5.1
2025-07-18T19:02:54.1626671Z [1m[32m  Downloaded[0m sha2 v0.10.9
2025-07-18T19:02:54.1673311Z [1m[32m  Downloaded[0m serde_json v1.0.141
2025-07-18T19:02:54.1769176Z [1m[32m  Downloaded[0m socket2 v0.5.10
2025-07-18T19:02:54.1799845Z [1m[32m  Downloaded[0m swc_ecma_lints v17.0.0
2025-07-18T19:02:54.1850518Z [1m[32m  Downloaded[0m rustls-pki-types v1.12.0
2025-07-18T19:02:54.1908397Z [1m[32m  Downloaded[0m rustc-hash v2.1.1
2025-07-18T19:02:54.1931024Z [1m[32m  Downloaded[0m swc_ecma_parser v15.0.2
2025-07-18T19:02:54.1965526Z [1m[32m  Downloaded[0m swc_ecma_lexer v15.0.2
2025-07-18T19:02:54.2023863Z [1m[32m  Downloaded[0m url v2.5.4
2025-07-18T19:02:54.2052440Z [1m[32m  Downloaded[0m vcpkg v0.2.15
2025-07-18T19:02:54.2598222Z [1m[32m  Downloaded[0m swc_ecma_transforms_base v16.0.0
2025-07-18T19:02:54.2685636Z [1m[32m  Downloaded[0m rustls-webpki v0.103.4
2025-07-18T19:02:54.2718173Z [1m[32m  Downloaded[0m rustls v0.23.29
2025-07-18T19:02:54.2837645Z [1m[32m  Downloaded[0m icu_properties_data v2.0.1
2025-07-18T19:02:54.2936803Z [1m[32m  Downloaded[0m hyper v1.6.0
2025-07-18T19:02:54.3002460Z [1m[32m  Downloaded[0m rkyv v0.7.45
2025-07-18T19:02:54.3088259Z [1m[32m  Downloaded[0m unicode-width v0.2.1
2025-07-18T19:02:54.3144205Z [1m[32m  Downloaded[0m swc_ecma_minifier v21.0.4
2025-07-18T19:02:54.3223540Z [1m[32m  Downloaded[0m swc_ecma_visit v12.0.0
2025-07-18T19:02:54.3304609Z [1m[32m  Downloaded[0m walrus v0.23.3
2025-07-18T19:02:54.3362310Z [1m[32m  Downloaded[0m winnow v0.7.12
2025-07-18T19:02:54.3453145Z [1m[32m  Downloaded[0m unicode-width v0.1.14
2025-07-18T19:02:54.3507417Z [1m[32m  Downloaded[0m http v1.3.1
2025-07-18T19:02:54.3543743Z [1m[32m  Downloaded[0m zerovec v0.11.2
2025-07-18T19:02:54.3600068Z [1m[32m  Downloaded[0m swc_ecma_transforms_optimization v17.0.2
2025-07-18T19:02:54.3626277Z [1m[32m  Downloaded[0m hyper-util v0.1.15
2025-07-18T19:02:54.3684260Z [1m[32m  Downloaded[0m hashbrown v0.15.4
2025-07-18T19:02:54.3733846Z [1m[32m  Downloaded[0m zip v4.3.0
2025-07-18T19:02:54.3775355Z [1m[32m  Downloaded[0m unicode-segmentation v1.12.0
2025-07-18T19:02:54.3805428Z [1m[32m  Downloaded[0m yansi v1.0.1
2025-07-18T19:02:54.3830004Z [1m[32m  Downloaded[0m icu_collections v2.0.0
2025-07-18T19:02:54.3892718Z [1m[32m  Downloaded[0m gix-object v0.49.1
2025-07-18T19:02:54.3925825Z [1m[32m  Downloaded[0m rle-decode-fast v1.0.3
2025-07-18T19:02:54.3941473Z [1m[32m  Downloaded[0m serde_derive v1.0.219
2025-07-18T19:02:54.3968233Z [1m[32m  Downloaded[0m icu_provider v2.0.0
2025-07-18T19:02:54.3994872Z [1m[32m  Downloaded[0m icu_properties v2.0.1
2025-07-18T19:02:54.4016909Z [1m[32m  Downloaded[0m rustix v1.0.8
2025-07-18T19:02:54.4288018Z [1m[32m  Downloaded[0m icu_normalizer_data v2.0.0
2025-07-18T19:02:54.4308431Z [1m[32m  Downloaded[0m icu_normalizer v2.0.0
2025-07-18T19:02:54.4342091Z [1m[32m  Downloaded[0m icu_locale_core v2.0.0
2025-07-18T19:02:54.4412524Z [1m[32m  Downloaded[0m httparse v1.10.1
2025-07-18T19:02:54.4437946Z [1m[32m  Downloaded[0m heapless v0.8.0
2025-07-18T19:02:54.4478090Z [1m[32m  Downloaded[0m rstml v0.12.1
2025-07-18T19:02:54.4497861Z [1m[32m  Downloaded[0m writeable v0.6.1
2025-07-18T19:02:54.4516124Z [1m[32m  Downloaded[0m rkyv_derive v0.7.45
2025-07-18T19:02:54.4531521Z [1m[32m  Downloaded[0m rhai_codegen v2.2.0
2025-07-18T19:02:54.4619550Z [1m[32m  Downloaded[0m simdutf8 v0.1.5
2025-07-18T19:02:54.4642742Z [1m[32m  Downloaded[0m serde-value v0.7.0
2025-07-18T19:02:54.4653038Z [1m[32m  Downloaded[0m iana-time-zone v0.1.63
2025-07-18T19:02:54.4679901Z [1m[32m  Downloaded[0m hyper-rustls v0.27.7
2025-07-18T19:02:54.4704007Z [1m[32m  Downloaded[0m hstr v1.1.6
2025-07-18T19:02:54.4719614Z [1m[32m  Downloaded[0m home v0.5.11
2025-07-18T19:02:54.4729763Z [1m[32m  Downloaded[0m gix-path v0.10.19
2025-07-18T19:02:54.4746847Z [1m[32m  Downloaded[0m gix-lock v17.1.0
2025-07-18T19:02:54.4758947Z [1m[32m  Downloaded[0m zerotrie v0.2.2
2025-07-18T19:02:54.4794974Z [1m[32m  Downloaded[0m sha1-checked v0.10.0
2025-07-18T19:02:54.4854114Z [1m[32m  Downloaded[0m tracing v0.1.41
2025-07-18T19:02:54.4893461Z [1m[32m  Downloaded[0m vsimd v0.8.0
2025-07-18T19:02:54.4914332Z [1m[32m  Downloaded[0m ident_case v1.0.1
2025-07-18T19:02:54.4922968Z [1m[32m  Downloaded[0m id-arena v2.2.1
2025-07-18T19:02:54.4936936Z [1m[32m  Downloaded[0m walrus-macro v0.22.0
2025-07-18T19:02:54.4945242Z [1m[32m  Downloaded[0m unit-prefix v0.5.1
2025-07-18T19:02:54.4955500Z [1m[32m  Downloaded[0m unicode-xid v0.2.6
2025-07-18T19:02:54.4968806Z [1m[32m  Downloaded[0m swc_ecma_transforms_classes v16.0.0
2025-07-18T19:02:54.4977639Z [1m[32m  Downloaded[0m simd-adler32 v0.3.7
2025-07-18T19:02:54.4995570Z [1m[32m  Downloaded[0m simd-abstraction v0.7.1
2025-07-18T19:02:54.5008063Z [1m[32m  Downloaded[0m signal-hook-registry v1.4.5
2025-07-18T19:02:54.5019261Z [1m[32m  Downloaded[0m yoke v0.8.0
2025-07-18T19:02:54.5035930Z [1m[32m  Downloaded[0m httpdate v1.0.3
2025-07-18T19:02:54.5048070Z [1m[32m  Downloaded[0m http-body-util v0.1.3
2025-07-18T19:02:54.5066319Z [1m[32m  Downloaded[0m gix-hashtable v0.8.1
2025-07-18T19:02:54.5076698Z [1m[32m  Downloaded[0m zerovec-derive v0.11.1
2025-07-18T19:02:54.5091745Z [1m[32m  Downloaded[0m zerofrom-derive v0.1.6
2025-07-18T19:02:54.5101611Z [1m[32m  Downloaded[0m swc_node_comments v12.0.0
2025-07-18T19:02:54.5108973Z [1m[32m  Downloaded[0m vlq v0.5.1
2025-07-18T19:02:54.5121485Z [1m[32m  Downloaded[0m shlex v1.3.0
2025-07-18T19:02:54.5134151Z [1m[32m  Downloaded[0m yoke-derive v0.8.0
2025-07-18T19:02:54.5144080Z [1m[32m  Downloaded[0m xattr v1.5.1
2025-07-18T19:02:54.5162649Z [1m[32m  Downloaded[0m heck v0.5.0
2025-07-18T19:02:54.5175485Z [1m[32m  Downloaded[0m zeroize v1.8.1
2025-07-18T19:02:54.5188389Z [1m[32m  Downloaded[0m reqwest v0.12.22
2025-07-18T19:02:54.5270029Z [1m[32m  Downloaded[0m utf-8 v0.7.6
2025-07-18T19:02:54.5282289Z [1m[32m  Downloaded[0m untrusted v0.9.0
2025-07-18T19:02:54.5299082Z [1m[32m  Downloaded[0m swc_ecma_loader v12.0.0
2025-07-18T19:02:54.5325579Z [1m[32m  Downloaded[0m utf8_iter v1.0.4
2025-07-18T19:02:54.5335940Z [1m[32m  Downloaded[0m quote v1.0.40
2025-07-18T19:02:54.5362352Z [1m[32m  Downloaded[0m version_check v0.9.5
2025-07-18T19:02:54.5374974Z [1m[32m  Downloaded[0m smallvec v1.15.1
2025-07-18T19:02:54.5396276Z [1m[32m  Downloaded[0m slab v0.4.10
2025-07-18T19:02:54.5408781Z [1m[32m  Downloaded[0m siphasher v1.0.1
2025-07-18T19:02:54.5420897Z [1m[32m  Downloaded[0m swc_ecma_ext_transforms v16.0.0
2025-07-18T19:02:54.5428902Z [1m[32m  Downloaded[0m ring v0.17.14
2025-07-18T19:02:54.5850689Z [1m[32m  Downloaded[0m swc_ecma_compat_es2021 v16.0.0
2025-07-18T19:02:54.5858500Z [1m[32m  Downloaded[0m swc_ecma_compat_es2020 v17.0.0
2025-07-18T19:02:54.5867917Z [1m[32m  Downloaded[0m radium v0.7.0
2025-07-18T19:02:54.5878244Z [1m[32m  Downloaded[0m http-body v1.0.1
2025-07-18T19:02:54.5887134Z [1m[32m  Downloaded[0m zerofrom v0.1.6
2025-07-18T19:02:54.5895668Z [1m[32m  Downloaded[0m swc_eq_ignore_macros v1.0.1
2025-07-18T19:02:54.5902476Z [1m[32m  Downloaded[0m rustc-demangle v0.1.25
2025-07-18T19:02:54.5917658Z [1m[32m  Downloaded[0m inotify v0.11.0
2025-07-18T19:02:54.5936175Z [1m[32m  Downloaded[0m walkdir v2.5.0
2025-07-18T19:02:54.5954142Z [1m[32m  Downloaded[0m smartstring v1.0.1
2025-07-18T19:02:54.5975816Z [1m[32m  Downloaded[0m siphasher v0.3.11
2025-07-18T19:02:54.5987975Z [1m[32m  Downloaded[0m uuid v1.17.0
2025-07-18T19:02:54.6017469Z [1m[32m  Downloaded[0m utf8parse v0.2.2
2025-07-18T19:02:54.6026925Z [1m[32m  Downloaded[0m zerocopy v0.8.26
2025-07-18T19:02:54.6279267Z [1m[32m  Downloaded[0m swc_macros_common v1.0.1
2025-07-18T19:02:54.6289144Z [1m[32m  Downloaded[0m swc_error_reporters v14.0.0
2025-07-18T19:02:54.6302258Z [1m[32m  Downloaded[0m swc_ecma_transforms_module v18.0.0
2025-07-18T19:02:54.6321636Z [1m[32m  Downloaded[0m sharded-slab v0.1.7
2025-07-18T19:02:54.6354316Z [1m[32m  Downloaded[0m gix-validate v0.10.0
2025-07-18T19:02:54.6365382Z [1m[32m  Downloaded[0m tracing-subscriber v0.3.19
2025-07-18T19:02:54.6443988Z [1m[32m  Downloaded[0m tracing-attributes v0.1.30
2025-07-18T19:02:54.6470067Z [1m[32m  Downloaded[0m swc_ecma_transforms_macros v1.0.1
2025-07-18T19:02:54.6477853Z [1m[32m  Downloaded[0m swc_ecma_transforms_compat v18.0.0
2025-07-18T19:02:54.6487918Z [1m[32m  Downloaded[0m shell-words v1.1.0
2025-07-18T19:02:54.6496522Z [1m[32m  Downloaded[0m serde_spanned v1.0.0
2025-07-18T19:02:54.6507664Z [1m[32m  Downloaded[0m indicatif v0.18.0
2025-07-18T19:02:54.6545159Z [1m[32m  Downloaded[0m indexmap v2.10.0
2025-07-18T19:02:54.6585335Z [1m[32m  Downloaded[0m idna v1.0.3
2025-07-18T19:02:54.6620224Z [1m[32m  Downloaded[0m hashbrown v0.14.5
2025-07-18T19:02:54.6667970Z [1m[32m  Downloaded[0m hashbrown v0.12.3
2025-07-18T19:02:54.6705012Z [1m[32m  Downloaded[0m hash32 v0.3.1
2025-07-18T19:02:54.6719188Z [1m[32m  Downloaded[0m tracing-core v0.1.34
2025-07-18T19:02:54.6745524Z [1m[32m  Downloaded[0m tower-http v0.6.6
2025-07-18T19:02:54.6830657Z [1m[32m  Downloaded[0m tower v0.5.2
2025-07-18T19:02:54.6940343Z [1m[32m  Downloaded[0m toml_write v0.1.2
2025-07-18T19:02:54.6953060Z [1m[32m  Downloaded[0m hashbrown v0.13.2
2025-07-18T19:02:54.6991625Z [1m[32m  Downloaded[0m toml_parser v1.0.1
2025-07-18T19:02:54.7014670Z [1m[32m  Downloaded[0m tap v1.0.1
2025-07-18T19:02:54.7024206Z [1m[32m  Downloaded[0m swc v26.0.1
2025-07-18T19:02:54.7045723Z [1m[32m  Downloaded[0m regress v0.10.4
2025-07-18T19:02:54.7123078Z [1m[32m  Downloaded[0m regex-syntax v0.8.5
2025-07-18T19:02:54.7190433Z [1m[32m  Downloaded[0m regex-automata v0.4.9
2025-07-18T19:02:54.7340767Z [1m[32m  Downloaded[0m regex v1.11.1
2025-07-18T19:02:54.7476258Z [1m[32m  Downloaded[0m gimli v0.31.1
2025-07-18T19:02:54.7544436Z [1m[32m  Downloaded[0m serde_urlencoded v0.7.1
2025-07-18T19:02:54.7560761Z [1m[32m  Downloaded[0m indenter v0.3.3
2025-07-18T19:02:54.7572110Z [1m[32m  Downloaded[0m idna_adapter v1.2.1
2025-07-18T19:02:54.7581256Z [1m[32m  Downloaded[0m globset v0.4.16
2025-07-18T19:02:54.7595446Z [1m[32m  Downloaded[0m gix-utils v0.3.0
2025-07-18T19:02:54.7606755Z [1m[32m  Downloaded[0m unicode-normalization v0.1.24
2025-07-18T19:02:54.7640272Z [1m[32m  Downloaded[0m rayon-core v1.12.1
2025-07-18T19:02:54.7677082Z [1m[32m  Downloaded[0m rayon v1.10.0
2025-07-18T19:02:54.7770704Z [1m[32m  Downloaded[0m rand v0.9.1
2025-07-18T19:02:54.7808120Z [1m[32m  Downloaded[0m rand v0.8.5
2025-07-18T19:02:54.7842080Z [1m[32m  Downloaded[0m gix-config v0.45.1
2025-07-18T19:02:54.7885969Z [1m[32m  Downloaded[0m indexmap v1.9.3
2025-07-18T19:02:54.7916976Z [1m[32m  Downloaded[0m ignore v0.4.23
2025-07-18T19:02:54.7938176Z [1m[32m  Downloaded[0m if_chain v1.0.2
2025-07-18T19:02:54.7948244Z [1m[32m  Downloaded[0m gix-tempfile v17.1.0
2025-07-18T19:02:54.7961275Z [1m[32m  Downloaded[0m gix-ref v0.52.1
2025-07-18T19:02:54.8004633Z [1m[32m  Downloaded[0m unicode-ident v1.0.18
2025-07-18T19:02:54.8031894Z [1m[32m  Downloaded[0m swc_sourcemap v9.3.2
2025-07-18T19:02:54.8055110Z [1m[32m  Downloaded[0m swc_allocator v4.0.1
2025-07-18T19:02:54.8069776Z [1m[32m  Downloaded[0m static-map-macro v0.3.4
2025-07-18T19:02:54.8077580Z [1m[32m  Downloaded[0m zlib-rs v0.5.1
2025-07-18T19:02:54.8125190Z [1m[32m  Downloaded[0m gix-sec v0.11.0
2025-07-18T19:02:54.8136649Z [1m[32m  Downloaded[0m swc_timer v1.0.0
2025-07-18T19:02:54.8143462Z [1m[32m  Downloaded[0m subtle v2.6.1
2025-07-18T19:02:54.8155222Z [1m[32m  Downloaded[0m strsim v0.11.1
2025-07-18T19:02:54.8168003Z [1m[32m  Downloaded[0m static_assertions v1.1.0
2025-07-18T19:02:54.8181839Z [1m[32m  Downloaded[0m rand_core v0.9.3
2025-07-18T19:02:54.8195341Z [1m[32m  Downloaded[0m rand_core v0.6.4
2025-07-18T19:02:54.8208391Z [1m[32m  Downloaded[0m rand_chacha v0.9.0
2025-07-18T19:02:54.8219488Z [1m[32m  Downloaded[0m radix_fmt v1.0.0
2025-07-18T19:02:54.8227506Z [1m[32m  Downloaded[0m erased-serde v0.4.6
2025-07-18T19:02:54.8249958Z [1m[32m  Downloaded[0m dunce v1.0.5
2025-07-18T19:02:54.8258346Z [1m[32m  Downloaded[0m tracing-error v0.2.1
2025-07-18T19:02:54.8268107Z [1m[32m  Downloaded[0m swc_ecma_compat_es2018 v16.0.0
2025-07-18T19:02:54.8279096Z [1m[32m  Downloaded[0m string_enum v1.0.2
2025-07-18T19:02:54.8286076Z [1m[32m  Downloaded[0m rend v0.4.2
2025-07-18T19:02:54.8299207Z [1m[32m  Downloaded[0m remove_dir_all v1.0.0
2025-07-18T19:02:54.8313087Z [1m[32m  Downloaded[0m gix-config-value v0.15.1
2025-07-18T19:02:54.8325250Z [1m[32m  Downloaded[0m gix-actor v0.35.2
2025-07-18T19:02:54.8336567Z [1m[32m  Downloaded[0m env_logger v0.11.8
2025-07-18T19:02:54.8361076Z [1m[32m  Downloaded[0m env_filter v0.1.3
2025-07-18T19:02:54.8373777Z [1m[32m  Downloaded[0m dtoa-short v0.3.5
2025-07-18T19:02:54.8381046Z [1m[32m  Downloaded[0m dtoa v1.0.10
2025-07-18T19:02:54.8395330Z [1m[32m  Downloaded[0m rand_chacha v0.3.1
2025-07-18T19:02:54.8405910Z [1m[32m  Downloaded[0m gix-glob v0.20.1
2025-07-18T19:02:54.8418566Z [1m[32m  Downloaded[0m gix-features v0.42.1
2025-07-18T19:02:54.8442754Z [1m[32m  Downloaded[0m gix-date v0.10.3
2025-07-18T19:02:54.8455190Z [1m[32m  Downloaded[0m errno v0.3.13
2025-07-18T19:02:54.8469634Z [1m[32m  Downloaded[0m equivalent v1.0.2
2025-07-18T19:02:54.8479000Z [1m[32m  Downloaded[0m displaydoc v0.2.5
2025-07-18T19:02:54.8508356Z [1m[32m  Downloaded[0m gix-fs v0.15.0
2025-07-18T19:02:54.8522507Z [1m[32m  Downloaded[0m rhai v1.22.2
2025-07-18T19:02:54.8634989Z [1m[32m  Downloaded[0m env_home v0.1.0
2025-07-18T19:02:54.8644939Z [1m[32m  Downloaded[0m dotenvy v0.15.7
2025-07-18T19:02:54.8671613Z [1m[32m  Downloaded[0m zopfli v0.8.2
2025-07-18T19:02:54.8693768Z [1m[32m  Downloaded[0m toml v0.9.2
2025-07-18T19:02:54.8733356Z [1m[32m  Downloaded[0m tinystr v0.8.1
2025-07-18T19:02:54.8752091Z [1m[32m  Downloaded[0m tiny-keccak v2.0.2
2025-07-18T19:02:54.8775789Z [1m[32m  Downloaded[0m terminal-prompt v0.2.3
2025-07-18T19:02:54.8787999Z [1m[32m  Downloaded[0m toml v0.8.23
2025-07-18T19:02:54.8811243Z [1m[32m  Downloaded[0m tinyvec_macros v0.1.1
2025-07-18T19:02:54.8818816Z [1m[32m  Downloaded[0m tinyvec v1.9.0
2025-07-18T19:02:54.8847783Z [1m[32m  Downloaded[0m thiserror-impl v2.0.12
2025-07-18T19:02:54.8861385Z [1m[32m  Downloaded[0m thiserror v1.0.69
2025-07-18T19:02:54.8916366Z [1m[32m  Downloaded[0m swc_ecma_ast v12.0.0
2025-07-18T19:02:54.8937189Z [1m[32m  Downloaded[0m swc_common v12.0.1
2025-07-18T19:02:54.8979668Z [1m[32m  Downloaded[0m tempfile v3.19.1
2025-07-18T19:02:54.9006448Z [1m[32m  Downloaded[0m target-lexicon v0.13.2
2025-07-18T19:02:54.9026621Z [1m[32m  Downloaded[0m time-macros v0.2.22
2025-07-18T19:02:54.9048121Z [1m[32m  Downloaded[0m thin-vec v0.2.14
2025-07-18T19:02:54.9061932Z [1m[32m  Downloaded[0m terminal_size v0.4.2
2025-07-18T19:02:54.9074603Z [1m[32m  Downloaded[0m swc_ecma_compat_common v16.0.0
2025-07-18T19:02:54.9082456Z [1m[32m  Downloaded[0m swc_ecma_compat_bugfixes v17.0.0
2025-07-18T19:02:54.9092445Z [1m[32m  Downloaded[0m quinn-proto v0.11.12
2025-07-18T19:02:54.9189599Z [1m[32m  Downloaded[0m thiserror-impl v1.0.69
2025-07-18T19:02:54.9207129Z [1m[32m  Downloaded[0m thiserror v2.0.12
2025-07-18T19:02:54.9301801Z [1m[32m  Downloaded[0m tar v0.4.44
2025-07-18T19:02:54.9338190Z [1m[32m  Downloaded[0m swc_ecma_compat_es2015 v17.0.0
2025-07-18T19:02:54.9368755Z [1m[32m  Downloaded[0m serde-untagged v0.1.7
2025-07-18T19:02:54.9384786Z [1m[32m  Downloaded[0m ptr_meta_derive v0.1.4
2025-07-18T19:02:54.9391259Z [1m[32m  Downloaded[0m openssl-src v300.5.1+3.5.1
2025-07-18T19:02:55.2779628Z [1m[32m  Downloaded[0m swc_ecma_codegen v14.0.0
2025-07-18T19:02:55.2803505Z [1m[32m  Downloaded[0m swc_ecma_compat_es2016 v16.0.0
2025-07-18T19:02:55.2812619Z [1m[32m  Downloaded[0m swc_config v3.1.1
2025-07-18T19:02:55.2828290Z [1m[32m  Downloaded[0m swc_compiler_base v23.0.2
2025-07-18T19:02:55.2836950Z [1m[32m  Downloaded[0m getrandom v0.2.16
2025-07-18T19:02:55.2865571Z [1m[32m  Downloaded[0m wasmparser v0.206.0
2025-07-18T19:02:55.2927586Z [1m[32m  Downloaded[0m wasm-encoder v0.214.0
2025-07-18T19:02:55.2959263Z [1m[32m  Downloaded[0m wasm-bindgen-wasm-conventions v0.2.100
2025-07-18T19:02:55.2966931Z [1m[32m  Downloaded[0m unicode-id-start v1.3.1
2025-07-18T19:02:55.2994986Z [1m[32m  Downloaded[0m lightningcss v1.0.0-alpha.67
2025-07-18T19:02:55.3333148Z [1m[32m  Downloaded[0m quinn v0.11.8
2025-07-18T19:02:55.3366178Z [1m[32m  Downloaded[0m webpki-***s v1.0.2
2025-07-18T19:02:55.3400115Z [1m[32m  Downloaded[0m wasmparser v0.214.0
2025-07-18T19:02:55.3470961Z [1m[32m  Downloaded[0m petgraph v0.7.1
2025-07-18T19:02:55.3654267Z [1m[32m  Downloaded[0m object v0.36.7
2025-07-18T19:02:55.3761249Z [1m[32m  Downloaded[0m libz-sys v1.1.22
2025-07-18T19:02:55.3976978Z [1m[32m  Downloaded[0m time-core v0.1.4
2025-07-18T19:02:55.3987507Z [1m[32m  Downloaded[0m powerfmt v0.2.0
2025-07-18T19:02:55.3998237Z [1m[32m  Downloaded[0m portable-atomic v1.11.1
2025-07-18T19:02:55.4067022Z [1m[32m  Downloaded[0m path-clean v0.1.0
2025-07-18T19:02:55.4074923Z [1m[32m  Downloaded[0m openssl v0.10.73
2025-07-18T19:02:55.4166081Z [1m[32m  Downloaded[0m nix v0.29.0
2025-07-18T19:02:55.4277903Z [1m[32m  Downloaded[0m miette-derive v7.6.0
2025-07-18T19:02:55.4291852Z [1m[32m  Downloaded[0m sanitize-filename v0.6.0
2025-07-18T19:02:55.4299985Z [1m[32m  Downloaded[0m quinn-udp v0.5.13
2025-07-18T19:02:55.4316867Z [1m[32m  Downloaded[0m getrandom v0.3.3
2025-07-18T19:02:55.4350027Z [1m[32m  Downloaded[0m which v8.0.0
2025-07-18T19:02:55.4366975Z [1m[32m  Downloaded[0m unicode-id v0.3.5
2025-07-18T19:02:55.4380797Z [1m[32m  Downloaded[0m tokio-tungstenite v0.26.2
2025-07-18T19:02:55.4400412Z [1m[32m  Downloaded[0m tokio-rustls v0.26.2
2025-07-18T19:02:55.4420069Z [1m[32m  Downloaded[0m proc-macro-error-attr2 v2.0.0
2025-07-18T19:02:55.4428369Z [1m[32m  Downloaded[0m pin-utils v0.1.0
2025-07-18T19:02:55.4439632Z [1m[32m  Downloaded[0m pest_generator v2.8.1
2025-07-18T19:02:55.4451979Z [1m[32m  Downloaded[0m pest v2.8.1
2025-07-18T19:02:55.4498529Z [1m[32m  Downloaded[0m pathdiff v0.2.3
2025-07-18T19:02:55.4507554Z [1m[32m  Downloaded[0m parcel_sourcemap v2.1.1
2025-07-18T19:02:55.4516825Z [1m[32m  Downloaded[0m parcel_selectors v0.28.2
2025-07-18T19:02:55.4535557Z [1m[32m  Downloaded[0m ordered-float v2.10.1
2025-07-18T19:02:55.4548663Z [1m[32m  Downloaded[0m openssl-sys v0.9.109
2025-07-18T19:02:55.4600704Z [1m[32m  Downloaded[0m once_cell v1.21.3
2025-07-18T19:02:55.4625114Z [1m[32m  Downloaded[0m num-bigint v0.4.6
2025-07-18T19:02:55.4671146Z [1m[32m  Downloaded[0m nu-ansi-term v0.50.1
2025-07-18T19:02:55.4694533Z [1m[32m  Downloaded[0m notify-types v2.0.0
2025-07-18T19:02:55.4726667Z [1m[32m  Downloaded[0m notify v8.1.0
2025-07-18T19:02:55.4743445Z [1m[32m  Downloaded[0m nom v7.1.3
2025-07-18T19:02:55.4793925Z [1m[32m  Downloaded[0m names v0.14.0
2025-07-18T19:02:55.4822318Z [1m[32m  Downloaded[0m mio v1.0.4
2025-07-18T19:02:55.4879843Z [1m[32m  Downloaded[0m miniz_oxide v0.8.9
2025-07-18T19:02:55.4904070Z [1m[32m  Downloaded[0m minimal-lexical v0.2.1
2025-07-18T19:02:55.4948302Z [1m[32m  Downloaded[0m miette v7.6.0
2025-07-18T19:02:55.4992458Z [1m[32m  Downloaded[0m memchr v2.7.5
2025-07-18T19:02:55.5045627Z [1m[32m  Downloaded[0m matchit v0.8.4
2025-07-18T19:02:55.5066670Z [1m[32m  Downloaded[0m scopeguard v1.2.0
2025-07-18T19:02:55.5078421Z [1m[32m  Downloaded[0m wasm-bindgen-wasm-interpreter v0.2.100
2025-07-18T19:02:55.5086449Z [1m[32m  Downloaded[0m tower-layer v0.3.3
2025-07-18T19:02:55.5095517Z [1m[32m  Downloaded[0m preset_env_base v3.0.2
2025-07-18T19:02:55.5103669Z [1m[32m  Downloaded[0m pin-project-lite v0.2.16
2025-07-18T19:02:55.5160106Z [1m[32m  Downloaded[0m phf_shared v0.11.3
2025-07-18T19:02:55.5168767Z [1m[32m  Downloaded[0m pest_meta v2.8.1
2025-07-18T19:02:55.5188086Z [1m[32m  Downloaded[0m percent-encoding v2.3.1
2025-07-18T19:02:55.5195400Z [1m[32m  Downloaded[0m path-clean v1.0.1
2025-07-18T19:02:55.5205505Z [1m[32m  Downloaded[0m openssl-macros v0.1.1
2025-07-18T19:02:55.5212486Z [1m[32m  Downloaded[0m semver v1.0.26
2025-07-18T19:02:55.5235590Z [1m[32m  Downloaded[0m seahash v4.1.0
2025-07-18T19:02:55.5250592Z [1m[32m  Downloaded[0m prodash v29.0.2
2025-07-18T19:02:55.5289728Z [1m[32m  Downloaded[0m is-macro v0.3.7
2025-07-18T19:02:55.5300986Z [1m[32m  Downloaded[0m flexi_logger v0.30.2
2025-07-18T19:02:55.5394879Z [1m[32m  Downloaded[0m ppv-lite86 v0.2.21
2025-07-18T19:02:55.5407103Z [1m[32m  Downloaded[0m potential_utf v0.1.2
2025-07-18T19:02:55.5416741Z [1m[32m  Downloaded[0m paste v1.0.15
2025-07-18T19:02:55.5447862Z [1m[32m  Downloaded[0m notify-debouncer-full v0.5.0
2025-07-18T19:02:55.5477188Z [1m[32m  Downloaded[0m rustversion v1.0.21
2025-07-18T19:02:55.5507746Z [1m[32m  Downloaded[0m proc-macro2-diagnostics v0.10.1
2025-07-18T19:02:55.5523782Z [1m[32m  Downloaded[0m proc-macro2 v1.0.95
2025-07-18T19:02:55.5549140Z [1m[32m  Downloaded[0m iri-string v0.7.8
2025-07-18T19:02:55.5617793Z [1m[32m  Downloaded[0m flate2 v1.1.2
2025-07-18T19:02:55.5664128Z [1m[32m  Downloaded[0m owo-colors v4.2.2
2025-07-18T19:02:55.5693087Z [1m[32m  Downloaded[0m option-ext v0.2.0
2025-07-18T19:02:55.5701010Z [1m[32m  Downloaded[0m psm v0.1.26
2025-07-18T19:02:55.5730274Z [1m[32m  Downloaded[0m futures-util v0.3.31
2025-07-18T19:02:55.5858615Z [1m[32m  Downloaded[0m foreign-types v0.3.2
2025-07-18T19:02:55.5865458Z [1m[32m  Downloaded[0m precomputed-hash v0.1.1
2025-07-18T19:02:55.5871265Z [1m[32m  Downloaded[0m pkg-config v0.3.32
2025-07-18T19:02:55.5886086Z [1m[32m  Downloaded[0m phf_macros v0.11.3
2025-07-18T19:02:55.5895240Z [1m[32m  Downloaded[0m phf_codegen v0.11.3
2025-07-18T19:02:55.5904344Z [1m[32m  Downloaded[0m phf v0.11.3
2025-07-18T19:02:55.5916176Z [1m[32m  Downloaded[0m openssl-probe v0.1.6
2025-07-18T19:02:55.5926719Z [1m[32m  Downloaded[0m normpath v1.3.0
2025-07-18T19:02:55.5944112Z [1m[32m  Downloaded[0m is_terminal_polyfill v1.70.1
2025-07-18T19:02:55.5952632Z [1m[32m  Downloaded[0m ipnet v2.11.0
2025-07-18T19:02:55.5968040Z [1m[32m  Downloaded[0m phf_generator v0.11.3
2025-07-18T19:02:55.5978975Z [1m[32m  Downloaded[0m pest_derive v2.8.1
2025-07-18T19:02:55.6002331Z [1m[32m  Downloaded[0m parking_lot_core v0.9.11
2025-07-18T19:02:55.6022549Z [1m[32m  Downloaded[0m par-core v1.0.4
2025-07-18T19:02:55.6029011Z [1m[32m  Downloaded[0m outref v0.5.2
2025-07-18T19:02:55.6040139Z [1m[32m  Downloaded[0m outref v0.1.0
2025-07-18T19:02:55.6047411Z [1m[32m  Downloaded[0m num_cpus v1.17.0
2025-07-18T19:02:55.6078283Z [1m[32m  Downloaded[0m num-traits v0.2.19
2025-07-18T19:02:55.6103196Z [1m[32m  Downloaded[0m num-integer v0.1.46
2025-07-18T19:02:55.6118322Z [1m[32m  Downloaded[0m num-conv v0.1.0
2025-07-18T19:02:55.6126050Z [1m[32m  Downloaded[0m new_debug_unreachable v1.0.6
2025-07-18T19:02:55.6135758Z [1m[32m  Downloaded[0m mime v0.3.17
2025-07-18T19:02:55.6147991Z [1m[32m  Downloaded[0m memmap2 v0.9.7
2025-07-18T19:02:55.6164208Z [1m[32m  Downloaded[0m md-5 v0.10.6
2025-07-18T19:02:55.6178877Z [1m[32m  Downloaded[0m matches v0.1.10
2025-07-18T19:02:55.6186333Z [1m[32m  Downloaded[0m futures-task v0.3.31
2025-07-18T19:02:55.6197109Z [1m[32m  Downloaded[0m foldhash v0.1.5
2025-07-18T19:02:55.6209068Z [1m[32m  Downloaded[0m filetime v0.2.25
2025-07-18T19:02:55.6224584Z [1m[32m  Downloaded[0m file-id v0.2.2
2025-07-18T19:02:55.6234014Z [1m[32m  Downloaded[0m fastrand v2.3.0
2025-07-18T19:02:55.6246222Z [1m[32m  Downloaded[0m faster-hex v0.10.0
2025-07-18T19:02:55.6260566Z [1m[32m  Downloaded[0m eyre v0.6.12
2025-07-18T19:02:55.6293385Z [1m[32m  Downloaded[0m linux-raw-sys v0.9.4
2025-07-18T19:02:55.6791859Z [1m[32m  Downloaded[0m ptr_meta v0.1.4
2025-07-18T19:02:55.6800313Z [1m[32m  Downloaded[0m proc-macro-error2 v2.0.1
2025-07-18T19:02:55.6832866Z [1m[32m  Downloaded[0m generic-array v0.14.7
2025-07-18T19:02:55.6846519Z [1m[32m  Downloaded[0m futures-io v0.3.31
2025-07-18T19:02:55.6854873Z [1m[32m  Downloaded[0m futures-channel v0.3.31
2025-07-18T19:02:55.6873064Z [1m[32m  Downloaded[0m funty v2.0.0
2025-07-18T19:02:55.6880762Z [1m[32m  Downloaded[0m fs_at v0.2.1
2025-07-18T19:02:55.6899157Z [1m[32m  Downloaded[0m from_variant v2.0.2
2025-07-18T19:02:55.6905318Z [1m[32m  Downloaded[0m form_urlencoded v1.2.1
2025-07-18T19:02:55.6913180Z [1m[32m  Downloaded[0m fnv v1.0.7
2025-07-18T19:02:55.6921835Z [1m[32m  Downloaded[0m fixedbitset v0.5.7
2025-07-18T19:02:55.6940710Z [1m[32m  Downloaded[0m wasm-bindgen-cli-support v0.2.100
2025-07-18T19:02:55.6969839Z [1m[32m  Downloaded[0m typenum v1.18.0
2025-07-18T19:02:55.7000904Z [1m[32m  Downloaded[0m tokio v1.46.1
2025-07-18T19:02:55.7403884Z [1m[32m  Downloaded[0m lock_api v0.4.13
2025-07-18T19:02:55.7417065Z [1m[32m  Downloaded[0m libgit2-sys v0.18.2+1.9.1
2025-07-18T19:02:55.8025688Z [1m[32m  Downloaded[0m futures-core v0.3.31
2025-07-18T19:02:55.8038897Z [1m[32m  Downloaded[0m fs-err v3.1.1
2025-07-18T19:02:55.8058037Z [1m[32m  Downloaded[0m foreign-types-shared v0.1.1
2025-07-18T19:02:55.8064817Z [1m[32m  Downloaded[0m fallible-iterator v0.2.0
2025-07-18T19:02:55.8076774Z [1m[32m  Downloaded[0m wasm-bindgen-threads-xform v0.2.100
2025-07-18T19:02:55.8085384Z [1m[32m  Downloaded[0m wasm-bindgen-shared v0.2.100
2025-07-18T19:02:55.8094947Z [1m[32m  Downloaded[0m wasm-bindgen-multi-value-xform v0.2.100
2025-07-18T19:02:55.8103484Z [1m[32m  Downloaded[0m wasm-bindgen-externref-xform v0.2.100
2025-07-18T19:02:55.8112407Z [1m[32m  Downloaded[0m want v0.3.1
2025-07-18T19:02:55.8121406Z [1m[32m  Downloaded[0m unicode-bom v2.0.3
2025-07-18T19:02:55.8133820Z [1m[32m  Downloaded[0m ucd-trie v0.1.7
2025-07-18T19:02:55.8147887Z [1m[32m  Downloaded[0m typeid v1.0.3
2025-07-18T19:02:55.8160100Z [1m[32m  Downloaded[0m typed-arena v2.0.2
2025-07-18T19:02:55.8172127Z [1m[32m  Downloaded[0m tungstenite v0.26.2
2025-07-18T19:02:55.8205060Z [1m[32m  Downloaded[0m try-lock v0.2.5
2025-07-18T19:02:55.8213940Z [1m[32m  Downloaded[0m triomphe v0.1.14
2025-07-18T19:02:55.8231899Z [1m[32m  Downloaded[0m tokio-macros v2.5.0
2025-07-18T19:02:55.8241283Z [1m[32m  Downloaded[0m time v0.3.41
2025-07-18T19:02:55.8320151Z [1m[32m  Downloaded[0m syn v2.0.104
2025-07-18T19:02:55.8424014Z [1m[32m  Downloaded[0m syn v1.0.109
2025-07-18T19:02:55.8516943Z [1m[32m  Downloaded[0m swc_ecma_preset_env v21.0.0
2025-07-18T19:02:55.8553900Z [1m[32m  Downloaded[0m color-eyre v0.6.5
2025-07-18T19:02:55.8626228Z [1m[32m  Downloaded[0m brotli v8.0.1
2025-07-18T19:02:55.8771677Z [1m[32m  Downloaded[0m synstructure v0.13.2
2025-07-18T19:02:55.8781953Z [1m[32m  Downloaded[0m sync_wrapper v1.0.2
2025-07-18T19:02:55.8790067Z [1m[32m  Downloaded[0m syn_derive v0.2.0
2025-07-18T19:02:55.8797425Z [1m[32m  Downloaded[0m swc_visit v2.0.1
2025-07-18T19:02:55.8806064Z [1m[32m  Downloaded[0m swc_ecma_utils v16.0.0
2025-07-18T19:02:55.8824968Z [1m[32m  Downloaded[0m swc_ecma_usage_analyzer v17.0.2
2025-07-18T19:02:55.8839100Z [1m[32m  Downloaded[0m swc_ecma_transforms_typescript v18.0.0
2025-07-18T19:02:55.8854060Z [1m[32m  Downloaded[0m swc_ecma_transforms_react v18.0.0
2025-07-18T19:02:55.8878120Z [1m[32m  Downloaded[0m swc_ecma_transforms_proposal v16.0.0
2025-07-18T19:02:55.8894842Z [1m[32m  Downloaded[0m swc_ecma_transforms v20.0.0
2025-07-18T19:02:55.8904330Z [1m[32m  Downloaded[0m swc_ecma_compat_es2022 v17.0.0
2025-07-18T19:02:55.8918961Z [1m[32m  Downloaded[0m liquid-core v0.26.11
2025-07-18T19:02:55.8964785Z [1m[32m  Downloaded[0m libflate v2.1.0
2025-07-18T19:02:55.8997001Z [1m[32m  Downloaded[0m derive_builder v0.20.2
2025-07-18T19:02:55.9046739Z [1m[32m  Downloaded[0m chrono v0.4.41
2025-07-18T19:02:55.9112351Z [1m[32m  Downloaded[0m cargo-generate v0.23.4
2025-07-18T19:02:55.9181067Z [1m[32m  Downloaded[0m bstr v1.12.0
2025-07-18T19:02:55.9258967Z [1m[32m  Downloaded[0m browserslist-rs v0.18.2
2025-07-18T19:02:55.9830378Z [1m[32m  Downloaded[0m brotli-decompressor v5.0.0
2025-07-18T19:02:55.9888287Z [1m[32m  Downloaded[0m bitvec v1.0.1
2025-07-18T19:02:56.0053019Z [1m[32m  Downloaded[0m base64 v0.22.1
2025-07-18T19:02:56.0090564Z [1m[32m  Downloaded[0m derive_more v2.0.1
2025-07-18T19:02:56.0186050Z [1m[32m  Downloaded[0m derive_builder_core v0.20.2
2025-07-18T19:02:56.0206771Z [1m[32m  Downloaded[0m derive-where v1.5.0
2025-07-18T19:02:56.0246194Z [1m[32m  Downloaded[0m dashmap v5.5.3
2025-07-18T19:02:56.0270179Z [1m[32m  Downloaded[0m darling_core v0.20.11
2025-07-18T19:02:56.0320903Z [1m[32m  Downloaded[0m cssparser v0.33.0
2025-07-18T19:02:56.0345686Z [1m[32m  Downloaded[0m crc32fast v1.5.0
2025-07-18T19:02:56.0364223Z [1m[32m  Downloaded[0m clap_builder v4.5.41
2025-07-18T19:02:56.0426690Z [1m[32m  Downloaded[0m bumpalo v3.19.0
2025-07-18T19:02:56.0452640Z [1m[32m  Downloaded[0m base64-simd v0.7.0
2025-07-18T19:02:56.0464072Z [1m[32m  Downloaded[0m axum v0.8.4
2025-07-18T19:02:56.0545262Z [1m[32m  Downloaded[0m ascii v1.1.0
2025-07-18T19:02:56.0563964Z [1m[32m  Downloaded[0m libc v0.2.174
2025-07-18T19:02:56.0829201Z [1m[32m  Downloaded[0m base64-simd v0.8.0
2025-07-18T19:02:56.0907175Z [1m[32m  Downloaded[0m liquid-lib v0.26.11
2025-07-18T19:02:56.0957543Z [1m[32m  Downloaded[0m dirs v6.0.0
2025-07-18T19:02:56.0970536Z [1m[32m  Downloaded[0m derive_more-impl v2.0.1
2025-07-18T19:02:56.1018927Z [1m[32m  Downloaded[0m deranged v0.4.0
2025-07-18T19:02:56.1032269Z [1m[32m  Downloaded[0m dary_heap v0.3.7
2025-07-18T19:02:56.1042530Z [1m[32m  Downloaded[0m cssparser-macros v0.6.1
2025-07-18T19:02:56.1048673Z [1m[32m  Downloaded[0m core2 v0.4.0
2025-07-18T19:02:56.1067154Z [1m[32m  Downloaded[0m console v0.15.11
2025-07-18T19:02:56.1096658Z [1m[32m  Downloaded[0m compact_str v0.7.1
2025-07-18T19:02:56.1122932Z [1m[32m  Downloaded[0m ast_node v3.0.3
2025-07-18T19:02:56.1130963Z [1m[32m  Downloaded[0m leptos_hot_reload v0.8.3
2025-07-18T19:02:56.1141924Z [1m[32m  Downloaded[0m jsonc-parser v0.26.2
2025-07-18T19:02:56.1188915Z [1m[32m  Downloaded[0m itertools v0.14.0
2025-07-18T19:02:56.1257107Z [1m[32m  Downloaded[0m dialoguer v0.11.0
2025-07-18T19:02:56.1290836Z [1m[32m  Downloaded[0m data-url v0.1.1
2025-07-18T19:02:56.1304387Z [1m[32m  Downloaded[0m data-encoding v2.9.0
2025-07-18T19:02:56.1313838Z [1m[32m  Downloaded[0m darling_macro v0.20.11
2025-07-18T19:02:56.1320177Z [1m[32m  Downloaded[0m cvt v0.1.2
2025-07-18T19:02:56.1329294Z [1m[32m  Downloaded[0m convert_case v0.6.0
2025-07-18T19:02:56.1342052Z [1m[32m  Downloaded[0m const-str-proc-macro v0.3.2
2025-07-18T19:02:56.1349962Z [1m[32m  Downloaded[0m const-str v0.3.2
2025-07-18T19:02:56.1373845Z [1m[32m  Downloaded[0m cc v1.2.30
2025-07-18T19:02:56.1408133Z [1m[32m  Downloaded[0m cargo-config2 v0.1.35
2025-07-18T19:02:56.1445680Z [1m[32m  Downloaded[0m bytes v1.10.1
2025-07-18T19:02:56.1485979Z [1m[32m  Downloaded[0m lazy_static v1.5.0
2025-07-18T19:02:56.1503098Z [1m[32m  Downloaded[0m jiff-static v0.2.15
2025-07-18T19:02:56.1526032Z [1m[32m  Downloaded[0m digest v0.10.7
2025-07-18T19:02:56.1543416Z [1m[32m  Downloaded[0m derive_builder_macro v0.20.2
2025-07-18T19:02:56.1551186Z [1m[32m  Downloaded[0m debugid v0.8.0
2025-07-18T19:02:56.1562765Z [1m[32m  Downloaded[0m darling v0.20.11
2025-07-18T19:02:56.1610930Z [1m[32m  Downloaded[0m cssparser-color v0.1.0
2025-07-18T19:02:56.1617762Z [1m[32m  Downloaded[0m crypto-common v0.1.6
2025-07-18T19:02:56.1625796Z [1m[32m  Downloaded[0m crunchy v0.2.4
2025-07-18T19:02:56.1633710Z [1m[32m  Downloaded[0m crossbeam-utils v0.8.21
2025-07-18T19:02:56.1659757Z [1m[32m  Downloaded[0m crossbeam-epoch v0.9.18
2025-07-18T19:02:56.1683492Z [1m[32m  Downloaded[0m crossbeam-deque v0.8.6
2025-07-18T19:02:56.1696538Z [1m[32m  Downloaded[0m cpufeatures v0.2.17
2025-07-18T19:02:56.1710185Z [1m[32m  Downloaded[0m const-random-macro v0.1.16
2025-07-18T19:02:56.1717653Z [1m[32m  Downloaded[0m const-random v0.1.18
2025-07-18T19:02:56.1727753Z [1m[32m  Downloaded[0m console v0.16.0
2025-07-18T19:02:56.1756886Z [1m[32m  Downloaded[0m clap_lex v0.7.5
2025-07-18T19:02:56.1767048Z [1m[32m  Downloaded[0m clap v4.5.41
2025-07-18T19:02:56.1855621Z [1m[32m  Downloaded[0m cfg_aliases v0.2.1
2025-07-18T19:02:56.1864464Z [1m[32m  Downloaded[0m castaway v0.2.4
2025-07-18T19:02:56.1878508Z [1m[32m  Downloaded[0m cargo_metadata v0.20.0
2025-07-18T19:02:56.1896442Z [1m[32m  Downloaded[0m cargo-util-schemas v0.2.0
2025-07-18T19:02:56.1909523Z [1m[32m  Downloaded[0m cargo-platform v0.2.0
2025-07-18T19:02:56.1921007Z [1m[32m  Downloaded[0m bytecheck_derive v0.6.12
2025-07-18T19:02:56.1927580Z [1m[32m  Downloaded[0m bytecheck v0.6.12
2025-07-18T19:02:56.1936436Z [1m[32m  Downloaded[0m axum-core v0.5.2
2025-07-18T19:02:56.1958039Z [1m[32m  Downloaded[0m autocfg v1.5.0
2025-07-18T19:02:56.1976210Z [1m[32m  Downloaded[0m log v0.4.27
2025-07-18T19:02:56.1998544Z [1m[32m  Downloaded[0m lightningcss-derive v1.0.0-alpha.43
2025-07-18T19:02:56.2005916Z [1m[32m  Downloaded[0m libflate_lz77 v2.1.0
2025-07-18T19:02:56.2013335Z [1m[32m  Downloaded[0m kstring v2.0.2
2025-07-18T19:02:56.2028931Z [1m[32m  Downloaded[0m jobserver v0.1.33
2025-07-18T19:02:56.2048669Z [1m[32m  Downloaded[0m jiff v0.2.15
2025-07-18T19:02:56.2201114Z [1m[32m  Downloaded[0m itertools v0.10.5
2025-07-18T19:02:56.2263911Z [1m[32m  Downloaded[0m clap_derive v4.5.41
2025-07-18T19:02:56.2285240Z [1m[32m  Downloaded[0m camino v1.1.10
2025-07-18T19:02:56.2306877Z [1m[32m  Downloaded[0m byteorder v1.5.0
2025-07-18T19:02:56.2322482Z [1m[32m  Downloaded[0m base64ct v1.8.0
2025-07-18T19:02:56.2346208Z [1m[32m  Downloaded[0m backtrace v0.3.75
2025-07-18T19:02:56.2400122Z [1m[32m  Downloaded[0m arrayvec v0.7.6
2025-07-18T19:02:56.2419726Z [1m[32m  Downloaded[0m itertools v0.13.0
2025-07-18T19:02:56.2488142Z [1m[32m  Downloaded[0m colorchoice v1.0.4
2025-07-18T19:02:56.2497432Z [1m[32m  Downloaded[0m color-spantrace v0.3.0
2025-07-18T19:02:56.2506556Z [1m[32m  Downloaded[0m cfg-if v1.0.1
2025-07-18T19:02:56.2519114Z [1m[32m  Downloaded[0m cargo-util-schemas v0.8.2
2025-07-18T19:02:56.2537660Z [1m[32m  Downloaded[0m bytes-str v0.2.7
2025-07-18T19:02:56.2544953Z [1m[32m  Downloaded[0m bitflags v2.9.1
2025-07-18T19:02:56.2586069Z [1m[32m  Downloaded[0m better_scoped_tls v1.0.1
2025-07-18T19:02:56.2592449Z [1m[32m  Downloaded[0m auto_impl v1.3.0
2025-07-18T19:02:56.2656930Z [1m[32m  Downloaded[0m liquid v0.26.11
2025-07-18T19:02:56.2674638Z [1m[32m  Downloaded[0m dirs-sys v0.5.0
2025-07-18T19:02:56.2685292Z [1m[32m  Downloaded[0m block-buffer v0.10.4
2025-07-18T19:02:56.2695182Z [1m[32m  Downloaded[0m aho-corasick v1.1.3
2025-07-18T19:02:56.2746717Z [1m[32m  Downloaded[0m auth-git2 v0.5.8
2025-07-18T19:02:56.2762681Z [1m[32m  Downloaded[0m anstyle-query v1.1.3
2025-07-18T19:02:56.2773701Z [1m[32m  Downloaded[0m anstyle-parse v0.2.7
2025-07-18T19:02:56.2789335Z [1m[32m  Downloaded[0m anstream v0.6.19
2025-07-18T19:02:56.2808716Z [1m[32m  Downloaded[0m allocator-api2 v0.2.21
2025-07-18T19:02:56.2833626Z [1m[32m  Downloaded[0m ahash v0.8.12
2025-07-18T19:02:56.2856724Z [1m[32m  Downloaded[0m anstyle v1.0.11
2025-07-18T19:02:56.2870645Z [1m[32m  Downloaded[0m ahash v0.7.8
2025-07-18T19:02:56.2894267Z [1m[32m  Downloaded[0m addr2line v0.24.2
2025-07-18T19:02:56.2912342Z [1m[32m  Downloaded[0m Inflector v0.11.4
2025-07-18T19:02:56.5187054Z [1m[32m   Compiling[0m proc-macro2 v1.0.95
2025-07-18T19:02:56.5188282Z [1m[32m   Compiling[0m unicode-ident v1.0.18
2025-07-18T19:02:56.5189211Z [1m[32m   Compiling[0m libc v0.2.174
2025-07-18T19:02:56.5189866Z [1m[32m   Compiling[0m cfg-if v1.0.1
2025-07-18T19:03:00.6285998Z [1m[32m   Compiling[0m serde v1.0.219
2025-07-18T19:03:03.2282144Z [1m[32m   Compiling[0m portable-atomic v1.11.1
2025-07-18T19:03:06.3151580Z [1m[32m   Compiling[0m memchr v2.7.5
2025-07-18T19:03:07.2318259Z [1m[32m   Compiling[0m once_cell v1.21.3
2025-07-18T19:03:07.4185125Z [1m[32m   Compiling[0m quote v1.0.40
2025-07-18T19:03:07.5985998Z [1m[32m   Compiling[0m autocfg v1.5.0
2025-07-18T19:03:07.6524057Z [1m[32m   Compiling[0m syn v2.0.104
2025-07-18T19:03:07.7404952Z [1m[32m   Compiling[0m version_check v0.9.5
2025-07-18T19:03:07.8026763Z [1m[32m   Compiling[0m log v0.4.27
2025-07-18T19:03:07.9836953Z [1m[32m   Compiling[0m smallvec v1.15.1
2025-07-18T19:03:08.0116140Z [1m[32m   Compiling[0m getrandom v0.3.3
2025-07-18T19:03:08.2190376Z [1m[32m   Compiling[0m zerocopy v0.8.26
2025-07-18T19:03:08.3093237Z [1m[32m   Compiling[0m stable_deref_trait v1.2.0
2025-07-18T19:03:08.3508403Z [1m[32m   Compiling[0m allocator-api2 v0.2.21
2025-07-18T19:03:08.6338974Z [1m[32m   Compiling[0m itoa v1.0.15
2025-07-18T19:03:08.7633184Z [1m[32m   Compiling[0m bitflags v2.9.1
2025-07-18T19:03:08.9445220Z [1m[32m   Compiling[0m crunchy v0.2.4
2025-07-18T19:03:09.0815611Z [1m[32m   Compiling[0m tiny-keccak v2.0.2
2025-07-18T19:03:09.1908875Z [1m[32m   Compiling[0m getrandom v0.2.16
2025-07-18T19:03:09.4276633Z [1m[32m   Compiling[0m ahash v0.8.12
2025-07-18T19:03:09.4350781Z [1m[32m   Compiling[0m const-random-macro v0.1.16
2025-07-18T19:03:09.6083683Z [1m[32m   Compiling[0m lock_api v0.4.13
2025-07-18T19:03:09.7230376Z [1m[32m   Compiling[0m parking_lot_core v0.9.11
2025-07-18T19:03:09.8823020Z [1m[32m   Compiling[0m scopeguard v1.2.0
2025-07-18T19:03:10.0590395Z [1m[32m   Compiling[0m const-random v0.1.18
2025-07-18T19:03:10.1020027Z [1m[32m   Compiling[0m either v1.15.0
2025-07-18T19:03:10.2784705Z [1m[32m   Compiling[0m parking_lot v0.12.4
2025-07-18T19:03:10.2847412Z [1m[32m   Compiling[0m jobserver v0.1.33
2025-07-18T19:03:10.5554015Z [1m[32m   Compiling[0m shlex v1.3.0
2025-07-18T19:03:10.7140783Z [1m[32m   Compiling[0m cc v1.2.30
2025-07-18T19:03:10.7548644Z [1m[32m   Compiling[0m pin-project-lite v0.2.16
2025-07-18T19:03:10.7913445Z [1m[32m   Compiling[0m bytes v1.10.1
2025-07-18T19:03:10.8389707Z [1m[32m   Compiling[0m percent-encoding v2.3.1
2025-07-18T19:03:10.9929196Z [1m[32m   Compiling[0m num-traits v0.2.19
2025-07-18T19:03:11.1364716Z [1m[32m   Compiling[0m synstructure v0.13.2
2025-07-18T19:03:11.4542572Z [1m[32m   Compiling[0m foldhash v0.1.5
2025-07-18T19:03:11.6163605Z [1m[32m   Compiling[0m litemap v0.8.0
2025-07-18T19:03:11.6449466Z [1m[32m   Compiling[0m writeable v0.6.1
2025-07-18T19:03:11.8133957Z [1m[32m   Compiling[0m equivalent v1.0.2
2025-07-18T19:03:11.8565681Z [1m[32m   Compiling[0m hashbrown v0.15.4
2025-07-18T19:03:12.3445889Z [1m[32m   Compiling[0m icu_properties_data v2.0.1
2025-07-18T19:03:12.4753320Z [1m[32m   Compiling[0m icu_normalizer_data v2.0.0
2025-07-18T19:03:12.6290664Z [1m[32m   Compiling[0m tracing-core v0.1.34
2025-07-18T19:03:12.6351850Z [1m[32m   Compiling[0m ryu v1.0.20
2025-07-18T19:03:12.6710246Z [1m[32m   Compiling[0m serde_derive v1.0.219
2025-07-18T19:03:12.8091010Z [1m[32m   Compiling[0m zerofrom-derive v0.1.6
2025-07-18T19:03:13.4079609Z [1m[32m   Compiling[0m yoke-derive v0.8.0
2025-07-18T19:03:13.4788046Z [1m[32m   Compiling[0m zerovec-derive v0.11.1
2025-07-18T19:03:14.2502415Z [1m[32m   Compiling[0m zerofrom v0.1.6
2025-07-18T19:03:14.3422667Z [1m[32m   Compiling[0m displaydoc v0.2.5
2025-07-18T19:03:14.5256846Z [1m[32m   Compiling[0m yoke v0.8.0
2025-07-18T19:03:14.7059808Z [1m[32m   Compiling[0m tracing-attributes v0.1.30
2025-07-18T19:03:14.7666730Z [1m[32m   Compiling[0m zerovec v0.11.2
2025-07-18T19:03:15.0707713Z [1m[32m   Compiling[0m zerotrie v0.2.2
2025-07-18T19:03:15.5964802Z [1m[32m   Compiling[0m anyhow v1.0.98
2025-07-18T19:03:15.8300397Z [1m[32m   Compiling[0m serde_json v1.0.141
2025-07-18T19:03:15.9461360Z [1m[32m   Compiling[0m tinystr v0.8.1
2025-07-18T19:03:15.9655248Z [1m[32m   Compiling[0m potential_utf v0.1.2
2025-07-18T19:03:16.0658964Z [1m[32m   Compiling[0m icu_collections v2.0.0
2025-07-18T19:03:16.0727042Z [1m[32m   Compiling[0m tracing v0.1.41
2025-07-18T19:03:16.1069243Z [1m[32m   Compiling[0m icu_locale_core v2.0.0
2025-07-18T19:03:16.4381351Z [1m[32m   Compiling[0m form_urlencoded v1.2.1
2025-07-18T19:03:16.5865610Z [1m[32m   Compiling[0m utf8_iter v1.0.4
2025-07-18T19:03:16.6877748Z [1m[32m   Compiling[0m swc_macros_common v1.0.1
2025-07-18T19:03:17.1988874Z [1m[32m   Compiling[0m icu_provider v2.0.0
2025-07-18T19:03:17.2733710Z [1m[32m   Compiling[0m rustc-hash v2.1.1
2025-07-18T19:03:17.3436071Z [1m[32m   Compiling[0m heck v0.5.0
2025-07-18T19:03:17.5549047Z [1m[32m   Compiling[0m icu_normalizer v2.0.0
2025-07-18T19:03:17.6104427Z [1m[32m   Compiling[0m icu_properties v2.0.1
2025-07-18T19:03:17.9409791Z [1m[32m   Compiling[0m siphasher v1.0.1
2025-07-18T19:03:18.0673786Z [1m[32m   Compiling[0m rand_core v0.6.4
2025-07-18T19:03:18.1669408Z [1m[32m   Compiling[0m data-encoding v2.9.0
2025-07-18T19:03:18.5320792Z [1m[32m   Compiling[0m rand v0.8.5
2025-07-18T19:03:19.0670481Z [1m[32m   Compiling[0m hashbrown v0.14.5
2025-07-18T19:03:19.0740143Z [1m[32m   Compiling[0m indexmap v2.10.0
2025-07-18T19:03:19.2331861Z [1m[32m   Compiling[0m idna_adapter v1.2.1
2025-07-18T19:03:19.7934156Z [1m[32m   Compiling[0m idna v1.0.3
2025-07-18T19:03:19.9002061Z [1m[32m   Compiling[0m phf_shared v0.11.3
2025-07-18T19:03:19.9894622Z [1m[32m   Compiling[0m radium v0.7.0
2025-07-18T19:03:20.0294694Z [1m[32m   Compiling[0m phf_generator v0.11.3
2025-07-18T19:03:20.1610193Z [1m[32m   Compiling[0m url v2.5.4
2025-07-18T19:03:20.1836817Z [1m[32m   Compiling[0m aho-corasick v1.1.3
2025-07-18T19:03:21.1338752Z [1m[32m   Compiling[0m tap v1.0.1
2025-07-18T19:03:21.2035585Z [1m[32m   Compiling[0m regex-syntax v0.8.5
2025-07-18T19:03:21.2383138Z [1m[32m   Compiling[0m wyz v0.5.1
2025-07-18T19:03:21.6131857Z [1m[32m   Compiling[0m bumpalo v3.19.0
2025-07-18T19:03:21.6572147Z [1m[32m   Compiling[0m outref v0.5.2
2025-07-18T19:03:21.7081637Z [1m[32m   Compiling[0m vsimd v0.8.0
2025-07-18T19:03:21.8624792Z [1m[32m   Compiling[0m uuid v1.17.0
2025-07-18T19:03:22.2239033Z [1m[32m   Compiling[0m new_debug_unreachable v1.0.6
2025-07-18T19:03:22.2660665Z [1m[32m   Compiling[0m funty v2.0.0
2025-07-18T19:03:22.2965966Z [1m[32m   Compiling[0m base64-simd v0.8.0
2025-07-18T19:03:22.8075159Z [1m[32m   Compiling[0m bitvec v1.0.1
2025-07-18T19:03:23.1449502Z [1m[32m   Compiling[0m regex-automata v0.4.9
2025-07-18T19:03:23.6293930Z [1m[32m   Compiling[0m debugid v0.8.0
2025-07-18T19:03:23.8323917Z [1m[32m   Compiling[0m bytes-str v0.2.7
2025-07-18T19:03:24.0247889Z [1m[32m   Compiling[0m triomphe v0.1.14
2025-07-18T19:03:24.2600161Z [1m[32m   Compiling[0m if_chain v1.0.2
2025-07-18T19:03:24.2999474Z [1m[32m   Compiling[0m unicode-id-start v1.3.1
2025-07-18T19:03:24.3970679Z [1m[32m   Compiling[0m hstr v1.1.6
2025-07-18T19:03:24.7129698Z [1m[32m   Compiling[0m from_variant v2.0.2
2025-07-18T19:03:25.1456964Z [1m[32m   Compiling[0m num-integer v0.1.46
2025-07-18T19:03:25.5240258Z [1m[32m   Compiling[0m swc_sourcemap v9.3.2
2025-07-18T19:03:25.6957870Z [1m[32m   Compiling[0m unicode-width v0.1.14
2025-07-18T19:03:25.8564230Z [1m[32m   Compiling[0m scoped-tls v1.0.1
2025-07-18T19:03:25.9100336Z [1m[32m   Compiling[0m better_scoped_tls v1.0.1
2025-07-18T19:03:25.9595548Z [1m[32m   Compiling[0m num-bigint v0.4.6
2025-07-18T19:03:26.0866387Z [1m[32m   Compiling[0m swc_atoms v5.0.0
2025-07-18T19:03:26.1780092Z [1m[32m   Compiling[0m swc_visit v2.0.1
2025-07-18T19:03:26.3053182Z [1m[32m   Compiling[0m swc_allocator v4.0.1
2025-07-18T19:03:26.3665009Z [1m[32m   Compiling[0m phf_macros v0.11.3
2025-07-18T19:03:27.1394074Z [1m[32m   Compiling[0m ast_node v3.0.3
2025-07-18T19:03:28.0507517Z [1m[32m   Compiling[0m swc_eq_ignore_macros v1.0.1
2025-07-18T19:03:28.5333388Z [1m[32m   Compiling[0m siphasher v0.3.11
2025-07-18T19:03:28.5439908Z [1m[32m   Compiling[0m phf v0.11.3
2025-07-18T19:03:28.6766015Z [1m[32m   Compiling[0m swc_common v12.0.1
2025-07-18T19:03:28.6851716Z [1m[32m   Compiling[0m thiserror v2.0.12
2025-07-18T19:03:28.9058721Z [1m[32m   Compiling[0m is-macro v0.3.7
2025-07-18T19:03:29.5049434Z [1m[32m   Compiling[0m string_enum v1.0.2
2025-07-18T19:03:30.1005076Z [1m[32m   Compiling[0m thiserror-impl v2.0.12
2025-07-18T19:03:30.9748003Z [1m[32m   Compiling[0m static_assertions v1.1.0
2025-07-18T19:03:31.0181833Z [1m[32m   Compiling[0m swc_ecma_ast v12.0.0
2025-07-18T19:03:31.4497635Z [1m[32m   Compiling[0m bstr v1.12.0
2025-07-18T19:03:32.4381349Z [1m[32m   Compiling[0m par-core v1.0.4
2025-07-18T19:03:32.5081597Z [1m[32m   Compiling[0m ryu-js v1.0.2
2025-07-18T19:03:32.7981338Z [1m[32m   Compiling[0m par-iter v1.0.2
2025-07-18T19:03:33.3354978Z [1m[32m   Compiling[0m smartstring v1.0.1
2025-07-18T19:03:33.5002647Z [1m[32m   Compiling[0m num_cpus v1.17.0
2025-07-18T19:03:33.8236612Z [1m[32m   Compiling[0m unicode-id v0.3.5
2025-07-18T19:03:34.2322670Z [1m[32m   Compiling[0m psm v0.1.26
2025-07-18T19:03:34.5465602Z [1m[32m   Compiling[0m stacker v0.1.21
2025-07-18T19:03:34.7223432Z [1m[32m   Compiling[0m arrayvec v0.7.6
2025-07-18T19:03:35.0634864Z [1m[32m   Compiling[0m typed-arena v2.0.2
2025-07-18T19:03:35.1392823Z [1m[32m   Compiling[0m swc_ecma_visit v12.0.0
2025-07-18T19:03:35.1460192Z [1m[32m   Compiling[0m regex v1.11.1
2025-07-18T19:03:35.9255584Z [1m[32m   Compiling[0m typenum v1.18.0
2025-07-18T19:03:36.2031891Z [1m[32m   Compiling[0m generic-array v0.14.7
2025-07-18T19:03:37.1817581Z [1m[32m   Compiling[0m semver v1.0.26
2025-07-18T19:03:37.3981513Z [1m[32m   Compiling[0m crypto-common v0.1.6
2025-07-18T19:03:37.4030518Z [1m[32m   Compiling[0m block-buffer v0.10.4
2025-07-18T19:03:37.4702877Z [1m[32m   Compiling[0m dashmap v5.5.3
2025-07-18T19:03:37.4919452Z [1m[32m   Compiling[0m digest v0.10.7
2025-07-18T19:03:37.9207563Z [1m[32m   Compiling[0m swc_ecma_transforms_macros v1.0.1
2025-07-18T19:03:38.0013158Z [1m[32m   Compiling[0m crossbeam-utils v0.8.21
2025-07-18T19:03:38.1440249Z [1m[32m   Compiling[0m swc_ecma_utils v16.0.0
2025-07-18T19:03:38.4923214Z [1m[32m   Compiling[0m pkg-config v0.3.32
2025-07-18T19:03:38.9713721Z [1m[32m   Compiling[0m same-file v1.0.6
2025-07-18T19:03:39.0609345Z [1m[32m   Compiling[0m rustix v1.0.8
2025-07-18T19:03:39.2682247Z [1m[32m   Compiling[0m cpufeatures v0.2.17
2025-07-18T19:03:39.2991719Z [1m[32m   Compiling[0m fastrand v2.3.0
2025-07-18T19:03:39.4426798Z [1m[32m   Compiling[0m sha1 v0.10.6
2025-07-18T19:03:39.6609883Z [1m[32m   Compiling[0m walkdir v2.5.0
2025-07-18T19:03:40.2474696Z [1m[32m   Compiling[0m globset v0.4.16
2025-07-18T19:03:40.7383113Z [1m[32m   Compiling[0m swc_trace_macro v2.0.2
2025-07-18T19:03:41.1205237Z [1m[32m   Compiling[0m ahash v0.7.8
2025-07-18T19:03:41.2780241Z [1m[32m   Compiling[0m linux-raw-sys v0.9.4
2025-07-18T19:03:41.6299776Z [1m[32m   Compiling[0m swc_ecma_lexer v15.0.2
2025-07-18T19:03:41.7268861Z [1m[32m   Compiling[0m vcpkg v0.2.15
2025-07-18T19:03:41.7360488Z [1m[32m   Compiling[0m tinyvec_macros v0.1.1
2025-07-18T19:03:41.7785381Z [1m[32m   Compiling[0m tinyvec v1.9.0
2025-07-18T19:03:42.6882097Z [1m[32m   Compiling[0m crossbeam-epoch v0.9.18
2025-07-18T19:03:43.0334746Z [1m[32m   Compiling[0m crossbeam-deque v0.8.6
2025-07-18T19:03:43.3443357Z [1m[32m   Compiling[0m unicode-normalization v0.1.24
2025-07-18T19:03:43.3694418Z [1m[32m   Compiling[0m gix-validate v0.10.0
2025-07-18T19:03:43.7358776Z [1m[32m   Compiling[0m swc_config_macro v1.0.1
2025-07-18T19:03:43.8630470Z [1m[32m   Compiling[0m regress v0.10.4
2025-07-18T19:03:44.1681011Z [1m[32m   Compiling[0m winnow v0.7.12
2025-07-18T19:03:45.1110838Z [1m[32m   Compiling[0m futures-core v0.3.31
2025-07-18T19:03:45.2004822Z [1m[32m   Compiling[0m gix-trace v0.1.13
2025-07-18T19:03:45.2685123Z [1m[32m   Compiling[0m home v0.5.11
2025-07-18T19:03:45.3537667Z [1m[32m   Compiling[0m gix-path v0.10.19
2025-07-18T19:03:45.8242184Z [1m[32m   Compiling[0m gix-utils v0.3.0
2025-07-18T19:03:46.2054228Z [1m[32m   Compiling[0m swc_config v3.1.1
2025-07-18T19:03:46.2158492Z [1m[32m   Compiling[0m hashbrown v0.12.3
2025-07-18T19:03:46.8029304Z [1m[32m   Compiling[0m openssl-src v300.5.1+3.5.1
2025-07-18T19:03:47.0304737Z [1m[32m   Compiling[0m mio v1.0.4
2025-07-18T19:03:47.5146034Z [1m[32m   Compiling[0m rayon-core v1.12.1
2025-07-18T19:03:47.6464734Z [1m[32m   Compiling[0m fnv v1.0.7
2025-07-18T19:03:47.6984031Z [1m[32m   Compiling[0m camino v1.1.10
2025-07-18T19:03:47.7327042Z [1m[32m   Compiling[0m thiserror v1.0.69
2025-07-18T19:03:47.9448982Z [1m[32m   Compiling[0m http v1.3.1
2025-07-18T19:03:48.0056858Z [1m[32m   Compiling[0m openssl-sys v0.9.109
2025-07-18T19:03:48.1140247Z [1m[32m   Compiling[0m thiserror-impl v1.0.69
2025-07-18T19:03:48.5650698Z [1m[32m   Compiling[0m prodash v29.0.2
2025-07-18T19:03:49.3219085Z [1m[32m   Compiling[0m syn v1.0.109
2025-07-18T19:03:49.3945601Z [1m[32m   Compiling[0m base64 v0.22.1
2025-07-18T19:03:49.5267774Z [1m[32m   Compiling[0m lazy_static v1.5.0
2025-07-18T19:03:49.6622079Z [1m[32m   Compiling[0m gix-features v0.42.1
2025-07-18T19:03:50.2901365Z [1m[32m   Compiling[0m swc_ecma_parser v15.0.2
2025-07-18T19:03:50.6535962Z [1m[32m   Compiling[0m tokio-macros v2.5.0
2025-07-18T19:03:51.2181069Z [1m[32m   Compiling[0m swc_ecma_transforms_base v16.0.0
2025-07-18T19:03:59.2680389Z [1m[32m   Compiling[0m indexmap v1.9.3
2025-07-18T19:03:59.4053874Z [1m[32m   Compiling[0m signal-hook-registry v1.4.5
2025-07-18T19:03:59.5125774Z [1m[32m   Compiling[0m socket2 v0.5.10
2025-07-18T19:03:59.8112354Z [1m[32m   Compiling[0m futures-sink v0.3.31
2025-07-18T19:03:59.8634112Z [1m[32m   Compiling[0m rustversion v1.0.21
2025-07-18T19:04:00.0854113Z [1m[32m   Compiling[0m tokio v1.46.1
2025-07-18T19:04:00.2200770Z [1m[32m   Compiling[0m swc_ecma_transforms_classes v16.0.0
2025-07-18T19:04:00.9683050Z [1m[32m   Compiling[0m rayon v1.10.0
2025-07-18T19:04:03.3490468Z [1m[32m   Compiling[0m libz-sys v1.1.22
2025-07-18T19:04:03.7061772Z [1m[32m   Compiling[0m swc_ecma_compat_common v16.0.0
2025-07-18T19:04:04.5562173Z [1m[32m   Compiling[0m ppv-lite86 v0.2.21
2025-07-18T19:04:04.9662968Z [1m[32m   Compiling[0m zeroize v1.8.1
2025-07-18T19:04:05.0869559Z [1m[32m   Compiling[0m slab v0.4.10
2025-07-18T19:04:05.2386910Z [1m[32m   Compiling[0m leb128 v0.2.5
2025-07-18T19:04:05.3126161Z [1m[32m   Compiling[0m heapless v0.8.0
2025-07-18T19:04:05.5109010Z [1m[32m   Compiling[0m httparse v1.10.1
2025-07-18T19:04:05.7083796Z [1m[32m   Compiling[0m byteorder v1.5.0
2025-07-18T19:04:05.7513848Z [1m[32m   Compiling[0m futures-io v0.3.31
2025-07-18T19:04:05.8684401Z [1m[32m   Compiling[0m pin-utils v0.1.0
2025-07-18T19:04:05.8756492Z [1m[32m   Compiling[0m futures-task v0.3.31
2025-07-18T19:04:05.9144027Z [1m[32m   Compiling[0m unicode-width v0.2.1
2025-07-18T19:04:05.9927423Z [1m[32m   Compiling[0m futures-util v0.3.31
2025-07-18T19:04:06.1315921Z [1m[32m   Compiling[0m hash32 v0.3.1
2025-07-18T19:04:07.7991209Z [1m[32m   Compiling[0m http-body v1.0.1
2025-07-18T19:04:07.8886713Z [1m[32m   Compiling[0m ring v0.17.14
2025-07-18T19:04:08.3558394Z [1m[32m   Compiling[0m fixedbitset v0.5.7
2025-07-18T19:04:08.7542705Z [1m[32m   Compiling[0m fallible-iterator v0.2.0
2025-07-18T19:04:08.7745062Z [1m[32m   Compiling[0m ucd-trie v0.1.7
2025-07-18T19:04:09.1104730Z [1m[32m   Compiling[0m typeid v1.0.3
2025-07-18T19:04:09.3333865Z [1m[32m   Compiling[0m gimli v0.26.2
2025-07-18T19:04:09.3491137Z [1m[32m   Compiling[0m petgraph v0.7.1
2025-07-18T19:04:09.5593491Z [1m[32m   Compiling[0m pest v2.8.1
2025-07-18T19:04:12.4638763Z [1m[32m   Compiling[0m wasm-encoder v0.214.0
2025-07-18T19:04:13.5502795Z [1m[32m   Compiling[0m id-arena v2.2.1
2025-07-18T19:04:13.7087180Z [1m[32m   Compiling[0m pathdiff v0.2.3
2025-07-18T19:04:13.7762431Z [1m[32m   Compiling[0m tempfile v3.19.1
2025-07-18T19:04:13.8176371Z [1m[32m   Compiling[0m libssh2-sys v0.3.1
2025-07-18T19:04:14.1464004Z [1m[32m   Compiling[0m wasmparser v0.214.0
2025-07-18T19:04:14.3113206Z [1m[32m   Compiling[0m walrus-macro v0.22.0
2025-07-18T19:04:15.1865089Z [1m[32m   Compiling[0m tower-service v0.3.3
2025-07-18T19:04:15.4610675Z [1m[32m   Compiling[0m owo-colors v4.2.2
2025-07-18T19:04:15.7204290Z [1m[32m   Compiling[0m strsim v0.11.1
2025-07-18T19:04:15.9940707Z [1m[32m   Compiling[0m jiff v0.2.15
2025-07-18T19:04:23.2412435Z [1m[32m   Compiling[0m iana-time-zone v0.1.63
2025-07-18T19:04:23.5735188Z [1m[32m   Compiling[0m ident_case v1.0.1
2025-07-18T19:04:23.6423213Z [1m[32m   Compiling[0m darling_core v0.20.11
2025-07-18T19:04:24.3101139Z [1m[32m   Compiling[0m chrono v0.4.41
2025-07-18T19:04:26.1215681Z [1m[32m   Compiling[0m walrus v0.23.3
2025-07-18T19:04:27.3174282Z [1m[32m   Compiling[0m faster-hex v0.10.0
2025-07-18T19:04:27.5688447Z [1m[32m   Compiling[0m pest_meta v2.8.1
2025-07-18T19:04:29.3126996Z [1m[32m   Compiling[0m rustls-pki-types v1.12.0
2025-07-18T19:04:29.8531914Z [1m[32m   Compiling[0m sha1-checked v0.10.0
2025-07-18T19:04:30.1093148Z [1m[32m   Compiling[0m hashbrown v0.13.2
2025-07-18T19:04:30.3223087Z [1m[32m   Compiling[0m serde_spanned v0.6.9
2025-07-18T19:04:30.4000070Z [1m[32m   Compiling[0m toml_datetime v0.6.11
2025-07-18T19:04:30.6714603Z [1m[32m   Compiling[0m minimal-lexical v0.2.1
2025-07-18T19:04:30.7168786Z [1m[32m   Compiling[0m crc32fast v1.5.0
2025-07-18T19:04:30.9005744Z [1m[32m   Compiling[0m powerfmt v0.2.0
2025-07-18T19:04:30.9151256Z [1m[32m   Compiling[0m toml_write v0.1.2
2025-07-18T19:04:31.0636179Z [1m[32m   Compiling[0m utf8parse v0.2.2
2025-07-18T19:04:31.1009247Z [1m[32m   Compiling[0m untrusted v0.9.0
2025-07-18T19:04:31.1260694Z [1m[32m   Compiling[0m cfg_aliases v0.2.1
2025-07-18T19:04:31.1689673Z [1m[32m   Compiling[0m num-conv v0.1.0
2025-07-18T19:04:31.1767981Z [1m[32m   Compiling[0m try-lock v0.2.5
2025-07-18T19:04:31.2371753Z [1m[32m   Compiling[0m time-core v0.1.4
2025-07-18T19:04:31.2781273Z [1m[32m   Compiling[0m want v0.3.1
2025-07-18T19:04:31.3113426Z [1m[32m   Compiling[0m time-macros v0.2.22
2025-07-18T19:04:31.3772353Z [1m[32m   Compiling[0m nix v0.29.0
2025-07-18T19:04:32.9189310Z [1m[32m   Compiling[0m anstyle-parse v0.2.7
2025-07-18T19:04:33.0607193Z [1m[32m   Compiling[0m toml_edit v0.22.27
2025-07-18T19:04:34.8640635Z [1m[32m   Compiling[0m deranged v0.4.0
2025-07-18T19:04:35.6822709Z [1m[32m   Compiling[0m nom v7.1.3
2025-07-18T19:04:37.5780803Z [1m[32m   Compiling[0m lru v0.10.1
2025-07-18T19:04:37.7072763Z [1m[32m   Compiling[0m gix-hash v0.18.0
2025-07-18T19:04:38.0902109Z [1m[32m   Compiling[0m erased-serde v0.4.6
2025-07-18T19:04:38.6745727Z [1m[32m   Compiling[0m wasm-bindgen-wasm-conventions v0.2.100
2025-07-18T19:04:39.3113222Z [1m[32m   Compiling[0m pest_generator v2.8.1
2025-07-18T19:04:40.8554413Z [1m[32m   Compiling[0m darling_macro v0.20.11
2025-07-18T19:04:41.3974668Z [1m[32m   Compiling[0m gix-date v0.10.3
2025-07-18T19:04:41.5597152Z [1m[32m   Compiling[0m swc_ecma_transforms_optimization v17.0.2
2025-07-18T19:04:41.7608860Z [1m[32m   Compiling[0m castaway v0.2.4
2025-07-18T19:04:41.8950058Z [1m[32m   Compiling[0m swc_ecma_compat_es2022 v17.0.0
2025-07-18T19:04:42.8517551Z [1m[32m   Compiling[0m swc_ecma_compat_es2015 v17.0.0
2025-07-18T19:04:49.3121303Z [1m[32m   Compiling[0m futures-channel v0.3.31
2025-07-18T19:04:49.5077820Z [1m[32m   Compiling[0m gix-fs v0.15.0
2025-07-18T19:04:49.8997056Z [1m[32m   Compiling[0m sync_wrapper v1.0.2
2025-07-18T19:04:49.9732720Z [1m[32m   Compiling[0m libgit2-sys v0.18.2+1.9.1
2025-07-18T19:04:50.3659063Z [1m[32m   Compiling[0m ordered-float v2.10.1
2025-07-18T19:04:50.6223217Z [1m[32m   Compiling[0m itertools v0.13.0
2025-07-18T19:04:52.3918308Z [1m[32m   Compiling[0m rand_core v0.9.3
2025-07-18T19:04:52.5723759Z [1m[32m   Compiling[0m colorchoice v1.0.4
2025-07-18T19:04:52.7029306Z [1m[32m   Compiling[0m anstyle v1.0.11
2025-07-18T19:04:52.8968126Z [1m[32m   Compiling[0m adler2 v2.0.1
2025-07-18T19:04:52.9878273Z [1m[32m   Compiling[0m rustls v0.23.29
2025-07-18T19:04:53.1215877Z [1m[32m   Compiling[0m is_terminal_polyfill v1.70.1
2025-07-18T19:04:53.1717739Z [1m[32m   Compiling[0m httpdate v1.0.3
2025-07-18T19:04:53.3995669Z [1m[32m   Compiling[0m tower-layer v0.3.3
2025-07-18T19:04:53.5851585Z [1m[32m   Compiling[0m dtoa v1.0.10
2025-07-18T19:04:53.7953784Z [1m[32m   Compiling[0m anstyle-query v1.1.3
2025-07-18T19:04:53.8521841Z [1m[32m   Compiling[0m path-clean v0.1.0
2025-07-18T19:04:54.4878953Z [1m[32m   Compiling[0m swc_ecma_loader v12.0.0
2025-07-18T19:04:55.8459566Z [1m[32m   Compiling[0m anstream v0.6.19
2025-07-18T19:04:56.1699447Z [1m[32m   Compiling[0m time v0.3.41
2025-07-18T19:04:56.3769143Z [1m[32m   Compiling[0m dtoa-short v0.3.5
2025-07-18T19:04:56.4638588Z [1m[32m   Compiling[0m hyper v1.6.0
2025-07-18T19:04:58.9120819Z [1m[32m   Compiling[0m miniz_oxide v0.8.9
2025-07-18T19:04:59.8275266Z [1m[32m   Compiling[0m rand_chacha v0.9.0
2025-07-18T19:04:59.9466057Z [1m[32m   Compiling[0m browserslist-rs v0.18.2
2025-07-18T19:05:00.3841272Z [1m[32m   Compiling[0m serde-value v0.7.0
2025-07-18T19:05:00.8253003Z [1m[32m   Compiling[0m gix-tempfile v17.1.0
2025-07-18T19:05:01.3297584Z [1m[32m   Compiling[0m swc_ecma_compat_bugfixes v17.0.0
2025-07-18T19:05:04.5558602Z [1m[32m   Compiling[0m swc_ecma_compat_es2020 v17.0.0
2025-07-18T19:05:06.1553111Z [1m[32m   Compiling[0m compact_str v0.7.1
2025-07-18T19:05:06.6351106Z [1m[32m   Compiling[0m gix-actor v0.35.2
2025-07-18T19:05:06.8776334Z [1m[32m   Compiling[0m darling v0.20.11
2025-07-18T19:05:07.3432924Z [1m[32m   Compiling[0m pest_derive v2.8.1
2025-07-18T19:05:07.8090928Z [1m[32m   Compiling[0m serde-untagged v0.1.7
2025-07-18T19:05:08.0913072Z [1m[32m   Compiling[0m gix-hashtable v0.8.1
2025-07-18T19:05:08.2735911Z [1m[32m   Compiling[0m toml v0.8.23
2025-07-18T19:05:08.3342939Z [1m[32m   Compiling[0m rustls-webpki v0.103.4
2025-07-18T19:05:09.5653323Z [1m[32m   Compiling[0m ptr_meta_derive v0.1.4
2025-07-18T19:05:09.8983796Z [1m[32m   Compiling[0m swc_ecma_compat_es2018 v16.0.0
2025-07-18T19:05:09.9624157Z [1m[32m   Compiling[0m swc_ecma_compat_es2017 v16.0.0
2025-07-18T19:05:10.8431507Z [1m[32m   Compiling[0m swc_ecma_compat_es2016 v16.0.0
2025-07-18T19:05:11.8918816Z [1m[32m   Compiling[0m swc_ecma_compat_es2021 v16.0.0
2025-07-18T19:05:12.0888549Z [1m[32m   Compiling[0m swc_ecma_compat_es2019 v16.0.0
2025-07-18T19:05:12.9348341Z [1m[32m   Compiling[0m swc_ecma_compat_es3 v16.0.0
2025-07-18T19:05:13.2010133Z [1m[32m   Compiling[0m swc_ecma_transforms_react v18.0.0
2025-07-18T19:05:13.5065872Z [1m[32m   Compiling[0m sharded-slab v0.1.7
2025-07-18T19:05:14.1838809Z [1m[32m   Compiling[0m Inflector v0.11.4
2025-07-18T19:05:15.0355653Z [1m[32m   Compiling[0m kstring v2.0.2
2025-07-18T19:05:15.2393555Z [1m[32m   Compiling[0m phf_codegen v0.11.3
2025-07-18T19:05:15.2474345Z [1m[32m   Compiling[0m swc_ecma_codegen_macros v2.0.2
2025-07-18T19:05:15.3184776Z [1m[32m   Compiling[0m swc_timer v1.0.0
2025-07-18T19:05:15.4172033Z [1m[32m   Compiling[0m liquid-derive v0.26.10
2025-07-18T19:05:16.1639340Z [1m[32m   Compiling[0m cssparser-macros v0.6.1
2025-07-18T19:05:16.6488627Z [1m[32m   Compiling[0m static-map-macro v0.3.4
2025-07-18T19:05:16.6944693Z [1m[32m   Compiling[0m itertools v0.14.0
2025-07-18T19:05:17.3139035Z [1m[32m   Compiling[0m proc-macro2-diagnostics v0.10.1
2025-07-18T19:05:17.4659779Z [1m[32m   Compiling[0m proc-macro-error-attr2 v2.0.0
2025-07-18T19:05:17.6048745Z [1m[32m   Compiling[0m thread_local v1.1.9
2025-07-18T19:05:17.7689133Z [1m[32m   Compiling[0m subtle v2.6.1
2025-07-18T19:05:17.8011783Z [1m[32m   Compiling[0m unicode-linebreak v0.1.5
2025-07-18T19:05:17.8772952Z [1m[32m   Compiling[0m rkyv v0.7.45
2025-07-18T19:05:17.9988872Z [1m[32m   Compiling[0m ascii v1.1.0
2025-07-18T19:05:18.0215493Z [1m[32m   Compiling[0m object v0.36.7
2025-07-18T19:05:18.2107539Z [1m[32m   Compiling[0m option-ext v0.2.0
2025-07-18T19:05:18.2622402Z [1m[32m   Compiling[0m paste v1.0.15
2025-07-18T19:05:18.3786662Z [1m[32m   Compiling[0m ipnet v2.11.0
2025-07-18T19:05:18.3938702Z [1m[32m   Compiling[0m path-clean v1.0.1
2025-07-18T19:05:18.4581904Z [1m[32m   Compiling[0m anymap2 v0.13.0
2025-07-18T19:05:18.4907556Z [1m[32m   Compiling[0m unicode-xid v0.2.6
2025-07-18T19:05:18.5675437Z [1m[32m   Compiling[0m outref v0.1.0
2025-07-18T19:05:18.6159602Z [1m[32m   Compiling[0m simd-abstraction v0.7.1
2025-07-18T19:05:18.6233132Z [1m[32m   Compiling[0m liquid-core v0.26.11
2025-07-18T19:05:18.8616338Z [1m[32m   Compiling[0m hyper-util v0.1.15
2025-07-18T19:05:19.2525902Z [1m[32m   Compiling[0m swc_ecma_transforms_module v18.0.0
2025-07-18T19:05:21.2154266Z [1m[32m   Compiling[0m swc_ecma_codegen v14.0.0
2025-07-18T19:05:23.7133296Z [1m[32m   Compiling[0m dirs-sys v0.5.0
2025-07-18T19:05:24.0483330Z [1m[32m   Compiling[0m textwrap v0.16.2
2025-07-18T19:05:24.9127200Z [1m[32m   Compiling[0m proc-macro-error2 v2.0.1
2025-07-18T19:05:25.1147544Z [1m[32m   Compiling[0m tracing-subscriber v0.3.19
2025-07-18T19:05:27.2450572Z [1m[32m   Compiling[0m st-map v0.2.4
2025-07-18T19:05:27.2894013Z [1m[32m   Compiling[0m cssparser v0.33.0
2025-07-18T19:05:27.3510649Z [1m[32m   Compiling[0m swc_ecma_usage_analyzer v17.0.2
2025-07-18T19:05:28.3708317Z [1m[32m   Compiling[0m parcel_selectors v0.28.2
2025-07-18T19:05:28.4711524Z [1m[32m   Compiling[0m rand_chacha v0.3.1
2025-07-18T19:05:28.6748590Z [1m[32m   Compiling[0m swc_ecma_transforms_typescript v18.0.0
2025-07-18T19:05:29.0925543Z [1m[32m   Compiling[0m swc_ecma_transforms_compat v18.0.0
2025-07-18T19:05:30.5808213Z [1m[32m   Compiling[0m ptr_meta v0.1.4
2025-07-18T19:05:32.1194475Z [1m[32m   Compiling[0m gix-object v0.49.1
2025-07-18T19:05:34.8977690Z [1m[32m   Compiling[0m derive_builder_core v0.20.2
2025-07-18T19:05:35.3031142Z [1m[32m   Compiling[0m gix-lock v17.1.0
2025-07-18T19:05:35.7257634Z [1m[32m   Compiling[0m rand v0.9.1
2025-07-18T19:05:35.8178731Z [1m[32m   Compiling[0m tower v0.5.2
2025-07-18T19:05:36.2360277Z [1m[32m   Compiling[0m http-body-util v0.1.3
2025-07-18T19:05:36.4063244Z [1m[32m   Compiling[0m rkyv_derive v0.7.45
2025-07-18T19:05:36.4641723Z [1m[32m   Compiling[0m swc_ecma_transforms_proposal v16.0.0
2025-07-18T19:05:38.3475234Z [1m[32m   Compiling[0m terminal_size v0.4.2
2025-07-18T19:05:38.4307776Z [1m[32m   Compiling[0m miette-derive v7.6.0
2025-07-18T19:05:39.6602005Z [1m[32m   Compiling[0m fs-err v3.1.1
2025-07-18T19:05:39.8122769Z [1m[32m   Compiling[0m memmap2 v0.9.7
2025-07-18T19:05:40.0015416Z [1m[32m   Compiling[0m inotify-sys v0.1.5
2025-07-18T19:05:40.0676007Z [1m[32m   Compiling[0m cvt v0.1.2
2025-07-18T19:05:40.1202753Z [1m[32m   Compiling[0m wasm-bindgen-shared v0.2.100
2025-07-18T19:05:40.3073463Z [1m[32m   Compiling[0m openssl v0.10.73
2025-07-18T19:05:40.4785766Z [1m[32m   Compiling[0m seahash v4.1.0
2025-07-18T19:05:40.5974102Z [1m[32m   Compiling[0m unicode-segmentation v1.12.0
2025-07-18T19:05:40.9560650Z [1m[32m   Compiling[0m matches v0.1.10
2025-07-18T19:05:40.9971195Z [1m[32m   Compiling[0m utf-8 v0.7.6
2025-07-18T19:05:41.1108705Z [1m[32m   Compiling[0m yansi v1.0.1
2025-07-18T19:05:41.4539493Z [1m[32m   Compiling[0m names v0.14.0
2025-07-18T19:05:41.6613897Z [1m[32m   Compiling[0m clap_lex v0.7.5
2025-07-18T19:05:41.8952929Z [1m[32m   Compiling[0m foreign-types-shared v0.1.1
2025-07-18T19:05:42.3940967Z [1m[32m   Compiling[0m alloc-no-stdlib v2.0.4
2025-07-18T19:05:42.4765412Z [1m[32m   Compiling[0m zlib-rs v0.5.1
2025-07-18T19:05:44.7038355Z [1m[32m   Compiling[0m gimli v0.31.1
2025-07-18T19:05:46.5295246Z [1m[32m   Compiling[0m openssl-probe v0.1.6
2025-07-18T19:05:46.7070017Z [1m[32m   Compiling[0m rustc-demangle v0.1.25
2025-07-18T19:05:47.3207900Z [1m[32m   Compiling[0m color-spantrace v0.3.0
2025-07-18T19:05:47.3259790Z [1m[32m   Compiling[0m radix_fmt v1.0.0
2025-07-18T19:05:47.5220192Z [1m[32m   Compiling[0m eyre v0.6.12
2025-07-18T19:05:47.6264236Z [1m[32m   Compiling[0m swc_ecma_minifier v21.0.4
2025-07-18T19:05:47.8480670Z [1m[32m   Compiling[0m addr2line v0.24.2
2025-07-18T19:05:47.8574842Z [1m[32m   Compiling[0m libz-rs-sys v0.5.1
2025-07-18T19:05:47.9895008Z [1m[32m   Compiling[0m clap_builder v4.5.41
2025-07-18T19:05:48.2669027Z [1m[32m   Compiling[0m alloc-stdlib v0.2.2
2025-07-18T19:05:48.3471830Z [1m[32m   Compiling[0m liquid-lib v0.26.11
2025-07-18T19:05:55.1437757Z [1m[32m   Compiling[0m foreign-types v0.3.2
2025-07-18T19:05:55.5906774Z [1m[32m   Compiling[0m tungstenite v0.26.2
2025-07-18T19:05:55.7349190Z [1m[32m   Compiling[0m data-url v0.1.1
2025-07-18T19:05:56.2096099Z [1m[32m   Compiling[0m convert_case v0.6.0
2025-07-18T19:05:57.1407830Z [1m[32m   Compiling[0m fs_at v0.2.1
2025-07-18T19:05:57.3334938Z [1m[32m   Compiling[0m inotify v0.11.0
2025-07-18T19:05:57.7536253Z [1m[32m   Compiling[0m gix-ref v0.52.1
2025-07-18T19:05:58.4548967Z [1m[32m   Compiling[0m miette v7.6.0
2025-07-18T19:06:01.0633881Z [1m[32m   Compiling[0m swc_ecma_transforms v20.0.0
2025-07-18T19:06:01.1291666Z [1m[32m   Compiling[0m derive_builder_macro v0.20.2
2025-07-18T19:06:01.6401421Z [1m[32m   Compiling[0m tokio-rustls v0.26.2
2025-07-18T19:06:01.8815471Z [1m[32m   Compiling[0m preset_env_base v3.0.2
2025-07-18T19:06:02.0209378Z [1m[32m   Compiling[0m tracing-error v0.2.1
2025-07-18T19:06:02.1637967Z [1m[32m   Compiling[0m syn_derive v0.2.0
2025-07-18T19:06:03.4229441Z [1m[32m   Compiling[0m dirs v6.0.0
2025-07-18T19:06:03.9379787Z [1m[32m   Compiling[0m base64-simd v0.7.0
2025-07-18T19:06:04.2288862Z [1m[32m   Compiling[0m webpki-***s v1.0.2
2025-07-18T19:06:04.3135445Z [1m[32m   Compiling[0m console v0.16.0
2025-07-18T19:06:05.1511295Z [1m[32m   Compiling[0m console v0.15.11
2025-07-18T19:06:06.1008781Z [1m[32m   Compiling[0m const-str-proc-macro v0.3.2
2025-07-18T19:06:06.6394752Z [1m[32m   Compiling[0m gix-glob v0.20.1
2025-07-18T19:06:06.6479671Z [1m[32m   Compiling[0m toml_parser v1.0.1
2025-07-18T19:06:07.1916034Z [1m[32m   Compiling[0m gix-config-value v0.15.1
2025-07-18T19:06:07.6382001Z [1m[32m   Compiling[0m env_filter v0.1.3
2025-07-18T19:06:07.7787909Z [1m[32m   Compiling[0m toml_datetime v0.7.0
2025-07-18T19:06:08.0739430Z [1m[32m   Compiling[0m serde_spanned v1.0.0
2025-07-18T19:06:08.1062874Z [1m[32m   Compiling[0m serde_urlencoded v0.7.1
2025-07-18T19:06:08.1701368Z [1m[32m   Compiling[0m clap_derive v4.5.41
2025-07-18T19:06:08.3343265Z [1m[32m   Compiling[0m auto_impl v1.3.0
2025-07-18T19:06:09.2861403Z [1m[32m   Compiling[0m derive-where v1.5.0
2025-07-18T19:06:10.2349715Z [1m[32m   Compiling[0m rhai_codegen v2.2.0
2025-07-18T19:06:10.7081128Z [1m[32m   Compiling[0m openssl-macros v0.1.1
2025-07-18T19:06:11.0968489Z [1m[32m   Compiling[0m gix-sec v0.11.0
2025-07-18T19:06:11.3376878Z [1m[32m   Compiling[0m core2 v0.4.0
2025-07-18T19:06:11.3735156Z [1m[32m   Compiling[0m terminal-prompt v0.2.3
2025-07-18T19:06:11.5147150Z [1m[32m   Compiling[0m thin-vec v0.2.14
2025-07-18T19:06:11.5838988Z [1m[32m   Compiling[0m unit-prefix v0.5.1
2025-07-18T19:06:11.6674446Z [1m[32m   Compiling[0m indenter v0.3.3
2025-07-18T19:06:11.7274050Z [1m[32m   Compiling[0m rle-decode-fast v1.0.3
2025-07-18T19:06:11.7830061Z [1m[32m   Compiling[0m vlq v0.5.1
2025-07-18T19:06:11.7900229Z [1m[32m   Compiling[0m notify-types v2.0.0
2025-07-18T19:06:11.8558782Z [1m[32m   Compiling[0m precomputed-hash v0.1.1
2025-07-18T19:06:11.9060505Z [1m[32m   Compiling[0m iri-string v0.7.8
2025-07-18T19:06:12.0350948Z [1m[32m   Compiling[0m mime v0.3.17
2025-07-18T19:06:12.3268053Z [1m[32m   Compiling[0m normpath v1.3.0
2025-07-18T19:06:12.4774243Z [1m[32m   Compiling[0m unicode-bom v2.0.3
2025-07-18T19:06:12.5936076Z [1m[32m   Compiling[0m target-lexicon v0.13.2
2025-07-18T19:06:13.0423186Z [1m[32m   Compiling[0m simd-adler32 v0.3.7
2025-07-18T19:06:13.3586010Z [1m[32m   Compiling[0m shell-words v1.1.0
2025-07-18T19:06:13.4924329Z [1m[32m   Compiling[0m dialoguer v0.11.0
2025-07-18T19:06:14.2018609Z [1m[32m   Compiling[0m tower-http v0.6.6
2025-07-18T19:06:14.8907816Z [1m[32m   Compiling[0m zopfli v0.8.2
2025-07-18T19:06:14.9379420Z [1m[32m   Compiling[0m derive_more-impl v2.0.1
2025-07-18T19:06:16.0618965Z [1m[32m   Compiling[0m gix-config v0.45.1
2025-07-18T19:06:16.4465664Z [1m[32m   Compiling[0m remove_dir_all v1.0.0
2025-07-18T19:06:16.5974805Z [1m[32m   Compiling[0m axum-core v0.5.2
2025-07-18T19:06:18.4360248Z [1m[32m   Compiling[0m notify v8.1.0
2025-07-18T19:06:21.2728968Z [1m[32m   Compiling[0m parcel_sourcemap v2.1.1
2025-07-18T19:06:21.3328619Z [1m[32m   Compiling[0m libflate_lz77 v2.1.0
2025-07-18T19:06:21.5188150Z [1m[32m   Compiling[0m rhai v1.22.2
2025-07-18T19:06:23.3362163Z [1m[32m   Compiling[0m indicatif v0.18.0
2025-07-18T19:06:24.9872097Z [1m[32m   Compiling[0m rstml v0.12.1
2025-07-18T19:06:27.4118688Z [1m[32m   Compiling[0m clap v4.5.41
2025-07-18T19:06:27.4594409Z [1m[32m   Compiling[0m swc_ecma_lints v17.0.0
2025-07-18T19:06:30.8877954Z [1m[32m   Compiling[0m toml v0.9.2
2025-07-18T19:06:31.4470551Z [1m[32m   Compiling[0m env_logger v0.11.8
2025-07-18T19:06:32.2532504Z [1m[32m   Compiling[0m const-str v0.3.2
2025-07-18T19:06:32.5961456Z [1m[32m   Compiling[0m backtrace v0.3.75
2025-07-18T19:06:32.8964378Z [1m[32m   Compiling[0m hyper-rustls v0.27.7
2025-07-18T19:06:33.2570208Z [1m[32m   Compiling[0m swc_ecma_preset_env v21.0.0
2025-07-18T19:06:36.8253796Z [1m[32m   Compiling[0m derive_builder v0.20.2
2025-07-18T19:06:36.8926531Z [1m[32m   Compiling[0m swc_error_reporters v14.0.0
2025-07-18T19:06:39.0156961Z [1m[32m   Compiling[0m lightningcss-derive v1.0.0-alpha.43
2025-07-18T19:06:40.0003654Z [1m[32m   Compiling[0m tokio-tungstenite v0.26.2
2025-07-18T19:06:40.2403712Z [1m[32m   Compiling[0m swc_compiler_base v23.0.2
2025-07-18T19:06:42.0995272Z [1m[32m   Compiling[0m liquid v0.26.11
2025-07-18T19:06:42.1938644Z [1m[32m   Compiling[0m brotli-decompressor v5.0.0
2025-07-18T19:06:43.1698875Z [1m[32m   Compiling[0m flate2 v1.1.2
2025-07-18T19:06:43.6152649Z [1m[32m   Compiling[0m cssparser-color v0.1.0
2025-07-18T19:06:44.2609986Z [1m[32m   Compiling[0m cargo-util-schemas v0.2.0
2025-07-18T19:06:44.7583282Z [1m[32m   Compiling[0m cargo-util-schemas v0.8.2
2025-07-18T19:06:46.2045943Z [1m[32m   Compiling[0m wasm-bindgen-wasm-interpreter v0.2.100
2025-07-18T19:06:46.7617644Z [1m[32m   Compiling[0m wasm-bindgen-threads-xform v0.2.100
2025-07-18T19:06:46.9829833Z [1m[32m   Compiling[0m wasm-bindgen-externref-xform v0.2.100
2025-07-18T19:06:47.2322784Z [1m[32m   Compiling[0m wasm-bindgen-multi-value-xform v0.2.100
2025-07-18T19:06:47.5534410Z [1m[32m   Compiling[0m swc_typescript v15.0.0
2025-07-18T19:06:48.0845788Z [1m[32m   Compiling[0m xattr v1.5.1
2025-07-18T19:06:48.3738253Z [1m[32m   Compiling[0m ignore v0.4.23
2025-07-18T19:06:51.7485585Z [1m[32m   Compiling[0m swc_ecma_ext_transforms v16.0.0
2025-07-18T19:06:52.2574441Z [1m[32m   Compiling[0m wasmparser v0.206.0
2025-07-18T19:06:52.7303144Z [1m[32m   Compiling[0m swc_node_comments v12.0.0
2025-07-18T19:06:53.0792706Z [1m[32m   Compiling[0m sanitize-filename v0.6.0
2025-07-18T19:06:53.2228176Z [1m[32m   Compiling[0m swc_transform_common v6.0.0
2025-07-18T19:06:53.4122193Z [1m[32m   Compiling[0m jsonc-parser v0.26.2
2025-07-18T19:06:54.4462787Z [1m[32m   Compiling[0m cargo-platform v0.2.0
2025-07-18T19:06:54.7800965Z [1m[32m   Compiling[0m serde_path_to_error v0.1.17
2025-07-18T19:06:55.1986486Z [1m[32m   Compiling[0m itertools v0.10.5
2025-07-18T19:06:56.5867909Z [1m[32m   Compiling[0m filetime v0.2.25
2025-07-18T19:06:56.7371637Z [1m[32m   Compiling[0m adler32 v1.2.0
2025-07-18T19:06:56.8173160Z [1m[32m   Compiling[0m dary_heap v0.3.7
2025-07-18T19:06:57.6104309Z [1m[32m   Compiling[0m file-id v0.2.2
2025-07-18T19:06:57.6935640Z [1m[32m   Compiling[0m nu-ansi-term v0.50.1
2025-07-18T19:06:57.7572467Z [1m[32m   Compiling[0m matchit v0.8.4
2025-07-18T19:06:58.0608921Z [1m[32m   Compiling[0m env_home v0.1.0
2025-07-18T19:06:58.1193198Z [1m[32m   Compiling[0m which v8.0.0
2025-07-18T19:06:58.2085660Z [1m[32m   Compiling[0m axum v0.8.4
2025-07-18T19:06:58.4554063Z [1m[32m   Compiling[0m flexi_logger v0.30.2
2025-07-18T19:07:02.1998470Z [1m[32m   Compiling[0m notify-debouncer-full v0.5.0
2025-07-18T19:07:03.0238023Z [1m[32m   Compiling[0m wasm-encoder v0.206.0
2025-07-18T19:07:04.3584475Z [1m[32m   Compiling[0m libflate v2.1.0
2025-07-18T19:07:04.5354525Z [1m[32m   Compiling[0m tar v0.4.44
2025-07-18T19:07:05.5234344Z [1m[32m   Compiling[0m lightningcss v1.0.0-alpha.67
2025-07-18T19:07:06.2696315Z [1m[32m   Compiling[0m cargo_metadata v0.20.0
2025-07-18T19:07:07.7576076Z [1m[32m   Compiling[0m swc v26.0.1
2025-07-18T19:07:11.9937791Z [1m[32m   Compiling[0m wasm-bindgen-cli-support v0.2.100
2025-07-18T19:07:23.5420506Z [1m[32m   Compiling[0m zip v4.3.0
2025-07-18T19:07:25.0971684Z [1m[32m   Compiling[0m brotli v8.0.1
2025-07-18T19:07:29.1963678Z [1m[32m   Compiling[0m color-eyre v0.6.5
2025-07-18T19:07:30.1902173Z [1m[32m   Compiling[0m reqwest v0.12.22
2025-07-18T19:07:39.3515959Z [1m[32m   Compiling[0m cargo-config2 v0.1.35
2025-07-18T19:07:52.7799644Z [1m[32m   Compiling[0m leptos_hot_reload v0.8.3
2025-07-18T19:07:55.3659478Z [1m[32m   Compiling[0m derive_more v2.0.1
2025-07-18T19:07:55.7524722Z [1m[32m   Compiling[0m md-5 v0.10.6
2025-07-18T19:07:56.0203208Z [1m[32m   Compiling[0m base64ct v1.8.0
2025-07-18T19:07:56.2817600Z [1m[32m   Compiling[0m dotenvy v0.15.7
2025-07-18T19:07:56.8671327Z [1m[32m   Compiling[0m dunce v1.0.5
2025-07-18T19:08:23.4235191Z [1m[32m   Compiling[0m git2 v0.20.2
2025-07-18T19:08:25.2085509Z [1m[32m   Compiling[0m auth-git2 v0.5.8
2025-07-18T19:08:25.3653714Z [1m[32m   Compiling[0m cargo-generate v0.23.4
2025-07-18T19:08:27.4075238Z [1m[32m   Compiling[0m cargo-leptos v0.2.40
2025-07-18T19:12:42.3326865Z [1m[32m    Finished[0m `release` profile [optimized] target(s) in 9m 53s
2025-07-18T19:12:42.4945357Z [1m[32m  Installing[0m /home/runner/.cargo/bin/cargo-leptos
2025-07-18T19:12:42.4946576Z [1m[32m   Installed[0m package `cargo-leptos v0.2.40` (executable `cargo-leptos`)
2025-07-18T19:12:42.9365626Z ##[group]Run npm ci
2025-07-18T19:12:42.9365889Z [36;1mnpm ci[0m
2025-07-18T19:12:42.9393459Z shell: /usr/bin/bash -e {0}
2025-07-18T19:12:42.9393712Z env:
2025-07-18T19:12:42.9393917Z   CARGO_TERM_COLOR: always
2025-07-18T19:12:42.9394170Z   CARGO_HOME: /home/runner/.cargo
2025-07-18T19:12:42.9394430Z   CARGO_INCREMENTAL: 0
2025-07-18T19:12:42.9394648Z ##[endgroup]
2025-07-18T19:12:45.4289896Z 
2025-07-18T19:12:45.4290575Z added 1 package, and audited 2 packages in 2s
2025-07-18T19:12:45.4298505Z 
2025-07-18T19:12:45.4298876Z found 0 vulnerabilities
2025-07-18T19:12:45.4417037Z ##[group]Run cargo leptos build --release
2025-07-18T19:12:45.4417691Z [36;1mcargo leptos build --release[0m
2025-07-18T19:12:45.4444983Z shell: /usr/bin/bash -e {0}
2025-07-18T19:12:45.4445233Z env:
2025-07-18T19:12:45.4445437Z   CARGO_TERM_COLOR: always
2025-07-18T19:12:45.4445685Z   CARGO_HOME: /home/runner/.cargo
2025-07-18T19:12:45.4445935Z   CARGO_INCREMENTAL: 0
2025-07-18T19:12:45.4446167Z ##[endgroup]
2025-07-18T19:12:47.5465333Z [1m[32m Downloading[0m crates ...
2025-07-18T19:12:47.6328497Z [1m[32m  Downloaded[0m console_error_panic_hook v0.1.7
2025-07-18T19:12:47.6856747Z [1m[32m   Compiling[0m proc-macro2 v1.0.95
2025-07-18T19:12:47.6858006Z [1m[32m   Compiling[0m unicode-ident v1.0.18
2025-07-18T19:12:47.6858711Z [1m[32m   Compiling[0m semver v1.0.26
2025-07-18T19:12:47.6859333Z [1m[32m   Compiling[0m serde v1.0.219
2025-07-18T19:12:47.7456530Z [1m[32m   Compiling[0m wasm-bindgen-shared v0.2.100
2025-07-18T19:12:47.8648336Z [1m[32m   Compiling[0m libc v0.2.174
2025-07-18T19:12:47.9433932Z [1m[32m   Compiling[0m memchr v2.7.5
2025-07-18T19:12:48.1086208Z [1m[32m   Compiling[0m rustc_version v0.4.1
2025-07-18T19:12:48.1207512Z [1m[32m   Compiling[0m cfg-if v1.0.1
2025-07-18T19:12:48.3086751Z [1m[32m   Compiling[0m quote v1.0.40
2025-07-18T19:12:48.4739343Z [1m[32m   Compiling[0m syn v2.0.104
2025-07-18T19:12:48.5571318Z [1m[32m   Compiling[0m bumpalo v3.19.0
2025-07-18T19:12:48.5797936Z [1m[32m   Compiling[0m log v0.4.27
2025-07-18T19:12:48.6906242Z [1m[32m   Compiling[0m thiserror v2.0.12
2025-07-18T19:12:48.6963185Z [1m[32m   Compiling[0m version_check v0.9.5
2025-07-18T19:12:48.8815057Z [1m[32m   Compiling[0m rustversion v1.0.21
2025-07-18T19:12:48.8837186Z [1m[32m   Compiling[0m once_cell v1.21.3
2025-07-18T19:12:48.9544733Z [1m[32m   Compiling[0m pin-project-lite v0.2.16
2025-07-18T19:12:48.9941007Z [1m[32m   Compiling[0m wasm-bindgen v0.2.100
2025-07-18T19:12:49.0726036Z [1m[32m   Compiling[0m autocfg v1.5.0
2025-07-18T19:12:49.0849664Z [1m[32m   Compiling[0m stable_deref_trait v1.2.0
2025-07-18T19:12:49.1164907Z [1m[32m   Compiling[0m futures-core v0.3.31
2025-07-18T19:12:49.1904413Z [1m[32m   Compiling[0m parking_lot_core v0.9.11
2025-07-18T19:12:49.3451873Z [1m[32m   Compiling[0m futures-sink v0.3.31
2025-07-18T19:12:49.3797567Z [1m[32m   Compiling[0m lock_api v0.4.13
2025-07-18T19:12:49.3909235Z [1m[32m   Compiling[0m futures-channel v0.3.31
2025-07-18T19:12:49.5445471Z [1m[32m   Compiling[0m smallvec v1.15.1
2025-07-18T19:12:49.5719238Z [1m[32m   Compiling[0m crossbeam-utils v0.8.21
2025-07-18T19:12:49.5933364Z [1m[32m   Compiling[0m proc-macro-error-attr2 v2.0.0
2025-07-18T19:12:49.7248592Z [1m[32m   Compiling[0m futures-task v0.3.31
2025-07-18T19:12:49.7679042Z [1m[32m   Compiling[0m pin-utils v0.1.0
2025-07-18T19:12:49.7953023Z [1m[32m   Compiling[0m slab v0.4.10
2025-07-18T19:12:49.8546935Z [1m[32m   Compiling[0m futures-io v0.3.31
2025-07-18T19:12:49.9652145Z [1m[32m   Compiling[0m num_cpus v1.17.0
2025-07-18T19:12:49.9983993Z [1m[32m   Compiling[0m unicode-segmentation v1.12.0
2025-07-18T19:12:50.1346024Z [1m[32m   Compiling[0m proc-macro2-diagnostics v0.10.1
2025-07-18T19:12:50.2653944Z [1m[32m   Compiling[0m writeable v0.6.1
2025-07-18T19:12:50.3236487Z [1m[32m   Compiling[0m convert_case v0.8.0
2025-07-18T19:12:50.3938199Z [1m[32m   Compiling[0m scopeguard v1.2.0
2025-07-18T19:12:50.4356566Z [1m[32m   Compiling[0m litemap v0.8.0
2025-07-18T19:12:50.5902465Z [1m[32m   Compiling[0m concurrent-queue v2.5.0
2025-07-18T19:12:50.7103867Z [1m[32m   Compiling[0m icu_properties_data v2.0.1
2025-07-18T19:12:50.7300006Z [1m[32m   Compiling[0m thiserror v1.0.69
2025-07-18T19:12:50.8166722Z [1m[32m   Compiling[0m unicode-xid v0.2.6
2025-07-18T19:12:50.8339751Z [1m[32m   Compiling[0m icu_normalizer_data v2.0.0
2025-07-18T19:12:50.8714568Z [1m[32m   Compiling[0m const_format_proc_macros v0.2.34
2025-07-18T19:12:50.9631218Z [1m[32m   Compiling[0m event-listener v5.4.0
2025-07-18T19:12:50.9671143Z [1m[32m   Compiling[0m proc-macro-utils v0.10.0
2025-07-18T19:12:51.1499197Z [1m[32m   Compiling[0m throw_error v0.3.0
2025-07-18T19:12:51.2636551Z [1m[32m   Compiling[0m slotmap v1.0.7
2025-07-18T19:12:51.4219076Z [1m[32m   Compiling[0m anyhow v1.0.98
2025-07-18T19:12:51.4490654Z [1m[32m   Compiling[0m serde_json v1.0.141
2025-07-18T19:12:51.5753199Z [1m[32m   Compiling[0m paste v1.0.15
2025-07-18T19:12:51.6320606Z [1m[32m   Compiling[0m itoa v1.0.15
2025-07-18T19:12:51.6346296Z [1m[32m   Compiling[0m camino v1.1.10
2025-07-18T19:12:51.8032626Z [1m[32m   Compiling[0m event-listener-strategy v0.5.4
2025-07-18T19:12:51.8614389Z [1m[32m   Compiling[0m wasm-bindgen-backend v0.2.100
2025-07-18T19:12:51.9443779Z [1m[32m   Compiling[0m synstructure v0.13.2
2025-07-18T19:12:52.4347844Z [1m[32m   Compiling[0m proc-macro-error2 v2.0.1
2025-07-18T19:12:52.4743534Z [1m[32m   Compiling[0m send_wrapper v0.6.0
2025-07-18T19:12:52.5312924Z [1m[32m   Compiling[0m server_fn_macro v0.8.3
2025-07-18T19:12:52.6288823Z [1m[32m   Compiling[0m reactive_graph v0.2.3
2025-07-18T19:12:52.7444655Z [1m[32m   Compiling[0m ryu v1.0.20
2025-07-18T19:12:52.7683640Z [1m[32m   Compiling[0m or_poisoned v0.1.0
2025-07-18T19:12:52.8042738Z [1m[32m   Compiling[0m hashbrown v0.14.5
2025-07-18T19:12:52.9182581Z [1m[32m   Compiling[0m wasm-bindgen-macro-support v0.2.100
2025-07-18T19:12:53.5476770Z [1m[32m   Compiling[0m dashmap v6.1.0
2025-07-18T19:12:53.6518993Z [1m[32m   Compiling[0m serde_derive v1.0.219
2025-07-18T19:12:53.9201067Z [1m[32m   Compiling[0m thiserror-impl v2.0.12
2025-07-18T19:12:54.0284145Z [1m[32m   Compiling[0m wasm-bindgen-macro v0.2.100
2025-07-18T19:12:54.5358135Z [1m[32m   Compiling[0m zerofrom-derive v0.1.6
2025-07-18T19:12:55.3308119Z [1m[32m   Compiling[0m yoke-derive v0.8.0
2025-07-18T19:12:55.6710410Z [1m[32m   Compiling[0m js-sys v0.3.77
2025-07-18T19:12:55.9425174Z [1m[32m   Compiling[0m zerofrom v0.1.6
2025-07-18T19:12:56.0239602Z [1m[32m   Compiling[0m zerovec-derive v0.11.1
2025-07-18T19:12:56.4981586Z [1m[32m   Compiling[0m yoke v0.8.0
2025-07-18T19:12:56.6719589Z [1m[32m   Compiling[0m futures-macro v0.3.31
2025-07-18T19:12:57.2009196Z [1m[32m   Compiling[0m zerovec v0.11.2
2025-07-18T19:12:57.5071394Z [1m[32m   Compiling[0m displaydoc v0.2.5
2025-07-18T19:12:58.1269064Z [1m[32m   Compiling[0m futures-util v0.3.31
2025-07-18T19:12:58.2022753Z [1m[32m   Compiling[0m tinystr v0.8.1
2025-07-18T19:12:58.3428919Z [1m[32m   Compiling[0m icu_locale_core v2.0.0
2025-07-18T19:12:59.4992790Z [1m[32m   Compiling[0m zerotrie v0.2.2
2025-07-18T19:12:59.6268083Z [1m[32m   Compiling[0m potential_utf v0.1.2
2025-07-18T19:12:59.7305194Z [1m[32m   Compiling[0m icu_provider v2.0.0
2025-07-18T19:12:59.8051352Z [1m[32m   Compiling[0m icu_collections v2.0.0
2025-07-18T19:13:00.0370444Z [1m[32m   Compiling[0m thiserror-impl v1.0.69
2025-07-18T19:13:00.3571488Z [1m[32m   Compiling[0m derive-where v1.5.0
2025-07-18T19:13:00.8290888Z [1m[32m   Compiling[0m wasm-bindgen-futures v0.4.50
2025-07-18T19:13:01.0459522Z [1m[32m   Compiling[0m web-sys v0.3.77
2025-07-18T19:13:01.3243963Z [1m[32m   Compiling[0m futures-executor v0.3.31
2025-07-18T19:13:01.6283582Z [1m[32m   Compiling[0m futures v0.3.31
2025-07-18T19:13:01.7102154Z [1m[32m   Compiling[0m any_spawner v0.3.0
2025-07-18T19:13:01.7958682Z [1m[32m   Compiling[0m hydration_context v0.3.0
2025-07-18T19:13:01.8681187Z [1m[32m   Compiling[0m icu_properties v2.0.1
2025-07-18T19:13:01.8738704Z [1m[32m   Compiling[0m icu_normalizer v2.0.0
2025-07-18T19:13:02.5979126Z [1m[32m   Compiling[0m syn_derive v0.2.0
2025-07-18T19:13:03.2490527Z [1m[32m   Compiling[0m async-lock v3.4.0
2025-07-18T19:13:03.7843074Z [1m[32m   Compiling[0m const_format v0.2.34
2025-07-18T19:13:04.0386260Z [1m[32m   Compiling[0m equivalent v1.0.2
2025-07-18T19:13:04.0734032Z [1m[32m   Compiling[0m guardian v1.3.0
2025-07-18T19:13:04.1008753Z [1m[32m   Compiling[0m either v1.15.0
2025-07-18T19:13:04.1402057Z [1m[32m   Compiling[0m xxhash-rust v0.8.15
2025-07-18T19:13:04.1838511Z [1m[32m   Compiling[0m percent-encoding v2.3.1
2025-07-18T19:13:04.2053040Z [1m[32m   Compiling[0m rustc-hash v2.1.1
2025-07-18T19:13:04.2642547Z [1m[32m   Compiling[0m hashbrown v0.15.4
2025-07-18T19:13:04.2688078Z [1m[32m   Compiling[0m itertools v0.14.0
2025-07-18T19:13:04.8152384Z [1m[32m   Compiling[0m indexmap v2.10.0
2025-07-18T19:13:04.8732533Z [1m[32m   Compiling[0m idna_adapter v1.2.1
2025-07-18T19:13:05.3212499Z [1m[32m   Compiling[0m reactive_stores_macro v0.2.3
2025-07-18T19:13:05.4593055Z [1m[32m   Compiling[0m quote-use-macros v0.8.4
2025-07-18T19:13:05.7296431Z [1m[32m   Compiling[0m pin-project-internal v1.1.10
2025-07-18T19:13:05.9476506Z [1m[32m   Compiling[0m manyhow-macros v0.11.4
2025-07-18T19:13:06.1308564Z [1m[32m   Compiling[0m parking_lot v0.12.4
2025-07-18T19:13:06.4623498Z [1m[32m   Compiling[0m tachys v0.2.4
2025-07-18T19:13:06.5882658Z [1m[32m   Compiling[0m prettyplease v0.2.35
2025-07-18T19:13:06.6055730Z [1m[32m   Compiling[0m getrandom v0.3.3
2025-07-18T19:13:06.7043491Z [1m[32m   Compiling[0m utf8_iter v1.0.4
2025-07-18T19:13:06.7914964Z [1m[32m   Compiling[0m yansi v1.0.1
2025-07-18T19:13:06.8128888Z [1m[32m   Compiling[0m winnow v0.7.12
2025-07-18T19:13:06.8766074Z [1m[32m   Compiling[0m bytes v1.10.1
2025-07-18T19:13:07.0699685Z [1m[32m   Compiling[0m fnv v1.0.7
2025-07-18T19:13:07.1082777Z [1m[32m   Compiling[0m utf8-width v0.1.7
2025-07-18T19:13:07.3487598Z [1m[32m   Compiling[0m html-escape v0.2.13
2025-07-18T19:13:07.5849080Z [1m[32m   Compiling[0m http v1.3.1
2025-07-18T19:13:08.3803650Z [1m[32m   Compiling[0m pin-project v1.1.10
2025-07-18T19:13:08.4221151Z [1m[32m   Compiling[0m toml_parser v1.0.1
2025-07-18T19:13:08.7364061Z [1m[32m   Compiling[0m idna v1.0.3
2025-07-18T19:13:09.1394001Z [1m[32m   Compiling[0m manyhow v0.11.4
2025-07-18T19:13:09.3335656Z [1m[32m   Compiling[0m quote-use v0.8.4
2025-07-18T19:13:09.4347505Z [1m[32m   Compiling[0m form_urlencoded v1.2.1
2025-07-18T19:13:09.5706979Z [1m[32m   Compiling[0m either_of v0.1.6
2025-07-18T19:13:09.9225036Z [1m[32m   Compiling[0m oco_ref v0.2.0
2025-07-18T19:13:10.0644683Z [1m[32m   Compiling[0m toml_datetime v0.7.0
2025-07-18T19:13:10.3990747Z [1m[32m   Compiling[0m serde_spanned v1.0.0
2025-07-18T19:13:10.4757913Z [1m[32m   Compiling[0m async-trait v0.1.88
2025-07-18T19:13:11.5529104Z [1m[32m   Compiling[0m server_fn v0.8.3
2025-07-18T19:13:11.5877648Z [1m[32m   Compiling[0m aho-corasick v1.1.3
2025-07-18T19:13:11.7038783Z [1m[32m   Compiling[0m erased v0.1.2
2025-07-18T19:13:11.7530924Z [1m[32m   Compiling[0m linear-map v1.2.0
2025-07-18T19:13:11.8785299Z [1m[32m   Compiling[0m regex-syntax v0.8.5
2025-07-18T19:13:13.8750132Z [1m[32m   Compiling[0m same-file v1.0.6
2025-07-18T19:13:13.9787784Z [1m[32m   Compiling[0m const_str_slice_concat v0.1.0
2025-07-18T19:13:14.0410542Z [1m[32m   Compiling[0m interpolator v0.5.0
2025-07-18T19:13:14.3357157Z [1m[32m   Compiling[0m next_tuple v0.1.0
2025-07-18T19:13:15.6779738Z [1m[32m   Compiling[0m drain_filter_polyfill v0.1.3
2025-07-18T19:13:15.7278494Z [1m[32m   Compiling[0m collection_literals v1.0.2
2025-07-18T19:13:15.7579959Z [1m[32m   Compiling[0m attribute-derive-macro v0.10.3
2025-07-18T19:13:16.9504005Z [1m[32m   Compiling[0m convert_case v0.6.0
2025-07-18T19:13:16.9645295Z [1m[32m   Compiling[0m walkdir v2.5.0
2025-07-18T19:13:17.1806984Z [1m[32m   Compiling[0m regex-automata v0.4.9
2025-07-18T19:13:18.0018700Z [1m[32m   Compiling[0m toml v0.9.2
2025-07-18T19:13:19.7303244Z [1m[32m   Compiling[0m url v2.5.4
2025-07-18T19:13:21.1949265Z [1m[32m   Compiling[0m rstml v0.12.1
2025-07-18T19:13:24.2036766Z [1m[32m   Compiling[0m server_fn_macro_default v0.8.3
2025-07-18T19:13:24.4675703Z [1m[32m   Compiling[0m serde_qs v0.15.0
2025-07-18T19:13:24.6747845Z [1m[32m   Compiling[0m typed-builder-macro v0.21.0
2025-07-18T19:13:25.3289491Z [1m[32m   Compiling[0m leptos_macro v0.8.3
2025-07-18T19:13:25.6175324Z [1m[32m   Compiling[0m gloo-utils v0.2.0
2025-07-18T19:13:25.7115125Z [1m[32m   Compiling[0m gloo-net v0.6.0
2025-07-18T19:13:26.1976477Z [1m[32m   Compiling[0m base64 v0.22.1
2025-07-18T19:13:26.3204559Z [1m[32m   Compiling[0m const-str v0.6.3
2025-07-18T19:13:26.6550404Z [1m[32m   Compiling[0m pathdiff v0.2.3
2025-07-18T19:13:26.8999413Z [1m[32m   Compiling[0m reactive_stores v0.2.3
2025-07-18T19:13:28.0402987Z [1m[32m   Compiling[0m config v0.15.13
2025-07-18T19:13:28.9269981Z [1m[32m   Compiling[0m typed-builder v0.21.0
2025-07-18T19:13:29.0160526Z [1m[32m   Compiling[0m wasm-streams v0.4.2
2025-07-18T19:13:29.7845310Z [1m[32m   Compiling[0m leptos_hot_reload v0.8.3
2025-07-18T19:13:30.1871561Z [1m[32m   Compiling[0m uuid v1.17.0
2025-07-18T19:13:30.4178124Z [1m[32m   Compiling[0m regex v1.11.1
2025-07-18T19:13:30.5180524Z [1m[32m   Compiling[0m attribute-derive v0.10.3
2025-07-18T19:13:31.8582501Z [1m[32m   Compiling[0m codee v0.3.2
2025-07-18T19:13:32.0131249Z [1m[32m   Compiling[0m leptos v0.8.3
2025-07-18T19:13:32.4407156Z [1m[32m   Compiling[0m leptos_config v0.8.3
2025-07-18T19:13:33.4711792Z [1m[32m   Compiling[0m console_error_panic_hook v0.1.7
2025-07-18T19:13:36.4829129Z [1m[32m   Compiling[0m leptos_server v0.8.3
2025-07-18T19:13:36.4830482Z [1m[32m   Compiling[0m leptos_dom v0.8.3
2025-07-18T19:13:37.4340838Z [1m[32m   Compiling[0m leptos_meta v0.8.3
2025-07-18T19:13:38.1758521Z [1m[32m   Compiling[0m leptos-radix-ui v0.1.0 (/home/runner/work/Leptographic/Leptographic)
2025-07-18T19:13:40.4155790Z [1m[32m    Finished[0m `wasm-release` profile [optimized] target(s) in 53.07s
2025-07-18T19:13:40.4330186Z [38;5;77m       Cargo[0m finished [38;5;241mcargo build --package=leptos-radix-ui --lib --target-dir=/home/runner/work/Leptographic/Leptographic/target/front --target=wasm32-unknown-unknown --no-default-features --features=hydrate --profile=wasm-release[0m
2025-07-18T19:13:40.4331702Z [38;5;77m       Front[0m generating JS/WASM with wasm-bindgen
2025-07-18T19:13:40.5756622Z [38;5;77m     Command[0m installing wasm-opt-version_123 ...
2025-07-18T19:13:41.9413154Z [38;5;77m     Command[0m wasm-opt-version_123 installed.
2025-07-18T19:13:42.7010674Z [38;5;196m[swc_ecma_transforms_optimization][0m tree-shaker; pass=0
2025-07-18T19:13:42.7039533Z [38;5;196m[swc_ecma_transforms_optimization][0m tree-shaker; pass=0
2025-07-18T19:13:42.7061244Z [38;5;77m    Finished[0m generating JS/WASM for front in 2.273247134s
2025-07-18T19:13:42.7083972Z Error: 
2025-07-18T19:13:42.7085213Z    0: [91mMirroring "public" -> "target/site" at `/home/runner/.cargo/registry/src/index.crates.io-1949cf8c6b5b557f/cargo-leptos-0.2.40/src/compile/assets.rs:63:10`[0m
2025-07-18T19:13:42.7086084Z    1: [91mNo such file or directory (os error 2)[0m
2025-07-18T19:13:42.7086322Z 
2025-07-18T19:13:42.7086430Z Location:
2025-07-18T19:13:42.7087138Z    [35m/home/runner/.cargo/registry/src/index.crates.io-1949cf8c6b5b557f/cargo-leptos-0.2.40/src/compile/assets.rs[0m:[35m100[0m
2025-07-18T19:13:42.7087846Z 
2025-07-18T19:13:42.7088165Z Backtrace omitted. Run with RUST_BACKTRACE=1 environment variable to display it.
2025-07-18T19:13:42.7088690Z Run with RUST_BACKTRACE=full to include source snippets.
2025-07-18T19:13:42.7163129Z ##[error]Process completed with exit code 1.
2025-07-18T19:13:42.7243978Z Post job cleanup.
2025-07-18T19:13:42.8174578Z [command]/usr/bin/git version
2025-07-18T19:13:42.8210719Z git version 2.50.1
2025-07-18T19:13:42.8252640Z Temporarily overriding HOME='/home/runner/work/_temp/900d87b4-f196-476d-9edd-aa07810fd03e' before making global git config changes
2025-07-18T19:13:42.8253627Z Adding repository directory to the temporary git global config as a safe directory
2025-07-18T19:13:42.8264276Z [command]/usr/bin/git config --global --add safe.directory /home/runner/work/Leptographic/Leptographic
2025-07-18T19:13:42.8296296Z [command]/usr/bin/git config --local --name-only --get-regexp core\.sshCommand
2025-07-18T19:13:42.8327651Z [command]/usr/bin/git submodule foreach --recursive sh -c "git config --local --name-only --get-regexp 'core\.sshCommand' && git config --local --unset-all 'core.sshCommand' || :"
2025-07-18T19:13:42.8554998Z [command]/usr/bin/git config --local --name-only --get-regexp http\.https\:\/\/github\.com\/\.extraheader
2025-07-18T19:13:42.8575373Z http.https://github.com/.extraheader
2025-07-18T19:13:42.8587685Z [command]/usr/bin/git config --local --unset-all http.https://github.com/.extraheader
2025-07-18T19:13:42.8617093Z [command]/usr/bin/git submodule foreach --recursive sh -c "git config --local --name-only --get-regexp 'http\.https\:\/\/github\.com\/\.extraheader' && git config --local --unset-all 'http.https://github.com/.extraheader' || :"
2025-07-18T19:13:42.8946134Z Cleaning up orphan processes
