Workflow file for this run
.github/workflows/deploy.yml at 6b33bdc
name: Deploy to Leptographic.com

on:
  push:
    branches: [ main ]
  workflow_dispatch:

env:
  CARGO_TERM_COLOR: always

jobs:
  build-and-deploy:
    runs-on: ubuntu-latest
    # Secrets are configured and validated

    steps:
    - name: Checkout code
      uses: actions/checkout@11bd71901bbe5b1630ceea73d27597364c9af683 # v4.2.2

    - name: Setup Rust
      uses: dtolnay/rust-toolchain@4305c38b25d97ef35a8ad1f985ccf2d2242004f2 # stable
      with:
        targets: wasm32-unknown-unknown

    - name: Cache Rust dependencies
      uses: actions/cache@5a3ec84eff668545956fd18022155c47e93e2684 # v4.2.3
      with:
        path: |
          ~/.cargo/bin/
          ~/.cargo/registry/index/
          ~/.cargo/registry/cache/
          ~/.cargo/git/db/
          target/
        key: ${{ runner.os }}-cargo-${{ hashFiles('**/Cargo.lock') }}
        restore-keys: |
          ${{ runner.os }}-cargo-
    - name: Setup Node.js
      uses: actions/setup-node@49933ea5288caeca8642d1e84afbd3f7d6820020 # v4.4.0
      with:
        node-version: '18'

    - name: Install cargo-leptos (cached)
      run: |
        if ! command -v cargo-leptos &> /dev/null; then
          cargo install cargo-leptos --version 0.2.40
        else
          echo "cargo-leptos already installed"
        fi
      
    - name: Install npm dependencies
      run: |
        if [ -f "package-lock.json" ]; then
          npm ci
        else
          npm install
        fi
    - name: Build Leptos application
      run: |
        echo "Building Leptos application..."
        cargo leptos build --release
    - name: Verify build artifacts
      run: |
        echo "Checking build artifacts..."
        ls -la target/site/
        ls -la target/release/
        # Find the actual binary name
        BINARY_NAME=$(find target/release/ -maxdepth 1 -type f -executable ! -name "*.d" | head -1 | xargs basename)
        echo "Found binary: $BINARY_NAME"
        echo "BINARY_NAME=$BINARY_NAME" >> $GITHUB_ENV
    - name: Create deployment archive
      run: |
        mkdir -p deploy
        cp -r target/site/* deploy/
        cp target/release/leptos-radix-ui deploy/leptographic-app
        tar -czf leptographic-deploy.tar.gz -C deploy .
        
    - name: Deploy to new server
      uses: appleboy/ssh-action@2ead5e36573f08b82fbfce1504f1a4b05a647c6f # v1.2.2
      with:
        host: ${{ secrets.HETZNER_HOST }}
        username: ${{ secrets.HETZNER_USER }}
        key: ${{ secrets.HETZNER_SSH_KEY }}
        port: 22
        script: |
          # Create deployment directory
          sudo mkdir -p /var/www/leptographic
          sudo chown $USER:$USER /var/www/leptographic
          
          # Stop existing service if running
          sudo systemctl stop leptographic || true
          # Backup current deployment
          if [ -d "/var/www/leptographic/current" ]; then
            sudo mv /var/www/leptographic/current /var/www/leptographic/backup-$(date +%Y%m%d-%H%M%S)
          fi
          # Create new deployment directory
          mkdir -p /var/www/leptographic/current
          
    - name: Upload deployment files
      uses: appleboy/scp-action@ff85246acaad7bdce478db94a363cd2bf7c90345 # v1.0.0
      with:
        host: ${{ secrets.HETZNER_HOST }}
        username: ${{ secrets.HETZNER_USER }}
        key: ${{ secrets.HETZNER_SSH_KEY }}
        port: 22
        source: "leptographic-deploy.tar.gz"
        target: "/tmp/"

    - name: Extract and start application
      uses: appleboy/ssh-action@2ead5e36573f08b82fbfce1504f1a4b05a647c6f # v1.2.2
      with:
        host: ${{ secrets.HETZNER_HOST }}
        username: ${{ secrets.HETZNER_USER }}
        key: ${{ secrets.HETZNER_SSH_KEY }}
        port: 22
        script: |
          set -e  # Exit on any error
          # Extract deployment files
          cd /var/www/leptographic/current
          tar -xzf /tmp/leptographic-deploy.tar.gz
          chmod +x leptographic-app
          # Clean up temp file
          rm /tmp/leptographic-deploy.tar.gz
          # Start the service
          sudo systemctl start leptographic
          sudo systemctl enable leptographic
          # Wait a moment for service to start
          sleep 3
          # Check service status
          sudo systemctl status leptographic --no-pager
          # Verify the application is responding
          curl -f http://localhost:3000 || echo "Warning: Application not responding on localhost:3000"

		  2025-07-18T23:40:35.6643295Z Current runner version: '2.326.0'
2025-07-18T23:40:35.6666647Z ##[group]Runner Image Provisioner
2025-07-18T23:40:35.6667642Z Hosted Compute Agent
2025-07-18T23:40:35.6668348Z Version: 20250711.363
2025-07-18T23:40:35.6669017Z Commit: 6785254374ce925a23743850c1cb91912ce5c14c
2025-07-18T23:40:35.6669869Z Build Date: 2025-07-11T20:04:25Z
2025-07-18T23:40:35.6670585Z ##[endgroup]
2025-07-18T23:40:35.6671292Z ##[group]Operating System
2025-07-18T23:40:35.6671945Z Ubuntu
2025-07-18T23:40:35.6672484Z 24.04.2
2025-07-18T23:40:35.6673130Z LTS
2025-07-18T23:40:35.6673727Z ##[endgroup]
2025-07-18T23:40:35.6674759Z ##[group]Runner Image
2025-07-18T23:40:35.6675429Z Image: ubuntu-24.04
2025-07-18T23:40:35.6676351Z Version: 20250710.1.0
2025-07-18T23:40:35.6677617Z Included Software: https://github.com/actions/runner-images/blob/ubuntu24/20250710.1/images/ubuntu/Ubuntu2404-Readme.md
2025-07-18T23:40:35.6679322Z Image Release: https://github.com/actions/runner-images/releases/tag/ubuntu24%2F20250710.1
2025-07-18T23:40:35.6680480Z ##[endgroup]
2025-07-18T23:40:35.6681780Z ##[group]GITHUB_TOKEN Permissions
2025-07-18T23:40:35.6684087Z Contents: read
2025-07-18T23:40:35.6684908Z Metadata: read
2025-07-18T23:40:35.6685540Z Packages: read
2025-07-18T23:40:35.6686125Z ##[endgroup]
2025-07-18T23:40:35.6688532Z Secret source: Actions
2025-07-18T23:40:35.6689651Z Prepare workflow directory
2025-07-18T23:40:35.7084275Z Prepare all required actions
2025-07-18T23:40:35.7120939Z Getting action download info
2025-07-18T23:40:36.1784187Z Download action repository 'actions/checkout@11bd71901bbe5b1630ceea73d27597364c9af683' (SHA:11bd71901bbe5b1630ceea73d27597364c9af683)
2025-07-18T23:40:36.2920200Z Download action repository 'dtolnay/rust-toolchain@4305c38b25d97ef35a8ad1f985ccf2d2242004f2' (SHA:4305c38b25d97ef35a8ad1f985ccf2d2242004f2)
2025-07-18T23:40:36.8172970Z Download action repository 'actions/cache@5a3ec84eff668545956fd18022155c47e93e2684' (SHA:5a3ec84eff668545956fd18022155c47e93e2684)
2025-07-18T23:40:36.9197579Z Download action repository 'actions/setup-node@49933ea5288caeca8642d1e84afbd3f7d6820020' (SHA:49933ea5288caeca8642d1e84afbd3f7d6820020)
2025-07-18T23:40:37.0181423Z Download action repository 'appleboy/ssh-action@2ead5e36573f08b82fbfce1504f1a4b05a647c6f' (SHA:2ead5e36573f08b82fbfce1504f1a4b05a647c6f)
2025-07-18T23:40:37.7241219Z Download action repository 'appleboy/scp-action@ff85246acaad7bdce478db94a363cd2bf7c90345' (SHA:ff85246acaad7bdce478db94a363cd2bf7c90345)
2025-07-18T23:40:38.5330185Z Complete job name: build-and-deploy
2025-07-18T23:40:38.6067881Z ##[group]Run actions/checkout@11bd71901bbe5b1630ceea73d27597364c9af683
2025-07-18T23:40:38.6068723Z with:
2025-07-18T23:40:38.6069115Z   repository: jakenelwood/Leptographic
2025-07-18T23:40:38.6069726Z   token: ***
2025-07-18T23:40:38.6070085Z   ssh-strict: true
2025-07-18T23:40:38.6070442Z   ssh-user: git
2025-07-18T23:40:38.6070816Z   persist-credentials: true
2025-07-18T23:40:38.6071206Z   clean: true
2025-07-18T23:40:38.6071575Z   sparse-checkout-cone-mode: true
2025-07-18T23:40:38.6071997Z   fetch-depth: 1
2025-07-18T23:40:38.6072357Z   fetch-tags: false
2025-07-18T23:40:38.6072720Z   show-progress: true
2025-07-18T23:40:38.6073071Z   lfs: false
2025-07-18T23:40:38.6073404Z   submodules: false
2025-07-18T23:40:38.6073773Z   set-safe-directory: true
2025-07-18T23:40:38.6074583Z env:
2025-07-18T23:40:38.6074930Z   CARGO_TERM_COLOR: always
2025-07-18T23:40:38.6075309Z ##[endgroup]
2025-07-18T23:40:38.7157253Z Syncing repository: jakenelwood/Leptographic
2025-07-18T23:40:38.7159307Z ##[group]Getting Git version info
2025-07-18T23:40:38.7160043Z Working directory is '/home/runner/work/Leptographic/Leptographic'
2025-07-18T23:40:38.7160982Z [command]/usr/bin/git version
2025-07-18T23:40:38.7178397Z git version 2.50.1
2025-07-18T23:40:38.7206383Z ##[endgroup]
2025-07-18T23:40:38.7229325Z Temporarily overriding HOME='/home/runner/work/_temp/edb1ccb5-918f-4ac3-a72c-3af59e625001' before making global git config changes
2025-07-18T23:40:38.7231138Z Adding repository directory to the temporary git global config as a safe directory
2025-07-18T23:40:38.7235878Z [command]/usr/bin/git config --global --add safe.directory /home/runner/work/Leptographic/Leptographic
2025-07-18T23:40:38.7273251Z Deleting the contents of '/home/runner/work/Leptographic/Leptographic'
2025-07-18T23:40:38.7277312Z ##[group]Initializing the repository
2025-07-18T23:40:38.7281871Z [command]/usr/bin/git init /home/runner/work/Leptographic/Leptographic
2025-07-18T23:40:38.7387874Z hint: Using 'master' as the name for the initial branch. This default branch name
2025-07-18T23:40:38.7389791Z hint: is subject to change. To configure the initial branch name to use in all
2025-07-18T23:40:38.7392185Z hint: of your new repositories, which will suppress this warning, call:
2025-07-18T23:40:38.7393364Z hint:
2025-07-18T23:40:38.7396964Z hint: 	git config --global init.defaultBranch <name>
2025-07-18T23:40:38.7398340Z hint:
2025-07-18T23:40:38.7399168Z hint: Names commonly chosen instead of 'master' are 'main', 'trunk' and
2025-07-18T23:40:38.7400383Z hint: 'development'. The just-created branch can be renamed via this command:
2025-07-18T23:40:38.7401334Z hint:
2025-07-18T23:40:38.7401940Z hint: 	git branch -m <name>
2025-07-18T23:40:38.7402582Z hint:
2025-07-18T23:40:38.7403396Z hint: Disable this message with "git config set advice.defaultBranchName false"
2025-07-18T23:40:38.7404958Z Initialized empty Git repository in /home/runner/work/Leptographic/Leptographic/.git/
2025-07-18T23:40:38.7407269Z [command]/usr/bin/git remote add origin https://github.com/jakenelwood/Leptographic
2025-07-18T23:40:38.7439700Z ##[endgroup]
2025-07-18T23:40:38.7440344Z ##[group]Disabling automatic garbage collection
2025-07-18T23:40:38.7446133Z [command]/usr/bin/git config --local gc.auto 0
2025-07-18T23:40:38.7475855Z ##[endgroup]
2025-07-18T23:40:38.7476892Z ##[group]Setting up auth
2025-07-18T23:40:38.7484328Z [command]/usr/bin/git config --local --name-only --get-regexp core\.sshCommand
2025-07-18T23:40:38.7519141Z [command]/usr/bin/git submodule foreach --recursive sh -c "git config --local --name-only --get-regexp 'core\.sshCommand' && git config --local --unset-all 'core.sshCommand' || :"
2025-07-18T23:40:38.7810101Z [command]/usr/bin/git config --local --name-only --get-regexp http\.https\:\/\/github\.com\/\.extraheader
2025-07-18T23:40:38.7838195Z [command]/usr/bin/git submodule foreach --recursive sh -c "git config --local --name-only --get-regexp 'http\.https\:\/\/github\.com\/\.extraheader' && git config --local --unset-all 'http.https://github.com/.extraheader' || :"
2025-07-18T23:40:38.8051656Z [command]/usr/bin/git config --local http.https://github.com/.extraheader AUTHORIZATION: basic ***
2025-07-18T23:40:38.8085028Z ##[endgroup]
2025-07-18T23:40:38.8085778Z ##[group]Fetching the repository
2025-07-18T23:40:38.8094228Z [command]/usr/bin/git -c protocol.version=2 fetch --no-tags --prune --no-recurse-submodules --depth=1 origin +6b33bdc25cf0efe715d45fb4d9212e76d2228087:refs/remotes/origin/main
2025-07-18T23:40:39.3709763Z From https://github.com/jakenelwood/Leptographic
2025-07-18T23:40:39.3710511Z  * [new ref]         6b33bdc25cf0efe715d45fb4d9212e76d2228087 -> origin/main
2025-07-18T23:40:39.3734797Z ##[endgroup]
2025-07-18T23:40:39.3735540Z ##[group]Determining the checkout info
2025-07-18T23:40:39.3737852Z ##[endgroup]
2025-07-18T23:40:39.3743091Z [command]/usr/bin/git sparse-checkout disable
2025-07-18T23:40:39.3782780Z [command]/usr/bin/git config --local --unset-all extensions.worktreeConfig
2025-07-18T23:40:39.3809785Z ##[group]Checking out the ref
2025-07-18T23:40:39.3813133Z [command]/usr/bin/git checkout --progress --force -B main refs/remotes/origin/main
2025-07-18T23:40:39.3936049Z Switched to a new branch 'main'
2025-07-18T23:40:39.3938780Z branch 'main' set up to track 'origin/main'.
2025-07-18T23:40:39.3944185Z ##[endgroup]
2025-07-18T23:40:39.3976757Z [command]/usr/bin/git log -1 --format=%H
2025-07-18T23:40:39.3997859Z 6b33bdc25cf0efe715d45fb4d9212e76d2228087
2025-07-18T23:40:39.4259680Z ##[group]Run dtolnay/rust-toolchain@4305c38b25d97ef35a8ad1f985ccf2d2242004f2
2025-07-18T23:40:39.4260327Z with:
2025-07-18T23:40:39.4260577Z   targets: wasm32-unknown-unknown
2025-07-18T23:40:39.4260852Z   toolchain: stable
2025-07-18T23:40:39.4261073Z env:
2025-07-18T23:40:39.4261283Z   CARGO_TERM_COLOR: always
2025-07-18T23:40:39.4261526Z ##[endgroup]
2025-07-18T23:40:39.4364755Z ##[group]Run : parse toolchain version
2025-07-18T23:40:39.4365188Z [36;1m: parse toolchain version[0m
2025-07-18T23:40:39.4365605Z [36;1mif [[ $toolchain =~ ^stable' '[0-9]+' '(year|month|week|day)s?' 'ago$ ]]; then[0m
2025-07-18T23:40:39.4366026Z [36;1m  if [[ Linux == macOS ]]; then[0m
2025-07-18T23:40:39.4366551Z [36;1m    echo "toolchain=1.$((($(date -v-$(sed 's/stable \([0-9]*\) \(.\).*/\1\2/' <<< $toolchain) +%s)/60/60/24-16569)/7/6))" >> $GITHUB_OUTPUT[0m
2025-07-18T23:40:39.4367025Z [36;1m  else[0m
2025-07-18T23:40:39.4367474Z [36;1m    echo "toolchain=1.$((($(date --date "${toolchain#stable }" +%s)/60/60/24-16569)/7/6))" >> $GITHUB_OUTPUT[0m
2025-07-18T23:40:39.4367929Z [36;1m  fi[0m
2025-07-18T23:40:39.4368246Z [36;1melif [[ $toolchain =~ ^stable' 'minus' '[0-9]+' 'releases?$ ]]; then[0m
2025-07-18T23:40:39.4368774Z [36;1m  echo "toolchain=1.$((($(date +%s)/60/60/24-16569)/7/6-${toolchain//[^0-9]/}))" >> $GITHUB_OUTPUT[0m
2025-07-18T23:40:39.4369221Z [36;1melif [[ $toolchain =~ ^1\.[0-9]+$ ]]; then[0m
2025-07-18T23:40:39.4369735Z [36;1m  echo "toolchain=1.$((i=${toolchain#1.}, c=($(date +%s)/60/60/24-16569)/7/6, i+9*i*(10*i<=c)+90*i*(100*i<=c)))" >> $GITHUB_OUTPUT[0m
2025-07-18T23:40:39.4370326Z [36;1melse[0m
2025-07-18T23:40:39.4370593Z [36;1m  echo "toolchain=$toolchain" >> $GITHUB_OUTPUT[0m
2025-07-18T23:40:39.4370901Z [36;1mfi[0m
2025-07-18T23:40:39.4401620Z shell: /usr/bin/bash --noprofile --norc -e -o pipefail {0}
2025-07-18T23:40:39.4401998Z env:
2025-07-18T23:40:39.4402219Z   CARGO_TERM_COLOR: always
2025-07-18T23:40:39.4402477Z   toolchain: stable
2025-07-18T23:40:39.4402720Z ##[endgroup]
2025-07-18T23:40:39.4529207Z ##[group]Run : construct rustup command line
2025-07-18T23:40:39.4529582Z [36;1m: construct rustup command line[0m
2025-07-18T23:40:39.4530046Z [36;1mecho "targets=$(for t in ${targets//,/ }; do echo -n ' --target' $t; done)" >> $GITHUB_OUTPUT[0m
2025-07-18T23:40:39.4530659Z [36;1mecho "components=$(for c in ${components//,/ }; do echo -n ' --component' $c; done)" >> $GITHUB_OUTPUT[0m
2025-07-18T23:40:39.4531140Z [36;1mecho "downgrade=" >> $GITHUB_OUTPUT[0m
2025-07-18T23:40:39.4556212Z shell: /usr/bin/bash --noprofile --norc -e -o pipefail {0}
2025-07-18T23:40:39.4556575Z env:
2025-07-18T23:40:39.4556789Z   CARGO_TERM_COLOR: always
2025-07-18T23:40:39.4557063Z   targets: wasm32-unknown-unknown
2025-07-18T23:40:39.4557334Z   components: 
2025-07-18T23:40:39.4557548Z ##[endgroup]
2025-07-18T23:40:39.4657185Z ##[group]Run : set $CARGO_HOME
2025-07-18T23:40:39.4657482Z [36;1m: set $CARGO_HOME[0m
2025-07-18T23:40:39.4657839Z [36;1mecho CARGO_HOME=${CARGO_HOME:-"$HOME/.cargo"} >> $GITHUB_ENV[0m
2025-07-18T23:40:39.4682579Z shell: /usr/bin/bash --noprofile --norc -e -o pipefail {0}
2025-07-18T23:40:39.4682940Z env:
2025-07-18T23:40:39.4683155Z   CARGO_TERM_COLOR: always
2025-07-18T23:40:39.4683401Z ##[endgroup]
2025-07-18T23:40:39.4753306Z ##[group]Run : install rustup if needed
2025-07-18T23:40:39.4753638Z [36;1m: install rustup if needed[0m
2025-07-18T23:40:39.4754223Z [36;1mif ! command -v rustup &>/dev/null; then[0m
2025-07-18T23:40:39.4754958Z [36;1m  curl --proto '=https' --tlsv1.2 --retry 10 --retry-connrefused --location --silent --show-error --fail https://sh.rustup.rs | sh -s -- --default-toolchain none -y[0m
2025-07-18T23:40:39.4755677Z [36;1m  echo "$CARGO_HOME/bin" >> $GITHUB_PATH[0m
2025-07-18T23:40:39.4755969Z [36;1mfi[0m
2025-07-18T23:40:39.4780715Z shell: /usr/bin/bash --noprofile --norc -e -o pipefail {0}
2025-07-18T23:40:39.4781067Z env:
2025-07-18T23:40:39.4781284Z   CARGO_TERM_COLOR: always
2025-07-18T23:40:39.4781737Z   CARGO_HOME: /home/runner/.cargo
2025-07-18T23:40:39.4782008Z ##[endgroup]
2025-07-18T23:40:39.4851042Z ##[group]Run rustup toolchain install stable --target wasm32-unknown-unknown --profile minimal --no-self-update
2025-07-18T23:40:39.4851799Z [36;1mrustup toolchain install stable --target wasm32-unknown-unknown --profile minimal --no-self-update[0m
2025-07-18T23:40:39.4876578Z shell: /usr/bin/bash --noprofile --norc -e -o pipefail {0}
2025-07-18T23:40:39.4876936Z env:
2025-07-18T23:40:39.4877147Z   CARGO_TERM_COLOR: always
2025-07-18T23:40:39.4877403Z   CARGO_HOME: /home/runner/.cargo
2025-07-18T23:40:39.4877665Z ##[endgroup]
2025-07-18T23:40:39.6900567Z info: syncing channel updates for 'stable-x86_64-unknown-linux-gnu'
2025-07-18T23:40:39.8838653Z info: latest update on 2025-06-26, rust version 1.88.0 (6b00bc388 2025-06-23)
2025-07-18T23:40:39.9139519Z info: downloading component 'rust-std' for 'wasm32-unknown-unknown'
2025-07-18T23:40:40.1065330Z info: installing component 'rust-std' for 'wasm32-unknown-unknown'
2025-07-18T23:40:41.4881774Z 
2025-07-18T23:40:41.4976523Z   stable-x86_64-unknown-linux-gnu updated - rustc 1.88.0 (6b00bc388 2025-06-23) (from rustc 1.88.0 (6b00bc388 2025-06-23))
2025-07-18T23:40:41.4977237Z 
2025-07-18T23:40:41.5037357Z ##[group]Run rustup default stable
2025-07-18T23:40:41.5037679Z [36;1mrustup default stable[0m
2025-07-18T23:40:41.5065161Z shell: /usr/bin/bash --noprofile --norc -e -o pipefail {0}
2025-07-18T23:40:41.5065543Z env:
2025-07-18T23:40:41.5065763Z   CARGO_TERM_COLOR: always
2025-07-18T23:40:41.5066027Z   CARGO_HOME: /home/runner/.cargo
2025-07-18T23:40:41.5066305Z ##[endgroup]
2025-07-18T23:40:41.5162229Z info: using existing install for 'stable-x86_64-unknown-linux-gnu'
2025-07-18T23:40:41.5463729Z info: default toolchain set to 'stable-x86_64-unknown-linux-gnu'
2025-07-18T23:40:41.5464551Z 
2025-07-18T23:40:41.5551892Z   stable-x86_64-unknown-linux-gnu unchanged - rustc 1.88.0 (6b00bc388 2025-06-23)
2025-07-18T23:40:41.5552308Z 
2025-07-18T23:40:41.5596367Z ##[group]Run : create cachekey
2025-07-18T23:40:41.5596686Z [36;1m: create cachekey[0m
2025-07-18T23:40:41.5597190Z [36;1mDATE=$(rustc +stable --version --verbose | sed -ne 's/^commit-date: \(20[0-9][0-9]\)-\([01][0-9]\)-\([0-3][0-9]\)$/\1\2\3/p')[0m
2025-07-18T23:40:41.5597803Z [36;1mHASH=$(rustc +stable --version --verbose | sed -ne 's/^commit-hash: //p')[0m
2025-07-18T23:40:41.5598298Z [36;1mecho "cachekey=$(echo $DATE$HASH | head -c12)" >> $GITHUB_OUTPUT[0m
2025-07-18T23:40:41.5625976Z shell: /usr/bin/bash --noprofile --norc -e -o pipefail {0}
2025-07-18T23:40:41.5626337Z env:
2025-07-18T23:40:41.5626553Z   CARGO_TERM_COLOR: always
2025-07-18T23:40:41.5626814Z   CARGO_HOME: /home/runner/.cargo
2025-07-18T23:40:41.5627081Z ##[endgroup]
2025-07-18T23:40:41.6327758Z ##[group]Run : disable incremental compilation
2025-07-18T23:40:41.6328150Z [36;1m: disable incremental compilation[0m
2025-07-18T23:40:41.6328488Z [36;1mif [ -z "${CARGO_INCREMENTAL+set}" ]; then[0m
2025-07-18T23:40:41.6328846Z [36;1m  echo CARGO_INCREMENTAL=0 >> $GITHUB_ENV[0m
2025-07-18T23:40:41.6329172Z [36;1mfi[0m
2025-07-18T23:40:41.6356372Z shell: /usr/bin/bash --noprofile --norc -e -o pipefail {0}
2025-07-18T23:40:41.6356736Z env:
2025-07-18T23:40:41.6356957Z   CARGO_TERM_COLOR: always
2025-07-18T23:40:41.6357218Z   CARGO_HOME: /home/runner/.cargo
2025-07-18T23:40:41.6357528Z ##[endgroup]
2025-07-18T23:40:41.6421535Z ##[group]Run : enable colors in Cargo output
2025-07-18T23:40:41.6421876Z [36;1m: enable colors in Cargo output[0m
2025-07-18T23:40:41.6422197Z [36;1mif [ -z "${CARGO_TERM_COLOR+set}" ]; then[0m
2025-07-18T23:40:41.6422550Z [36;1m  echo CARGO_TERM_COLOR=always >> $GITHUB_ENV[0m
2025-07-18T23:40:41.6422854Z [36;1mfi[0m
2025-07-18T23:40:41.6447398Z shell: /usr/bin/bash --noprofile --norc -e -o pipefail {0}
2025-07-18T23:40:41.6447753Z env:
2025-07-18T23:40:41.6447972Z   CARGO_TERM_COLOR: always
2025-07-18T23:40:41.6448241Z   CARGO_HOME: /home/runner/.cargo
2025-07-18T23:40:41.6448515Z   CARGO_INCREMENTAL: 0
2025-07-18T23:40:41.6448922Z ##[endgroup]
2025-07-18T23:40:41.6513394Z ##[group]Run : enable Cargo sparse registry
2025-07-18T23:40:41.6514202Z [36;1m: enable Cargo sparse registry[0m
2025-07-18T23:40:41.6514588Z [36;1m# implemented in 1.66, stabilized in 1.68, made default in 1.70[0m
2025-07-18T23:40:41.6515275Z [36;1mif [ -z "${CARGO_REGISTRIES_CRATES_IO_PROTOCOL+set}" -o -f "/home/runner/work/_temp"/.implicit_cargo_registries_crates_io_protocol ]; then[0m
2025-07-18T23:40:41.6515971Z [36;1m  if rustc +stable --version --verbose | grep -q '^release: 1\.6[89]\.'; then[0m
2025-07-18T23:40:41.6516524Z [36;1m    touch "/home/runner/work/_temp"/.implicit_cargo_registries_crates_io_protocol || true[0m
2025-07-18T23:40:41.6517045Z [36;1m    echo CARGO_REGISTRIES_CRATES_IO_PROTOCOL=sparse >> $GITHUB_ENV[0m
2025-07-18T23:40:41.6517543Z [36;1m  elif rustc +stable --version --verbose | grep -q '^release: 1\.6[67]\.'; then[0m
2025-07-18T23:40:41.6518097Z [36;1m    touch "/home/runner/work/_temp"/.implicit_cargo_registries_crates_io_protocol || true[0m
2025-07-18T23:40:41.6518617Z [36;1m    echo CARGO_REGISTRIES_CRATES_IO_PROTOCOL=git >> $GITHUB_ENV[0m
2025-07-18T23:40:41.6518971Z [36;1m  fi[0m
2025-07-18T23:40:41.6519184Z [36;1mfi[0m
2025-07-18T23:40:41.6543292Z shell: /usr/bin/bash --noprofile --norc -e -o pipefail {0}
2025-07-18T23:40:41.6543646Z env:
2025-07-18T23:40:41.6544045Z   CARGO_TERM_COLOR: always
2025-07-18T23:40:41.6544350Z   CARGO_HOME: /home/runner/.cargo
2025-07-18T23:40:41.6544620Z   CARGO_INCREMENTAL: 0
2025-07-18T23:40:41.6544849Z ##[endgroup]
2025-07-18T23:40:41.6895899Z ##[group]Run : work around spurious network errors in curl 8.0
2025-07-18T23:40:41.6896366Z [36;1m: work around spurious network errors in curl 8.0[0m
2025-07-18T23:40:41.6896927Z [36;1m# https://rust-lang.zulipchat.com/#narrow/stream/246057-t-cargo/topic/timeout.20investigation[0m
2025-07-18T23:40:41.6897561Z [36;1mif rustc +stable --version --verbose | grep -q '^release: 1\.7[01]\.'; then[0m
2025-07-18T23:40:41.6898028Z [36;1m  echo CARGO_HTTP_MULTIPLEXING=false >> $GITHUB_ENV[0m
2025-07-18T23:40:41.6898465Z [36;1mfi[0m
2025-07-18T23:40:41.6925567Z shell: /usr/bin/bash --noprofile --norc -e -o pipefail {0}
2025-07-18T23:40:41.6925935Z env:
2025-07-18T23:40:41.6926226Z   CARGO_TERM_COLOR: always
2025-07-18T23:40:41.6926496Z   CARGO_HOME: /home/runner/.cargo
2025-07-18T23:40:41.6926768Z   CARGO_INCREMENTAL: 0
2025-07-18T23:40:41.6927000Z ##[endgroup]
2025-07-18T23:40:41.7147349Z ##[group]Run rustc +stable --version --verbose
2025-07-18T23:40:41.7147990Z [36;1mrustc +stable --version --verbose[0m
2025-07-18T23:40:41.7187007Z shell: /usr/bin/bash --noprofile --norc -e -o pipefail {0}
2025-07-18T23:40:41.7187622Z env:
2025-07-18T23:40:41.7187990Z   CARGO_TERM_COLOR: always
2025-07-18T23:40:41.7188467Z   CARGO_HOME: /home/runner/.cargo
2025-07-18T23:40:41.7188963Z   CARGO_INCREMENTAL: 0
2025-07-18T23:40:41.7189379Z ##[endgroup]
2025-07-18T23:40:41.7371304Z rustc 1.88.0 (6b00bc388 2025-06-23)
2025-07-18T23:40:41.7372159Z binary: rustc
2025-07-18T23:40:41.7373066Z commit-hash: 6b00bc3880198600130e1cf62b8f8a93494488cc
2025-07-18T23:40:41.7374773Z commit-date: 2025-06-23
2025-07-18T23:40:41.7375387Z host: x86_64-unknown-linux-gnu
2025-07-18T23:40:41.7375844Z release: 1.88.0
2025-07-18T23:40:41.7376239Z LLVM version: 20.1.5
2025-07-18T23:40:41.8136795Z ##[group]Run actions/cache@5a3ec84eff668545956fd18022155c47e93e2684
2025-07-18T23:40:41.8137210Z with:
2025-07-18T23:40:41.8137729Z   path: ~/.cargo/bin/
~/.cargo/registry/index/
~/.cargo/registry/cache/
~/.cargo/git/db/
target/

2025-07-18T23:40:41.8138186Z   key: Linux-cargo-
2025-07-18T23:40:41.8138434Z   restore-keys: Linux-cargo-

2025-07-18T23:40:41.8138724Z   enableCrossOsArchive: false
2025-07-18T23:40:41.8138991Z   fail-on-cache-miss: false
2025-07-18T23:40:41.8139249Z   lookup-only: false
2025-07-18T23:40:41.8139476Z   save-always: false
2025-07-18T23:40:41.8139700Z env:
2025-07-18T23:40:41.8139909Z   CARGO_TERM_COLOR: always
2025-07-18T23:40:41.8140166Z   CARGO_HOME: /home/runner/.cargo
2025-07-18T23:40:41.8140431Z   CARGO_INCREMENTAL: 0
2025-07-18T23:40:41.8140869Z ##[endgroup]
2025-07-18T23:40:42.2397277Z Cache hit for: Linux-cargo-
2025-07-18T23:40:43.5178748Z Received 29360128 of 992001258 (3.0%), 27.9 MBs/sec
2025-07-18T23:40:44.5181567Z Received 180355072 of 992001258 (18.2%), 85.8 MBs/sec
2025-07-18T23:40:45.5186371Z Received 331350016 of 992001258 (33.4%), 105.2 MBs/sec
2025-07-18T23:40:46.5193235Z Received 499122176 of 992001258 (50.3%), 118.8 MBs/sec
2025-07-18T23:40:47.5204681Z Received 666894336 of 992001258 (67.2%), 127.0 MBs/sec
2025-07-18T23:40:48.6021053Z Received 805306368 of 992001258 (81.2%), 126.1 MBs/sec
2025-07-18T23:40:49.6027991Z Received 939524096 of 992001258 (94.7%), 126.4 MBs/sec
2025-07-18T23:40:49.9720349Z Received 992001258 of 992001258 (100.0%), 126.8 MBs/sec
2025-07-18T23:40:49.9723721Z Cache Size: ~946 MB (992001258 B)
2025-07-18T23:40:49.9824842Z [command]/usr/bin/tar -xf /home/runner/work/_temp/81cc4eea-eca2-4e36-bcd0-31c870c483a1/cache.tzst -P -C /home/runner/work/Leptographic/Leptographic --use-compress-program unzstd
2025-07-18T23:40:56.4497718Z Cache restored successfully
2025-07-18T23:40:57.0360762Z Cache restored from key: Linux-cargo-
2025-07-18T23:40:57.0496690Z ##[group]Run actions/setup-node@49933ea5288caeca8642d1e84afbd3f7d6820020
2025-07-18T23:40:57.0497092Z with:
2025-07-18T23:40:57.0497312Z   node-version: 18
2025-07-18T23:40:57.0497544Z   always-auth: false
2025-07-18T23:40:57.0497787Z   check-latest: false
2025-07-18T23:40:57.0498136Z   token: ***
2025-07-18T23:40:57.0498347Z env:
2025-07-18T23:40:57.0498564Z   CARGO_TERM_COLOR: always
2025-07-18T23:40:57.0498825Z   CARGO_HOME: /home/runner/.cargo
2025-07-18T23:40:57.0499095Z   CARGO_INCREMENTAL: 0
2025-07-18T23:40:57.0499333Z ##[endgroup]
2025-07-18T23:40:57.6678133Z Found in cache @ /opt/hostedtoolcache/node/18.20.8/x64
2025-07-18T23:40:57.6686575Z ##[group]Environment details
2025-07-18T23:40:58.6866029Z node: v18.20.8
2025-07-18T23:40:58.6866322Z npm: 10.8.2
2025-07-18T23:40:58.6866683Z yarn: 1.22.22
2025-07-18T23:40:58.6867293Z ##[endgroup]
2025-07-18T23:40:58.6952903Z ##[group]Run if ! command -v cargo-leptos &> /dev/null; then
2025-07-18T23:40:58.6953383Z [36;1mif ! command -v cargo-leptos &> /dev/null; then[0m
2025-07-18T23:40:58.6953761Z [36;1m  cargo install cargo-leptos --version 0.2.40[0m
2025-07-18T23:40:58.6954758Z [36;1melse[0m
2025-07-18T23:40:58.6955125Z [36;1m  echo "cargo-leptos already installed"[0m
2025-07-18T23:40:58.6955427Z [36;1mfi[0m
2025-07-18T23:40:58.6990827Z shell: /usr/bin/bash -e {0}
2025-07-18T23:40:58.6991110Z env:
2025-07-18T23:40:58.6991331Z   CARGO_TERM_COLOR: always
2025-07-18T23:40:58.6991605Z   CARGO_HOME: /home/runner/.cargo
2025-07-18T23:40:58.6991883Z   CARGO_INCREMENTAL: 0
2025-07-18T23:40:58.6992126Z ##[endgroup]
2025-07-18T23:40:58.7046589Z cargo-leptos already installed
2025-07-18T23:40:58.7065716Z ##[group]Run if [ -f "package-lock.json" ]; then
2025-07-18T23:40:58.7066104Z [36;1mif [ -f "package-lock.json" ]; then[0m
2025-07-18T23:40:58.7066400Z [36;1m  npm ci[0m
2025-07-18T23:40:58.7066633Z [36;1melse[0m
2025-07-18T23:40:58.7066848Z [36;1m  npm install[0m
2025-07-18T23:40:58.7067081Z [36;1mfi[0m
2025-07-18T23:40:58.7091583Z shell: /usr/bin/bash -e {0}
2025-07-18T23:40:58.7091849Z env:
2025-07-18T23:40:58.7092065Z   CARGO_TERM_COLOR: always
2025-07-18T23:40:58.7092325Z   CARGO_HOME: /home/runner/.cargo
2025-07-18T23:40:58.7092601Z   CARGO_INCREMENTAL: 0
2025-07-18T23:40:58.7092835Z ##[endgroup]
2025-07-18T23:40:59.5021070Z 
2025-07-18T23:40:59.5021636Z added 1 package, and audited 2 packages in 722ms
2025-07-18T23:40:59.5033687Z 
2025-07-18T23:40:59.5034096Z found 0 vulnerabilities
2025-07-18T23:40:59.5134824Z ##[group]Run echo "Building Leptos application..."
2025-07-18T23:40:59.5135293Z [36;1mecho "Building Leptos application..."[0m
2025-07-18T23:40:59.5135638Z [36;1mcargo leptos build --release[0m
2025-07-18T23:40:59.5163435Z shell: /usr/bin/bash -e {0}
2025-07-18T23:40:59.5163763Z env:
2025-07-18T23:40:59.5164241Z   CARGO_TERM_COLOR: always
2025-07-18T23:40:59.5164523Z   CARGO_HOME: /home/runner/.cargo
2025-07-18T23:40:59.5164988Z   CARGO_INCREMENTAL: 0
2025-07-18T23:40:59.5165225Z ##[endgroup]
2025-07-18T23:40:59.5212536Z Building Leptos application...
2025-07-18T23:41:02.3293436Z [1m[32m   Compiling[0m proc-macro2 v1.0.95
2025-07-18T23:41:02.3295001Z [1m[32m   Compiling[0m unicode-ident v1.0.18
2025-07-18T23:41:02.3295704Z [1m[32m   Compiling[0m semver v1.0.26
2025-07-18T23:41:02.3296477Z [1m[32m   Compiling[0m wasm-bindgen-shared v0.2.100
2025-07-18T23:41:05.1989273Z [1m[32m   Compiling[0m serde v1.0.219
2025-07-18T23:41:05.7268204Z [1m[32m   Compiling[0m libc v0.2.174
2025-07-18T23:41:05.7492209Z [1m[32m   Compiling[0m cfg-if v1.0.1
2025-07-18T23:41:05.9923362Z [1m[32m   Compiling[0m memchr v2.7.5
2025-07-18T23:41:06.2053684Z [1m[32m   Compiling[0m rustc_version v0.4.1
2025-07-18T23:41:06.3410658Z [1m[32m   Compiling[0m bumpalo v3.19.0
2025-07-18T23:41:06.5081608Z [1m[32m   Compiling[0m thiserror v2.0.12
2025-07-18T23:41:06.6825720Z [1m[32m   Compiling[0m quote v1.0.40
2025-07-18T23:41:06.7126012Z [1m[32m   Compiling[0m log v0.4.27
2025-07-18T23:41:06.8158363Z [1m[32m   Compiling[0m rustversion v1.0.21
2025-07-18T23:41:06.8386480Z [1m[32m   Compiling[0m syn v2.0.104
2025-07-18T23:41:06.8750639Z [1m[32m   Compiling[0m version_check v0.9.5
2025-07-18T23:41:07.0013695Z [1m[32m   Compiling[0m pin-project-lite v0.2.16
2025-07-18T23:41:07.0407947Z [1m[32m   Compiling[0m wasm-bindgen v0.2.100
2025-07-18T23:41:07.0711717Z [1m[32m   Compiling[0m once_cell v1.21.3
2025-07-18T23:41:07.1522853Z [1m[32m   Compiling[0m autocfg v1.5.0
2025-07-18T23:41:07.2450479Z [1m[32m   Compiling[0m futures-core v0.3.31
2025-07-18T23:41:07.3517292Z [1m[32m   Compiling[0m stable_deref_trait v1.2.0
2025-07-18T23:41:07.3831943Z [1m[32m   Compiling[0m parking_lot_core v0.9.11
2025-07-18T23:41:07.4678120Z [1m[32m   Compiling[0m lock_api v0.4.13
2025-07-18T23:41:07.5195777Z [1m[32m   Compiling[0m futures-sink v0.3.31
2025-07-18T23:41:07.5628913Z [1m[32m   Compiling[0m futures-channel v0.3.31
2025-07-18T23:41:07.6418425Z [1m[32m   Compiling[0m smallvec v1.15.1
2025-07-18T23:41:07.6439446Z [1m[32m   Compiling[0m crossbeam-utils v0.8.21
2025-07-18T23:41:07.7126934Z [1m[32m   Compiling[0m proc-macro-error-attr2 v2.0.0
2025-07-18T23:41:07.8225889Z [1m[32m   Compiling[0m pin-utils v0.1.0
2025-07-18T23:41:07.8456807Z [1m[32m   Compiling[0m futures-io v0.3.31
2025-07-18T23:41:07.8507006Z [1m[32m   Compiling[0m slab v0.4.10
2025-07-18T23:41:07.9499295Z [1m[32m   Compiling[0m futures-task v0.3.31
2025-07-18T23:41:08.0725168Z [1m[32m   Compiling[0m num_cpus v1.17.0
2025-07-18T23:41:08.1084703Z [1m[32m   Compiling[0m unicode-segmentation v1.12.0
2025-07-18T23:41:08.2143303Z [1m[32m   Compiling[0m proc-macro2-diagnostics v0.10.1
2025-07-18T23:41:08.3368731Z [1m[32m   Compiling[0m litemap v0.8.0
2025-07-18T23:41:08.4479166Z [1m[32m   Compiling[0m convert_case v0.8.0
2025-07-18T23:41:08.5235561Z [1m[32m   Compiling[0m writeable v0.6.1
2025-07-18T23:41:08.5400453Z [1m[32m   Compiling[0m scopeguard v1.2.0
2025-07-18T23:41:08.7133259Z [1m[32m   Compiling[0m concurrent-queue v2.5.0
2025-07-18T23:41:08.8096048Z [1m[32m   Compiling[0m icu_properties_data v2.0.1
2025-07-18T23:41:08.8573594Z [1m[32m   Compiling[0m unicode-xid v0.2.6
2025-07-18T23:41:08.9098617Z [1m[32m   Compiling[0m thiserror v1.0.69
2025-07-18T23:41:08.9361819Z [1m[32m   Compiling[0m icu_normalizer_data v2.0.0
2025-07-18T23:41:08.9605195Z [1m[32m   Compiling[0m const_format_proc_macros v0.2.34
2025-07-18T23:41:09.0579359Z [1m[32m   Compiling[0m event-listener v5.4.0
2025-07-18T23:41:09.1420088Z [1m[32m   Compiling[0m proc-macro-utils v0.10.0
2025-07-18T23:41:09.2451075Z [1m[32m   Compiling[0m slotmap v1.0.7
2025-07-18T23:41:09.3741485Z [1m[32m   Compiling[0m throw_error v0.3.0
2025-07-18T23:41:09.5001986Z [1m[32m   Compiling[0m anyhow v1.0.98
2025-07-18T23:41:09.6777301Z [1m[32m   Compiling[0m paste v1.0.15
2025-07-18T23:41:09.7063511Z [1m[32m   Compiling[0m serde_json v1.0.141
2025-07-18T23:41:09.7204212Z [1m[32m   Compiling[0m itoa v1.0.15
2025-07-18T23:41:09.8076979Z [1m[32m   Compiling[0m camino v1.1.10
2025-07-18T23:41:09.8958577Z [1m[32m   Compiling[0m event-listener-strategy v0.5.4
2025-07-18T23:41:10.0118085Z [1m[32m   Compiling[0m send_wrapper v0.6.0
2025-07-18T23:41:10.0756977Z [1m[32m   Compiling[0m server_fn_macro v0.8.3
2025-07-18T23:41:10.0798829Z [1m[32m   Compiling[0m reactive_graph v0.2.3
2025-07-18T23:41:10.2241915Z [1m[32m   Compiling[0m hashbrown v0.14.5
2025-07-18T23:41:10.2714396Z [1m[32m   Compiling[0m synstructure v0.13.2
2025-07-18T23:41:10.5662050Z [1m[32m   Compiling[0m wasm-bindgen-backend v0.2.100
2025-07-18T23:41:10.7411715Z [1m[32m   Compiling[0m proc-macro-error2 v2.0.1
2025-07-18T23:41:10.8894807Z [1m[32m   Compiling[0m or_poisoned v0.1.0
2025-07-18T23:41:10.9205940Z [1m[32m   Compiling[0m ryu v1.0.20
2025-07-18T23:41:11.1014276Z [1m[32m   Compiling[0m dashmap v6.1.0
2025-07-18T23:41:11.5381402Z [1m[32m   Compiling[0m async-lock v3.4.0
2025-07-18T23:41:12.0468965Z [1m[32m   Compiling[0m serde_derive v1.0.219
2025-07-18T23:41:12.1368897Z [1m[32m   Compiling[0m thiserror-impl v2.0.12
2025-07-18T23:41:12.1568805Z [1m[32m   Compiling[0m wasm-bindgen-macro-support v0.2.100
2025-07-18T23:41:12.2035457Z [1m[32m   Compiling[0m zerofrom-derive v0.1.6
2025-07-18T23:41:13.2115726Z [1m[32m   Compiling[0m wasm-bindgen-macro v0.2.100
2025-07-18T23:41:13.4755419Z [1m[32m   Compiling[0m yoke-derive v0.8.0
2025-07-18T23:41:13.6361393Z [1m[32m   Compiling[0m zerofrom v0.1.6
2025-07-18T23:41:13.7253818Z [1m[32m   Compiling[0m zerovec-derive v0.11.1
2025-07-18T23:41:14.5480171Z [1m[32m   Compiling[0m js-sys v0.3.77
2025-07-18T23:41:14.6032656Z [1m[32m   Compiling[0m yoke v0.8.0
2025-07-18T23:41:14.8038187Z [1m[32m   Compiling[0m futures-macro v0.3.31
2025-07-18T23:41:14.9124592Z [1m[32m   Compiling[0m zerovec v0.11.2
2025-07-18T23:41:15.6482379Z [1m[32m   Compiling[0m displaydoc v0.2.5
2025-07-18T23:41:15.8334062Z [1m[32m   Compiling[0m futures-util v0.3.31
2025-07-18T23:41:16.3259838Z [1m[32m   Compiling[0m tinystr v0.8.1
2025-07-18T23:41:16.4713708Z [1m[32m   Compiling[0m icu_locale_core v2.0.0
2025-07-18T23:41:17.7624363Z [1m[32m   Compiling[0m zerotrie v0.2.2
2025-07-18T23:41:17.8994188Z [1m[32m   Compiling[0m potential_utf v0.1.2
2025-07-18T23:41:17.9960566Z [1m[32m   Compiling[0m icu_provider v2.0.0
2025-07-18T23:41:18.0467592Z [1m[32m   Compiling[0m icu_collections v2.0.0
2025-07-18T23:41:18.2990147Z [1m[32m   Compiling[0m futures-executor v0.3.31
2025-07-18T23:41:18.4588426Z [1m[32m   Compiling[0m futures v0.3.31
2025-07-18T23:41:18.4936301Z [1m[32m   Compiling[0m thiserror-impl v1.0.69
2025-07-18T23:41:18.6012973Z [1m[32m   Compiling[0m derive-where v1.5.0
2025-07-18T23:41:18.8672712Z [1m[32m   Compiling[0m icu_properties v2.0.1
2025-07-18T23:41:19.7220407Z [1m[32m   Compiling[0m web-sys v0.3.77
2025-07-18T23:41:20.0145964Z [1m[32m   Compiling[0m wasm-bindgen-futures v0.4.50
2025-07-18T23:41:20.2701058Z [1m[32m   Compiling[0m any_spawner v0.3.0
2025-07-18T23:41:20.3552983Z [1m[32m   Compiling[0m hydration_context v0.3.0
2025-07-18T23:41:20.4281399Z [1m[32m   Compiling[0m icu_normalizer v2.0.0
2025-07-18T23:41:21.0885858Z [1m[32m   Compiling[0m syn_derive v0.2.0
2025-07-18T23:41:21.7186068Z [1m[32m   Compiling[0m const_format v0.2.34
2025-07-18T23:41:21.9739843Z [1m[32m   Compiling[0m hashbrown v0.15.4
2025-07-18T23:41:21.9844419Z [1m[32m   Compiling[0m guardian v1.3.0
2025-07-18T23:41:22.0514338Z [1m[32m   Compiling[0m either v1.15.0
2025-07-18T23:41:22.0973758Z [1m[32m   Compiling[0m rustc-hash v2.1.1
2025-07-18T23:41:22.1564717Z [1m[32m   Compiling[0m xxhash-rust v0.8.15
2025-07-18T23:41:22.2038129Z [1m[32m   Compiling[0m equivalent v1.0.2
2025-07-18T23:41:22.2046282Z [1m[32m   Compiling[0m percent-encoding v2.3.1
2025-07-18T23:41:22.2349769Z [1m[32m   Compiling[0m itertools v0.14.0
2025-07-18T23:41:22.5123134Z [1m[32m   Compiling[0m indexmap v2.10.0
2025-07-18T23:41:22.8736330Z [1m[32m   Compiling[0m idna_adapter v1.2.1
2025-07-18T23:41:22.9387108Z [1m[32m   Compiling[0m quote-use-macros v0.8.4
2025-07-18T23:41:23.1342517Z [1m[32m   Compiling[0m pin-project-internal v1.1.10
2025-07-18T23:41:23.4651169Z [1m[32m   Compiling[0m reactive_stores_macro v0.2.3
2025-07-18T23:41:24.0571724Z [1m[32m   Compiling[0m manyhow-macros v0.11.4
2025-07-18T23:41:24.2615184Z [1m[32m   Compiling[0m parking_lot v0.12.4
2025-07-18T23:41:24.4027086Z [1m[32m   Compiling[0m tachys v0.2.4
2025-07-18T23:41:24.4385781Z [1m[32m   Compiling[0m prettyplease v0.2.35
2025-07-18T23:41:24.5421627Z [1m[32m   Compiling[0m winnow v0.7.12
2025-07-18T23:41:24.7400374Z [1m[32m   Compiling[0m getrandom v0.3.3
2025-07-18T23:41:24.7402672Z [1m[32m   Compiling[0m fnv v1.0.7
2025-07-18T23:41:24.7767302Z [1m[32m   Compiling[0m utf8_iter v1.0.4
2025-07-18T23:41:24.8642536Z [1m[32m   Compiling[0m utf8-width v0.1.7
2025-07-18T23:41:24.8957146Z [1m[32m   Compiling[0m bytes v1.10.1
2025-07-18T23:41:24.9524817Z [1m[32m   Compiling[0m yansi v1.0.1
2025-07-18T23:41:25.4490206Z [1m[32m   Compiling[0m http v1.3.1
2025-07-18T23:41:25.5495503Z [1m[32m   Compiling[0m html-escape v0.2.13
2025-07-18T23:41:26.1351836Z [1m[32m   Compiling[0m idna v1.0.3
2025-07-18T23:41:26.4444716Z [1m[32m   Compiling[0m toml_parser v1.0.1
2025-07-18T23:41:27.0039319Z [1m[32m   Compiling[0m manyhow v0.11.4
2025-07-18T23:41:27.3397532Z [1m[32m   Compiling[0m pin-project v1.1.10
2025-07-18T23:41:27.4041366Z [1m[32m   Compiling[0m quote-use v0.8.4
2025-07-18T23:41:27.4185216Z [1m[32m   Compiling[0m form_urlencoded v1.2.1
2025-07-18T23:41:27.4347444Z [1m[32m   Compiling[0m either_of v0.1.6
2025-07-18T23:41:27.5474662Z [1m[32m   Compiling[0m oco_ref v0.2.0
2025-07-18T23:41:27.6888750Z [1m[32m   Compiling[0m serde_spanned v1.0.0
2025-07-18T23:41:27.7629707Z [1m[32m   Compiling[0m toml_datetime v0.7.0
2025-07-18T23:41:28.0997140Z [1m[32m   Compiling[0m async-trait v0.1.88
2025-07-18T23:41:29.1658880Z [1m[32m   Compiling[0m server_fn v0.8.3
2025-07-18T23:41:29.3116943Z [1m[32m   Compiling[0m aho-corasick v1.1.3
2025-07-18T23:41:29.4788093Z [1m[32m   Compiling[0m erased v0.1.2
2025-07-18T23:41:29.5259427Z [1m[32m   Compiling[0m same-file v1.0.6
2025-07-18T23:41:29.5966825Z [1m[32m   Compiling[0m linear-map v1.2.0
2025-07-18T23:41:29.7157785Z [1m[32m   Compiling[0m collection_literals v1.0.2
2025-07-18T23:41:29.7461953Z [1m[32m   Compiling[0m drain_filter_polyfill v0.1.3
2025-07-18T23:41:29.7951257Z [1m[32m   Compiling[0m interpolator v0.5.0
2025-07-18T23:41:30.0705714Z [1m[32m   Compiling[0m next_tuple v0.1.0
2025-07-18T23:41:30.6780017Z [1m[32m   Compiling[0m const_str_slice_concat v0.1.0
2025-07-18T23:41:31.5189921Z [1m[32m   Compiling[0m regex-syntax v0.8.5
2025-07-18T23:41:32.6457939Z [1m[32m   Compiling[0m convert_case v0.6.0
2025-07-18T23:41:33.1019141Z [1m[32m   Compiling[0m attribute-derive-macro v0.10.3
2025-07-18T23:41:34.2855703Z [1m[32m   Compiling[0m regex-automata v0.4.9
2025-07-18T23:41:35.5786736Z [1m[32m   Compiling[0m walkdir v2.5.0
2025-07-18T23:41:36.4300375Z [1m[32m   Compiling[0m toml v0.9.2
2025-07-18T23:41:38.0571857Z [1m[32m   Compiling[0m url v2.5.4
2025-07-18T23:41:39.4298214Z [1m[32m   Compiling[0m rstml v0.12.1
2025-07-18T23:41:41.3133760Z [1m[32m   Compiling[0m server_fn_macro_default v0.8.3
2025-07-18T23:41:41.7683652Z [1m[32m   Compiling[0m serde_qs v0.15.0
2025-07-18T23:41:42.5669720Z [1m[32m   Compiling[0m typed-builder-macro v0.21.0
2025-07-18T23:41:43.0129867Z [1m[32m   Compiling[0m leptos_macro v0.8.3
2025-07-18T23:41:43.1527483Z [1m[32m   Compiling[0m const-str v0.6.3
2025-07-18T23:41:43.6929460Z [1m[32m   Compiling[0m gloo-utils v0.2.0
2025-07-18T23:41:43.7874803Z [1m[32m   Compiling[0m gloo-net v0.6.0
2025-07-18T23:41:44.0609171Z [1m[32m   Compiling[0m base64 v0.22.1
2025-07-18T23:41:44.4272341Z [1m[32m   Compiling[0m pathdiff v0.2.3
2025-07-18T23:41:44.4721201Z [1m[32m   Compiling[0m config v0.15.13
2025-07-18T23:41:45.0385878Z [1m[32m   Compiling[0m reactive_stores v0.2.3
2025-07-18T23:41:45.8529457Z [1m[32m   Compiling[0m typed-builder v0.21.0
2025-07-18T23:41:46.8896468Z [1m[32m   Compiling[0m wasm-streams v0.4.2
2025-07-18T23:41:47.2169160Z [1m[32m   Compiling[0m leptos_hot_reload v0.8.3
2025-07-18T23:41:47.6048513Z [1m[32m   Compiling[0m uuid v1.17.0
2025-07-18T23:41:47.8796650Z [1m[32m   Compiling[0m regex v1.11.1
2025-07-18T23:41:47.9457497Z [1m[32m   Compiling[0m attribute-derive v0.10.3
2025-07-18T23:41:49.4469865Z [1m[32m   Compiling[0m codee v0.3.2
2025-07-18T23:41:49.4890780Z [1m[32m   Compiling[0m leptos v0.8.3
2025-07-18T23:41:49.6609734Z [1m[32m   Compiling[0m leptos_config v0.8.3
2025-07-18T23:41:50.6368792Z [1m[32m   Compiling[0m console_error_panic_hook v0.1.7
2025-07-18T23:41:54.2270057Z [1m[32m   Compiling[0m leptos_server v0.8.3
2025-07-18T23:41:54.2275212Z [1m[32m   Compiling[0m leptos_dom v0.8.3
2025-07-18T23:41:55.1033799Z [1m[32m   Compiling[0m leptos_meta v0.8.3
2025-07-18T23:41:55.7831939Z [1m[32m   Compiling[0m leptos-radix-ui v0.1.0 (/home/runner/work/Leptographic/Leptographic)
2025-07-18T23:41:57.9681817Z [1m[32m    Finished[0m `wasm-release` profile [optimized] target(s) in 56.19s
2025-07-18T23:41:57.9845467Z [38;5;77m       Cargo[0m finished [38;5;241mcargo build --package=leptos-radix-ui --lib --target-dir=/home/runner/work/Leptographic/Leptographic/target/front --target=wasm32-unknown-unknown --no-default-features --features=hydrate --profile=wasm-release[0m
2025-07-18T23:41:57.9847585Z [38;5;77m       Front[0m generating JS/WASM with wasm-bindgen
2025-07-18T23:41:58.2996814Z [38;5;77m     Command[0m installing wasm-opt-version_123 ...
2025-07-18T23:41:59.8046116Z [38;5;77m     Command[0m wasm-opt-version_123 installed.
2025-07-18T23:42:00.5625527Z [38;5;196m[swc_ecma_transforms_optimization][0m tree-shaker; pass=0
2025-07-18T23:42:00.5655982Z [38;5;196m[swc_ecma_transforms_optimization][0m tree-shaker; pass=0
2025-07-18T23:42:00.5678666Z [38;5;77m    Finished[0m generating JS/WASM for front in 2.583624491s
2025-07-18T23:42:00.8557500Z [38;5;77m     Command[0m [tailwindcss] requested version v4.1.4, but a newer version v4.1.11 is available, you can try it out by setting the LEPTOS_TAILWIND_VERSION=v4.1.11 env var and re-running the command
2025-07-18T23:42:00.8559160Z [38;5;77m     Command[0m installing tailwindcss-v4.1.4 ...
2025-07-18T23:42:01.5721468Z [38;5;77m     Command[0m tailwindcss-v4.1.4 installed.
2025-07-18T23:42:01.8131321Z [38;5;77m    Tailwind[0m finished [38;5;241mtailwindcss --input style/main.css --output /home/runner/work/Leptographic/Leptographic/target/tmp/tailwind.css --minify[0m
2025-07-18T23:42:02.2130389Z [1m[32m   Compiling[0m proc-macro2 v1.0.95
2025-07-18T23:42:02.2131388Z [1m[32m   Compiling[0m unicode-ident v1.0.18
2025-07-18T23:42:02.2132318Z [1m[32m   Compiling[0m libc v0.2.174
2025-07-18T23:42:02.2133197Z [1m[32m   Compiling[0m version_check v0.9.5
2025-07-18T23:42:02.2716211Z [1m[32m   Compiling[0m cfg-if v1.0.1
2025-07-18T23:42:02.3013481Z [1m[32m   Compiling[0m pin-project-lite v0.2.16
2025-07-18T23:42:02.3420735Z [1m[32m   Compiling[0m memchr v2.7.5
2025-07-18T23:42:02.4261021Z [1m[32m   Compiling[0m semver v1.0.26
2025-07-18T23:42:02.6093439Z [1m[32m   Compiling[0m futures-core v0.3.31
2025-07-18T23:42:02.9425287Z [1m[32m   Compiling[0m quote v1.0.40
2025-07-18T23:42:03.1407780Z [1m[32m   Compiling[0m syn v2.0.104
2025-07-18T23:42:03.1594919Z [1m[32m   Compiling[0m serde v1.0.219
2025-07-18T23:42:03.2018814Z [1m[32m   Compiling[0m rustc_version v0.4.1
2025-07-18T23:42:03.3548786Z [1m[32m   Compiling[0m bytes v1.10.1
2025-07-18T23:42:03.4012014Z [1m[32m   Compiling[0m thiserror v2.0.12
2025-07-18T23:42:03.6070771Z [1m[32m   Compiling[0m futures-sink v0.3.31
2025-07-18T23:42:03.6611916Z [1m[32m   Compiling[0m once_cell v1.21.3
2025-07-18T23:42:03.6999533Z [1m[32m   Compiling[0m futures-channel v0.3.31
2025-07-18T23:42:03.8332585Z [1m[32m   Compiling[0m wasm-bindgen-shared v0.2.100
2025-07-18T23:42:03.8797643Z [1m[32m   Compiling[0m slab v0.4.10
2025-07-18T23:42:04.0095504Z [1m[32m   Compiling[0m futures-task v0.3.31
2025-07-18T23:42:04.0200914Z [1m[32m   Compiling[0m rustversion v1.0.21
2025-07-18T23:42:04.1092383Z [1m[32m   Compiling[0m pin-utils v0.1.0
2025-07-18T23:42:04.1394783Z [1m[32m   Compiling[0m futures-io v0.3.31
2025-07-18T23:42:04.2515874Z [1m[32m   Compiling[0m itoa v1.0.15
2025-07-18T23:42:04.3351199Z [1m[32m   Compiling[0m bumpalo v3.19.0
2025-07-18T23:42:04.3391698Z [1m[32m   Compiling[0m log v0.4.27
2025-07-18T23:42:04.4993652Z [1m[32m   Compiling[0m wasm-bindgen v0.2.100
2025-07-18T23:42:04.5239065Z [1m[32m   Compiling[0m autocfg v1.5.0
2025-07-18T23:42:04.6204625Z [1m[32m   Compiling[0m smallvec v1.15.1
2025-07-18T23:42:04.8175239Z [1m[32m   Compiling[0m socket2 v0.5.10
2025-07-18T23:42:04.8358741Z [1m[32m   Compiling[0m lock_api v0.4.13
2025-07-18T23:42:04.8384590Z [1m[32m   Compiling[0m mio v1.0.4
2025-07-18T23:42:04.9790049Z [1m[32m   Compiling[0m parking_lot_core v0.9.11
2025-07-18T23:42:05.1305599Z [1m[32m   Compiling[0m stable_deref_trait v1.2.0
2025-07-18T23:42:05.1660155Z [1m[32m   Compiling[0m fnv v1.0.7
2025-07-18T23:42:05.2064343Z [1m[32m   Compiling[0m http v1.3.1
2025-07-18T23:42:05.5563734Z [1m[32m   Compiling[0m proc-macro-error-attr2 v2.0.0
2025-07-18T23:42:05.7904491Z [1m[32m   Compiling[0m crossbeam-utils v0.8.21
2025-07-18T23:42:05.8440935Z [1m[32m   Compiling[0m typenum v1.18.0
2025-07-18T23:42:06.0896737Z [1m[32m   Compiling[0m generic-array v0.14.7
2025-07-18T23:42:06.7357506Z [1m[32m   Compiling[0m synstructure v0.13.2
2025-07-18T23:42:06.8875742Z [1m[32m   Compiling[0m wasm-bindgen-backend v0.2.100
2025-07-18T23:42:07.2139564Z [1m[32m   Compiling[0m proc-macro-error2 v2.0.1
2025-07-18T23:42:07.2251477Z [1m[32m   Compiling[0m num_cpus v1.17.0
2025-07-18T23:42:07.4002696Z [1m[32m   Compiling[0m unicode-segmentation v1.12.0
2025-07-18T23:42:07.7295265Z [1m[32m   Compiling[0m getrandom v0.3.3
2025-07-18T23:42:07.9402676Z [1m[32m   Compiling[0m wasm-bindgen-macro-support v0.2.100
2025-07-18T23:42:08.1310382Z [1m[32m   Compiling[0m httparse v1.10.1
2025-07-18T23:42:08.3529286Z [1m[32m   Compiling[0m zerocopy v0.8.26
2025-07-18T23:42:08.3820164Z [1m[32m   Compiling[0m serde_derive v1.0.219
2025-07-18T23:42:08.5112670Z [1m[32m   Compiling[0m thiserror-impl v2.0.12
2025-07-18T23:42:08.6260687Z [1m[32m   Compiling[0m futures-macro v0.3.31
2025-07-18T23:42:08.9876800Z [1m[32m   Compiling[0m zerofrom-derive v0.1.6
2025-07-18T23:42:09.4592158Z [1m[32m   Compiling[0m futures-util v0.3.31
2025-07-18T23:42:09.8679027Z [1m[32m   Compiling[0m wasm-bindgen-macro v0.2.100
2025-07-18T23:42:10.3775180Z [1m[32m   Compiling[0m tokio-macros v2.5.0
2025-07-18T23:42:10.3840530Z [1m[32m   Compiling[0m zerofrom v0.1.6
2025-07-18T23:42:10.4681034Z [1m[32m   Compiling[0m yoke-derive v0.8.0
2025-07-18T23:42:11.0544167Z [1m[32m   Compiling[0m tokio v1.46.1
2025-07-18T23:42:11.5668119Z [1m[32m   Compiling[0m yoke v0.8.0
2025-07-18T23:42:12.3877114Z [1m[32m   Compiling[0m zerovec-derive v0.11.1
2025-07-18T23:42:12.7740988Z [1m[32m   Compiling[0m js-sys v0.3.77
2025-07-18T23:42:13.6116703Z [1m[32m   Compiling[0m zerovec v0.11.2
2025-07-18T23:42:14.4486917Z [1m[32m   Compiling[0m displaydoc v0.2.5
2025-07-18T23:42:14.6786012Z [1m[32m   Compiling[0m futures-executor v0.3.31
2025-07-18T23:42:15.1493040Z [1m[32m   Compiling[0m tinystr v0.8.1
2025-07-18T23:42:15.3632510Z [1m[32m   Compiling[0m convert_case v0.8.0
2025-07-18T23:42:16.2012635Z [1m[32m   Compiling[0m wasm-bindgen-futures v0.4.50
2025-07-18T23:42:16.3873608Z [1m[32m   Compiling[0m proc-macro2-diagnostics v0.10.1
2025-07-18T23:42:16.5336925Z [1m[32m   Compiling[0m writeable v0.6.1
2025-07-18T23:42:16.6841192Z [1m[32m   Compiling[0m scopeguard v1.2.0
2025-07-18T23:42:16.7283189Z [1m[32m   Compiling[0m litemap v0.8.0
2025-07-18T23:42:16.9221140Z [1m[32m   Compiling[0m icu_locale_core v2.0.0
2025-07-18T23:42:17.7246817Z [1m[32m   Compiling[0m zerotrie v0.2.2
2025-07-18T23:42:18.1214585Z [1m[32m   Compiling[0m futures v0.3.31
2025-07-18T23:42:18.1581031Z [1m[32m   Compiling[0m potential_utf v0.1.2
2025-07-18T23:42:18.2589819Z [1m[32m   Compiling[0m concurrent-queue v2.5.0
2025-07-18T23:42:18.4294087Z [1m[32m   Compiling[0m http-body v1.0.1
2025-07-18T23:42:18.5102625Z [1m[32m   Compiling[0m thiserror v1.0.69
2025-07-18T23:42:18.7061583Z [1m[32m   Compiling[0m serde_json v1.0.141
2025-07-18T23:42:18.8173017Z [1m[32m   Compiling[0m parking v2.2.1
2025-07-18T23:42:18.9332464Z [1m[32m   Compiling[0m icu_properties_data v2.0.1
2025-07-18T23:42:19.0561983Z [1m[32m   Compiling[0m percent-encoding v2.3.1
2025-07-18T23:42:19.1459802Z [1m[32m   Compiling[0m unicode-xid v0.2.6
2025-07-18T23:42:19.2021749Z [1m[32m   Compiling[0m ryu v1.0.20
2025-07-18T23:42:19.2414123Z [1m[32m   Compiling[0m icu_normalizer_data v2.0.0
2025-07-18T23:42:19.3717004Z [1m[32m   Compiling[0m const_format_proc_macros v0.2.34
2025-07-18T23:42:19.4641384Z [1m[32m   Compiling[0m ppv-lite86 v0.2.21
2025-07-18T23:42:19.7852364Z [1m[32m   Compiling[0m event-listener v5.4.0
2025-07-18T23:42:19.9071703Z [1m[32m   Compiling[0m icu_collections v2.0.0
2025-07-18T23:42:20.0290805Z [1m[32m   Compiling[0m icu_provider v2.0.0
2025-07-18T23:42:20.1444989Z [1m[32m   Compiling[0m rand_core v0.9.3
2025-07-18T23:42:20.3339682Z [1m[32m   Compiling[0m crypto-common v0.1.6
2025-07-18T23:42:20.3592819Z [1m[32m   Compiling[0m block-buffer v0.10.4
2025-07-18T23:42:20.4047956Z [1m[32m   Compiling[0m web-sys v0.3.77
2025-07-18T23:42:20.4369219Z [1m[32m   Compiling[0m thiserror-impl v1.0.69
2025-07-18T23:42:20.6153067Z [1m[32m   Compiling[0m proc-macro-utils v0.10.0
2025-07-18T23:42:21.0841748Z [1m[32m   Compiling[0m tracing-core v0.1.34
2025-07-18T23:42:21.7123235Z [1m[32m   Compiling[0m slotmap v1.0.7
2025-07-18T23:42:21.8499258Z [1m[32m   Compiling[0m throw_error v0.3.0
2025-07-18T23:42:22.0304175Z [1m[32m   Compiling[0m mime v0.3.17
2025-07-18T23:42:22.0775436Z [1m[32m   Compiling[0m camino v1.1.10
2025-07-18T23:42:22.2867465Z [1m[32m   Compiling[0m anyhow v1.0.98
2025-07-18T23:42:22.4875872Z [1m[32m   Compiling[0m paste v1.0.15
2025-07-18T23:42:22.4944994Z [1m[32m   Compiling[0m tower-service v0.3.3
2025-07-18T23:42:22.7345748Z [1m[32m   Compiling[0m tracing v0.1.41
2025-07-18T23:42:23.1273230Z [1m[32m   Compiling[0m digest v0.10.7
2025-07-18T23:42:23.2785248Z [1m[32m   Compiling[0m rand_chacha v0.9.0
2025-07-18T23:42:23.2951089Z [1m[32m   Compiling[0m event-listener-strategy v0.5.4
2025-07-18T23:42:24.0672374Z [1m[32m   Compiling[0m derive-where v1.5.0
2025-07-18T23:42:24.0737366Z [1m[32m   Compiling[0m server_fn_macro v0.8.3
2025-07-18T23:42:24.2140146Z [1m[32m   Compiling[0m reactive_graph v0.2.3
2025-07-18T23:42:24.3575433Z [1m[32m   Compiling[0m send_wrapper v0.6.0
2025-07-18T23:42:24.4716219Z [1m[32m   Compiling[0m httpdate v1.0.3
2025-07-18T23:42:24.7901955Z [1m[32m   Compiling[0m or_poisoned v0.1.0
2025-07-18T23:42:24.8299940Z [1m[32m   Compiling[0m tower-layer v0.3.3
2025-07-18T23:42:25.0055765Z [1m[32m   Compiling[0m cpufeatures v0.2.17
2025-07-18T23:42:25.0383258Z [1m[32m   Compiling[0m hashbrown v0.14.5
2025-07-18T23:42:25.6919553Z [1m[32m   Compiling[0m dashmap v6.1.0
2025-07-18T23:42:26.2728312Z [1m[32m   Compiling[0m sha1 v0.10.6
2025-07-18T23:42:26.4179909Z [1m[32m   Compiling[0m hydration_context v0.3.0
2025-07-18T23:42:26.7067108Z [1m[32m   Compiling[0m icu_normalizer v2.0.0
2025-07-18T23:42:28.0804463Z [1m[32m   Compiling[0m icu_properties v2.0.1
2025-07-18T23:42:28.0998405Z [1m[32m   Compiling[0m rand v0.9.1
2025-07-18T23:42:28.6743274Z [1m[32m   Compiling[0m async-lock v3.4.0
2025-07-18T23:42:29.6103143Z [1m[32m   Compiling[0m const_format v0.2.34
2025-07-18T23:42:29.6691414Z [1m[32m   Compiling[0m form_urlencoded v1.2.1
2025-07-18T23:42:29.8496142Z [1m[32m   Compiling[0m http-body-util v0.1.3
2025-07-18T23:42:29.8577736Z [1m[32m   Compiling[0m any_spawner v0.3.0
2025-07-18T23:42:29.9579545Z [1m[32m   Compiling[0m syn_derive v0.2.0
2025-07-18T23:42:30.0709014Z [1m[32m   Compiling[0m multer v3.1.0
2025-07-18T23:42:30.2061823Z [1m[32m   Compiling[0m either v1.15.0
2025-07-18T23:42:30.3851526Z [1m[32m   Compiling[0m guardian v1.3.0
2025-07-18T23:42:30.4595462Z [1m[32m   Compiling[0m sync_wrapper v1.0.2
2025-07-18T23:42:30.4999943Z [1m[32m   Compiling[0m data-encoding v2.9.0
2025-07-18T23:42:30.5771219Z [1m[32m   Compiling[0m xxhash-rust v0.8.15
2025-07-18T23:42:30.6238382Z [1m[32m   Compiling[0m hashbrown v0.15.4
2025-07-18T23:42:30.9246480Z [1m[32m   Compiling[0m equivalent v1.0.2
2025-07-18T23:42:30.9579770Z [1m[32m   Compiling[0m utf-8 v0.7.6
2025-07-18T23:42:31.0824681Z [1m[32m   Compiling[0m rustc-hash v2.1.1
2025-07-18T23:42:31.2682065Z [1m[32m   Compiling[0m indexmap v2.10.0
2025-07-18T23:42:32.0345192Z [1m[32m   Compiling[0m tungstenite v0.26.2
2025-07-18T23:42:34.4804433Z [1m[32m   Compiling[0m itertools v0.14.0
2025-07-18T23:42:35.0171735Z [1m[32m   Compiling[0m idna_adapter v1.2.1
2025-07-18T23:42:36.0134289Z [1m[32m   Compiling[0m hyper v1.6.0
2025-07-18T23:42:36.1189988Z [1m[32m   Compiling[0m manyhow-macros v0.11.4
2025-07-18T23:42:36.3115935Z [1m[32m   Compiling[0m quote-use-macros v0.8.4
2025-07-18T23:42:36.5610618Z [1m[32m   Compiling[0m parking_lot v0.12.4
2025-07-18T23:42:36.8103133Z [1m[32m   Compiling[0m reactive_stores_macro v0.2.3
2025-07-18T23:42:37.5152775Z [1m[32m   Compiling[0m pin-project-internal v1.1.10
2025-07-18T23:42:37.6616746Z [1m[32m   Compiling[0m tachys v0.2.4
2025-07-18T23:42:37.6856649Z [1m[32m   Compiling[0m encoding_rs v0.8.35
2025-07-18T23:42:37.8089961Z [1m[32m   Compiling[0m yansi v1.0.1
2025-07-18T23:42:38.0960493Z [1m[32m   Compiling[0m prettyplease v0.2.35
2025-07-18T23:42:38.4067622Z [1m[32m   Compiling[0m utf8-width v0.1.7
2025-07-18T23:42:38.4411195Z [1m[32m   Compiling[0m utf8_iter v1.0.4
2025-07-18T23:42:38.5386985Z [1m[32m   Compiling[0m spin v0.9.8
2025-07-18T23:42:38.5998342Z [1m[32m   Compiling[0m winnow v0.7.12
2025-07-18T23:42:39.5518182Z [1m[32m   Compiling[0m pin-project v1.1.10
2025-07-18T23:42:39.5926474Z [1m[32m   Compiling[0m idna v1.0.3
2025-07-18T23:42:40.1720913Z [1m[32m   Compiling[0m html-escape v0.2.13
2025-07-18T23:42:40.6966125Z [1m[32m   Compiling[0m toml_parser v1.0.1
2025-07-18T23:42:41.5283225Z [1m[32m   Compiling[0m reactive_stores v0.2.3
2025-07-18T23:42:42.0449877Z [1m[32m   Compiling[0m hyper-util v0.1.15
2025-07-18T23:42:42.2257534Z [1m[32m   Compiling[0m quote-use v0.8.4
2025-07-18T23:42:42.2570703Z [1m[32m   Compiling[0m manyhow v0.11.4
2025-07-18T23:42:42.4401575Z [1m[32m   Compiling[0m gloo-utils v0.2.0
2025-07-18T23:42:42.5860964Z [1m[32m   Compiling[0m tokio-tungstenite v0.26.2
2025-07-18T23:42:42.5887598Z [1m[32m   Compiling[0m axum-core v0.5.2
2025-07-18T23:42:42.8187688Z [1m[32m   Compiling[0m tower v0.5.2
2025-07-18T23:42:43.0405942Z [1m[32m   Compiling[0m serde_urlencoded v0.7.1
2025-07-18T23:42:43.2216606Z [1m[32m   Compiling[0m either_of v0.1.6
2025-07-18T23:42:43.2704571Z [1m[32m   Compiling[0m oco_ref v0.2.0
2025-07-18T23:42:43.5254456Z [1m[32m   Compiling[0m serde_path_to_error v0.1.17
2025-07-18T23:42:43.9536061Z [1m[32m   Compiling[0m serde_spanned v1.0.0
2025-07-18T23:42:44.0378130Z [1m[32m   Compiling[0m toml_datetime v0.7.0
2025-07-18T23:42:44.4072944Z [1m[32m   Compiling[0m async-trait v0.1.88
2025-07-18T23:42:44.9045629Z [1m[32m   Compiling[0m server_fn v0.8.3
2025-07-18T23:42:45.0341581Z [1m[32m   Compiling[0m aho-corasick v1.1.3
2025-07-18T23:42:45.3850956Z [1m[32m   Compiling[0m drain_filter_polyfill v0.1.3
2025-07-18T23:42:45.4387042Z [1m[32m   Compiling[0m regex-syntax v0.8.5
2025-07-18T23:42:45.8798216Z [1m[32m   Compiling[0m next_tuple v0.1.0
2025-07-18T23:42:45.9430630Z [1m[32m   Compiling[0m same-file v1.0.6
2025-07-18T23:42:46.8844792Z [1m[32m   Compiling[0m erased v0.1.2
2025-07-18T23:42:46.9388921Z [1m[32m   Compiling[0m collection_literals v1.0.2
2025-07-18T23:42:46.9694557Z [1m[32m   Compiling[0m matchit v0.8.4
2025-07-18T23:42:47.6544552Z [1m[32m   Compiling[0m base64 v0.22.1
2025-07-18T23:42:48.1306373Z [1m[32m   Compiling[0m const_str_slice_concat v0.1.0
2025-07-18T23:42:48.2200829Z [1m[32m   Compiling[0m linear-map v1.2.0
2025-07-18T23:42:48.3742205Z [1m[32m   Compiling[0m interpolator v0.5.0
2025-07-18T23:42:49.2658687Z [1m[32m   Compiling[0m attribute-derive-macro v0.10.3
2025-07-18T23:42:51.7124906Z [1m[32m   Compiling[0m axum v0.8.4
2025-07-18T23:42:53.8140783Z [1m[32m   Compiling[0m regex-automata v0.4.9
2025-07-18T23:43:00.7939570Z [1m[32m   Compiling[0m walkdir v2.5.0
2025-07-18T23:43:01.0158862Z [1m[32m   Compiling[0m convert_case v0.6.0
2025-07-18T23:43:02.0542591Z [1m[32m   Compiling[0m toml v0.9.2
2025-07-18T23:43:06.3715697Z [1m[32m   Compiling[0m gloo-net v0.6.0
2025-07-18T23:43:07.1204864Z [1m[32m   Compiling[0m rstml v0.12.1
2025-07-18T23:43:07.2947622Z [1m[32m   Compiling[0m url v2.5.4
2025-07-18T23:43:07.9257467Z [1m[32m   Compiling[0m wasm-streams v0.4.2
2025-07-18T23:43:09.1691722Z [1m[32m   Compiling[0m server_fn_macro_default v0.8.3
2025-07-18T23:43:09.7861614Z [1m[32m   Compiling[0m serde_qs v0.15.0
2025-07-18T23:43:10.0041976Z [1m[32m   Compiling[0m typed-builder-macro v0.21.0
2025-07-18T23:43:10.1906956Z [1m[32m   Compiling[0m leptos_macro v0.8.3
2025-07-18T23:43:10.7381259Z [1m[32m   Compiling[0m const-str v0.6.3
2025-07-18T23:43:11.5014067Z [1m[32m   Compiling[0m pathdiff v0.2.3
2025-07-18T23:43:11.5528317Z [1m[32m   Compiling[0m inventory v0.3.20
2025-07-18T23:43:11.6098010Z [1m[32m   Compiling[0m config v0.15.13
2025-07-18T23:43:11.7137270Z [1m[32m   Compiling[0m typed-builder v0.21.0
2025-07-18T23:43:13.1245791Z [1m[32m   Compiling[0m leptos_hot_reload v0.8.3
2025-07-18T23:43:13.8458076Z [1m[32m   Compiling[0m uuid v1.17.0
2025-07-18T23:43:14.1236064Z [1m[32m   Compiling[0m regex v1.11.1
2025-07-18T23:43:14.2654764Z [1m[32m   Compiling[0m attribute-derive v0.10.3
2025-07-18T23:43:15.6125295Z [1m[32m   Compiling[0m codee v0.3.2
2025-07-18T23:43:15.7687904Z [1m[32m   Compiling[0m leptos v0.8.3
2025-07-18T23:43:15.9388833Z [1m[32m   Compiling[0m leptos_server v0.8.3
2025-07-18T23:43:16.5129118Z [1m[32m   Compiling[0m leptos_config v0.8.3
2025-07-18T23:43:18.6215761Z [1m[32m   Compiling[0m leptos_dom v0.8.3
2025-07-18T23:43:18.7543011Z [1m[32m   Compiling[0m unicase v2.8.1
2025-07-18T23:43:18.8779397Z [1m[32m   Compiling[0m mime_guess v2.0.5
2025-07-18T23:43:19.1426727Z [1m[32m   Compiling[0m leptos_router v0.8.3
2025-07-18T23:43:19.3131027Z [1m[32m   Compiling[0m leptos_router_macro v0.8.3
2025-07-18T23:43:22.2889950Z [1m[32m   Compiling[0m leptos_meta v0.8.3
2025-07-18T23:43:24.3521744Z [1m[32m   Compiling[0m tokio-util v0.7.15
2025-07-18T23:43:25.0014447Z [1m[32m   Compiling[0m bitflags v2.9.1
2025-07-18T23:43:25.2955558Z [1m[32m   Compiling[0m http-range-header v0.4.2
2025-07-18T23:43:25.7020069Z [1m[32m   Compiling[0m tower-http v0.6.6
2025-07-18T23:43:25.8269597Z [1m[32m   Compiling[0m leptos_integration_utils v0.8.3
2025-07-18T23:43:26.2256794Z [1m[32m   Compiling[0m leptos_axum v0.8.3
2025-07-18T23:43:27.9862085Z [1m[32m   Compiling[0m leptos-radix-ui v0.1.0 (/home/runner/work/Leptographic/Leptographic)
2025-07-18T23:43:39.0157469Z [1m[32m    Finished[0m `release` profile [optimized] target(s) in 1m 37s
2025-07-18T23:43:39.0354110Z [38;5;77m       Cargo[0m finished [38;5;241mcargo build --package=leptos-radix-ui --bin=leptos-radix-ui --no-default-features --features=ssr --release[0m
2025-07-18T23:43:39.0549301Z ##[group]Run echo "Checking build artifacts..."
2025-07-18T23:43:39.0549872Z [36;1mecho "Checking build artifacts..."[0m
2025-07-18T23:43:39.0550192Z [36;1mls -la target/site/[0m
2025-07-18T23:43:39.0550464Z [36;1mls -la target/release/[0m
2025-07-18T23:43:39.0550745Z [36;1m# Find the actual binary name[0m
2025-07-18T23:43:39.0551282Z [36;1mBINARY_NAME=$(find target/release/ -maxdepth 1 -type f -executable ! -name "*.d" | head -1 | xargs basename)[0m
2025-07-18T23:43:39.0551817Z [36;1mecho "Found binary: $BINARY_NAME"[0m
2025-07-18T23:43:39.0552161Z [36;1mecho "BINARY_NAME=$BINARY_NAME" >> $GITHUB_ENV[0m
2025-07-18T23:43:39.0580076Z shell: /usr/bin/bash -e {0}
2025-07-18T23:43:39.0580414Z env:
2025-07-18T23:43:39.0580630Z   CARGO_TERM_COLOR: always
2025-07-18T23:43:39.0580898Z   CARGO_HOME: /home/runner/.cargo
2025-07-18T23:43:39.0581179Z   CARGO_INCREMENTAL: 0
2025-07-18T23:43:39.0581417Z ##[endgroup]
2025-07-18T23:43:39.0629678Z Checking build artifacts...
2025-07-18T23:43:39.0643421Z total 16
2025-07-18T23:43:39.0644230Z drwxr-xr-x 3 runner docker 4096 Jul 18 23:42 .
2025-07-18T23:43:39.0644939Z drwxr-xr-x 7 runner docker 4096 Jul 18 23:42 ..
2025-07-18T23:43:39.0645695Z -rw-r--r-- 1 runner docker   90 Jul 18 23:42 .gitkeep
2025-07-18T23:43:39.0646426Z drwxr-xr-x 2 runner docker 4096 Jul 18 23:42 pkg
2025-07-18T23:43:39.0659175Z total 16196
2025-07-18T23:43:39.0671406Z drwxr-xr-x   7 runner docker     4096 Jul 18 23:43 .
2025-07-18T23:43:39.0672250Z drwxr-xr-x   7 runner docker     4096 Jul 18 23:42 ..
2025-07-18T23:43:39.0673072Z -rw-r--r--   1 runner docker        0 Jul 18 23:42 .cargo-lock
2025-07-18T23:43:39.0674101Z drwxr-xr-x 350 runner docker    20480 Jul 18 23:42 .fingerprint
2025-07-18T23:43:39.0674941Z drwxr-xr-x  84 runner docker     4096 Jul 18 23:42 build
2025-07-18T23:43:39.0675699Z drwxr-xr-x   2 runner docker    65536 Jul 18 23:43 deps
2025-07-18T23:43:39.0676471Z drwxr-xr-x   2 runner docker     4096 Jul 18 23:42 examples
2025-07-18T23:43:39.0677271Z drwxr-xr-x   2 runner docker     4096 Jul 18 23:42 incremental
2025-07-18T23:43:39.0678107Z -rwxr-xr-x   2 runner docker 16468472 Jul 18 23:43 leptos-radix-ui
2025-07-18T23:43:39.0678981Z -rw-r--r--   1 runner docker      892 Jul 18 23:43 leptos-radix-ui.d
2025-07-18T23:43:39.0704377Z Found binary: leptos-radix-ui
2025-07-18T23:43:39.0726522Z ##[group]Run mkdir -p deploy
2025-07-18T23:43:39.0726850Z [36;1mmkdir -p deploy[0m
2025-07-18T23:43:39.0727125Z [36;1mcp -r target/site/* deploy/[0m
2025-07-18T23:43:39.0727511Z [36;1mcp target/release/leptos-radix-ui deploy/leptographic-app[0m
2025-07-18T23:43:39.0727963Z [36;1mtar -czf leptographic-deploy.tar.gz -C deploy .[0m
2025-07-18T23:43:39.0752729Z shell: /usr/bin/bash -e {0}
2025-07-18T23:43:39.0753001Z env:
2025-07-18T23:43:39.0753216Z   CARGO_TERM_COLOR: always
2025-07-18T23:43:39.0753491Z   CARGO_HOME: /home/runner/.cargo
2025-07-18T23:43:39.0753759Z   CARGO_INCREMENTAL: 0
2025-07-18T23:43:39.0754208Z   BINARY_NAME: leptos-radix-ui
2025-07-18T23:43:39.0754482Z ##[endgroup]
2025-07-18T23:43:39.5162729Z ##[group]Run appleboy/ssh-action@2ead5e36573f08b82fbfce1504f1a4b05a647c6f
2025-07-18T23:43:39.5163138Z with:
2025-07-18T23:43:39.5163458Z   host: ***
2025-07-18T23:43:39.5163678Z   username: ***
2025-07-18T23:43:39.5165667Z   key: ***

2025-07-18T23:43:39.5165886Z   port: 22
2025-07-18T23:43:39.5167332Z   script: # Create deployment directory
sudo mkdir -p /var/www/leptographic
sudo chown $USER:$USER /var/www/leptographic

# Stop existing service if running
sudo systemctl stop leptographic || true

# Backup current deployment
if [ -d "/var/www/leptographic/current" ]; then
  sudo mv /var/www/leptographic/current /var/www/leptographic/backup-$(date +%Y%m%d-%H%M%S)
fi

# Create new deployment directory
mkdir -p /var/www/leptographic/current

2025-07-18T23:43:39.5168804Z   protocol: tcp
2025-07-18T23:43:39.5169024Z   timeout: 30s
2025-07-18T23:43:39.5169239Z   command_timeout: 10m
2025-07-18T23:43:39.5169482Z   proxy_port: 22
2025-07-18T23:43:39.5169712Z   proxy_protocol: tcp
2025-07-18T23:43:39.5170154Z   proxy_timeout: 30s
2025-07-18T23:43:39.5170387Z   capture_stdout: false
2025-07-18T23:43:39.5170620Z env:
2025-07-18T23:43:39.5170827Z   CARGO_TERM_COLOR: always
2025-07-18T23:43:39.5171083Z   CARGO_HOME: /home/runner/.cargo
2025-07-18T23:43:39.5171353Z   CARGO_INCREMENTAL: 0
2025-07-18T23:43:39.5171594Z   BINARY_NAME: leptos-radix-ui
2025-07-18T23:43:39.5171849Z ##[endgroup]
2025-07-18T23:43:39.5186619Z ##[group]Run echo "$GITHUB_ACTION_PATH" >> $GITHUB_PATH
2025-07-18T23:43:39.5186993Z [36;1mecho "$GITHUB_ACTION_PATH" >> $GITHUB_PATH[0m
2025-07-18T23:43:39.5215082Z shell: /usr/bin/bash --noprofile --norc -e -o pipefail {0}
2025-07-18T23:43:39.5215440Z env:
2025-07-18T23:43:39.5215656Z   CARGO_TERM_COLOR: always
2025-07-18T23:43:39.5215917Z   CARGO_HOME: /home/runner/.cargo
2025-07-18T23:43:39.5216187Z   CARGO_INCREMENTAL: 0
2025-07-18T23:43:39.5216438Z   BINARY_NAME: leptos-radix-ui
2025-07-18T23:43:39.5216931Z   GITHUB_ACTION_PATH: /home/runner/work/_actions/appleboy/ssh-action/2ead5e36573f08b82fbfce1504f1a4b05a647c6f
2025-07-18T23:43:39.5217441Z ##[endgroup]
2025-07-18T23:43:39.5287106Z ##[group]Run entrypoint.sh
2025-07-18T23:43:39.5287387Z [36;1mentrypoint.sh[0m
2025-07-18T23:43:39.5312803Z shell: /usr/bin/bash --noprofile --norc -e -o pipefail {0}
2025-07-18T23:43:39.5313158Z env:
2025-07-18T23:43:39.5313368Z   CARGO_TERM_COLOR: always
2025-07-18T23:43:39.5313632Z   CARGO_HOME: /home/runner/.cargo
2025-07-18T23:43:39.5314097Z   CARGO_INCREMENTAL: 0
2025-07-18T23:43:39.5314356Z   BINARY_NAME: leptos-radix-ui
2025-07-18T23:43:39.5314842Z   GITHUB_ACTION_PATH: /home/runner/work/_actions/appleboy/ssh-action/2ead5e36573f08b82fbfce1504f1a4b05a647c6f
2025-07-18T23:43:39.5315374Z   INPUT_HOST: ***
2025-07-18T23:43:39.5315615Z   INPUT_PORT: 22
2025-07-18T23:43:39.5315838Z   INPUT_PROTOCOL: tcp
2025-07-18T23:43:39.5316090Z   INPUT_USERNAME: ***
2025-07-18T23:43:39.5316317Z   INPUT_PASSWORD: 
2025-07-18T23:43:39.5316540Z   INPUT_PASSPHRASE: 
2025-07-18T23:43:39.5318278Z   INPUT_KEY: ***

2025-07-18T23:43:39.5318524Z   INPUT_KEY_PATH: 
2025-07-18T23:43:39.5318754Z   INPUT_FINGERPRINT: 
2025-07-18T23:43:39.5318982Z   INPUT_PROXY_HOST: 
2025-07-18T23:43:39.5319212Z   INPUT_PROXY_PORT: 22
2025-07-18T23:43:39.5319445Z   INPUT_PROXY_USERNAME: 
2025-07-18T23:43:39.5319683Z   INPUT_PROXY_PASSWORD: 
2025-07-18T23:43:39.5319927Z   INPUT_PROXY_PASSPHRASE: 
2025-07-18T23:43:39.5320166Z   INPUT_PROXY_KEY: 
2025-07-18T23:43:39.5320389Z   INPUT_PROXY_KEY_PATH: 
2025-07-18T23:43:39.5320632Z   INPUT_PROXY_FINGERPRINT: 
2025-07-18T23:43:39.5320876Z   INPUT_TIMEOUT: 30s
2025-07-18T23:43:39.5321108Z   INPUT_PROXY_TIMEOUT: 30s
2025-07-18T23:43:39.5321353Z   INPUT_COMMAND_TIMEOUT: 10m
2025-07-18T23:43:39.5323026Z   INPUT_SCRIPT: # Create deployment directory
sudo mkdir -p /var/www/leptographic
sudo chown $USER:$USER /var/www/leptographic

# Stop existing service if running
sudo systemctl stop leptographic || true

# Backup current deployment
if [ -d "/var/www/leptographic/current" ]; then
  sudo mv /var/www/leptographic/current /var/www/leptographic/backup-$(date +%Y%m%d-%H%M%S)
fi

# Create new deployment directory
mkdir -p /var/www/leptographic/current

2025-07-18T23:43:39.5324717Z   INPUT_SCRIPT_FILE: 
2025-07-18T23:43:39.5324949Z   INPUT_ENVS: 
2025-07-18T23:43:39.5325162Z   INPUT_ENVS_FORMAT: 
2025-07-18T23:43:39.5325380Z   INPUT_DEBUG: 
2025-07-18T23:43:39.5325596Z   INPUT_ALL_ENVS: 
2025-07-18T23:43:39.5325812Z   INPUT_REQUEST_PTY: 
2025-07-18T23:43:39.5326047Z   INPUT_USE_INSECURE_CIPHER: 
2025-07-18T23:43:39.5326295Z   INPUT_CIPHER: 
2025-07-18T23:43:39.5326525Z   INPUT_PROXY_USE_INSECURE_CIPHER: 
2025-07-18T23:43:39.5326803Z   INPUT_PROXY_CIPHER: 
2025-07-18T23:43:39.5327026Z   INPUT_SYNC: 
2025-07-18T23:43:39.5327245Z   INPUT_CAPTURE_STDOUT: false
2025-07-18T23:43:39.5327499Z ##[endgroup]
2025-07-18T23:43:39.5418970Z Will download drone-ssh-1.8.1-linux-amd64 from https://github.com/appleboy/drone-ssh/releases/download/v1.8.1
2025-07-18T23:43:39.8807508Z ======= CLI Version =======
2025-07-18T23:43:39.8835110Z Drone SSH version 1.8.1
2025-07-18T23:43:39.8842754Z ===========================
2025-07-18T23:43:41.1240395Z ===============================================
2025-07-18T23:43:41.1241156Z ✅ Successfully executed commands to all hosts.
2025-07-18T23:43:41.1241543Z ===============================================
2025-07-18T23:43:41.1359866Z ##[group]Run appleboy/scp-action@ff85246acaad7bdce478db94a363cd2bf7c90345
2025-07-18T23:43:41.1360272Z with:
2025-07-18T23:43:41.1360601Z   host: ***
2025-07-18T23:43:41.1360819Z   username: ***
2025-07-18T23:43:41.1362535Z   key: ***

2025-07-18T23:43:41.1362743Z   port: 22
2025-07-18T23:43:41.1362968Z   source: leptographic-deploy.tar.gz
2025-07-18T23:43:41.1363257Z   target: /tmp/
2025-07-18T23:43:41.1363484Z   protocol: tcp
2025-07-18T23:43:41.1363700Z   timeout: 30s
2025-07-18T23:43:41.1364148Z   command_timeout: 10m
2025-07-18T23:43:41.1364391Z   tar_exec: tar
2025-07-18T23:43:41.1364607Z   proxy_port: 22
2025-07-18T23:43:41.1364831Z   proxy_timeout: 30s
2025-07-18T23:43:41.1365082Z   curl_insecure: false
2025-07-18T23:43:41.1365320Z   capture_stdout: false
2025-07-18T23:43:41.1365547Z env:
2025-07-18T23:43:41.1365758Z   CARGO_TERM_COLOR: always
2025-07-18T23:43:41.1366011Z   CARGO_HOME: /home/runner/.cargo
2025-07-18T23:43:41.1366280Z   CARGO_INCREMENTAL: 0
2025-07-18T23:43:41.1366558Z   BINARY_NAME: leptos-radix-ui
2025-07-18T23:43:41.1366811Z ##[endgroup]
2025-07-18T23:43:41.1380570Z ##[group]Run echo "$GITHUB_ACTION_PATH" >> $GITHUB_PATH
2025-07-18T23:43:41.1380952Z [36;1mecho "$GITHUB_ACTION_PATH" >> $GITHUB_PATH[0m
2025-07-18T23:43:41.1408896Z shell: /usr/bin/bash --noprofile --norc -e -o pipefail {0}
2025-07-18T23:43:41.1409246Z env:
2025-07-18T23:43:41.1409463Z   CARGO_TERM_COLOR: always
2025-07-18T23:43:41.1409718Z   CARGO_HOME: /home/runner/.cargo
2025-07-18T23:43:41.1409986Z   CARGO_INCREMENTAL: 0
2025-07-18T23:43:41.1410230Z   BINARY_NAME: leptos-radix-ui
2025-07-18T23:43:41.1410709Z   GITHUB_ACTION_PATH: /home/runner/work/_actions/appleboy/scp-action/ff85246acaad7bdce478db94a363cd2bf7c90345
2025-07-18T23:43:41.1411210Z ##[endgroup]
2025-07-18T23:43:41.1491842Z ##[group]Run entrypoint.sh
2025-07-18T23:43:41.1492119Z [36;1mentrypoint.sh[0m
2025-07-18T23:43:41.1517057Z shell: /usr/bin/bash --noprofile --norc -e -o pipefail {0}
2025-07-18T23:43:41.1517409Z env:
2025-07-18T23:43:41.1517632Z   CARGO_TERM_COLOR: always
2025-07-18T23:43:41.1517898Z   CARGO_HOME: /home/runner/.cargo
2025-07-18T23:43:41.1518166Z   CARGO_INCREMENTAL: 0
2025-07-18T23:43:41.1518409Z   BINARY_NAME: leptos-radix-ui
2025-07-18T23:43:41.1518900Z   GITHUB_ACTION_PATH: /home/runner/work/_actions/appleboy/scp-action/ff85246acaad7bdce478db94a363cd2bf7c90345
2025-07-18T23:43:41.1519456Z   INPUT_HOST: ***
2025-07-18T23:43:41.1519691Z   INPUT_PORT: 22
2025-07-18T23:43:41.1519915Z   INPUT_PROTOCOL: tcp
2025-07-18T23:43:41.1520171Z   INPUT_USERNAME: ***
2025-07-18T23:43:41.1520404Z   INPUT_PASSWORD: 
2025-07-18T23:43:41.1520628Z   INPUT_PASSPHRASE: 
2025-07-18T23:43:41.1522331Z   INPUT_KEY: ***

2025-07-18T23:43:41.1522572Z   INPUT_KEY_PATH: 
2025-07-18T23:43:41.1522807Z   INPUT_FINGERPRINT: 
2025-07-18T23:43:41.1523039Z   INPUT_PROXY_HOST: 
2025-07-18T23:43:41.1523266Z   INPUT_PROXY_PORT: 22
2025-07-18T23:43:41.1523507Z   INPUT_PROXY_USERNAME: 
2025-07-18T23:43:41.1523750Z   INPUT_PROXY_PASSWORD: 
2025-07-18T23:43:41.1524231Z   INPUT_PROXY_PASSPHRASE: 
2025-07-18T23:43:41.1524484Z   INPUT_PROXY_KEY: 
2025-07-18T23:43:41.1524708Z   INPUT_PROXY_KEY_PATH: 
2025-07-18T23:43:41.1524953Z   INPUT_PROXY_FINGERPRINT: 
2025-07-18T23:43:41.1525211Z   INPUT_USE_INSECURE_CIPHER: 
2025-07-18T23:43:41.1525469Z   INPUT_CIPHER: 
2025-07-18T23:43:41.1525704Z   INPUT_PROXY_USE_INSECURE_CIPHER: 
2025-07-18T23:43:41.1525971Z   INPUT_PROXY_CIPHER: 
2025-07-18T23:43:41.1526205Z   INPUT_DEBUG: 
2025-07-18T23:43:41.1526417Z   INPUT_TIMEOUT: 30s
2025-07-18T23:43:41.1526650Z   INPUT_COMMAND_TIMEOUT: 10m
2025-07-18T23:43:41.1526902Z   INPUT_TARGET: /tmp/
2025-07-18T23:43:41.1527156Z   INPUT_SOURCE: leptographic-deploy.tar.gz
2025-07-18T23:43:41.1527617Z   INPUT_RM: 
2025-07-18T23:43:41.1527831Z   INPUT_STRIP_COMPONENTS: 
2025-07-18T23:43:41.1528075Z   INPUT_OVERWRITE: 
2025-07-18T23:43:41.1528307Z   INPUT_TAR_DEREFERENCE: 
2025-07-18T23:43:41.1528547Z   INPUT_TAR_TMP_PATH: 
2025-07-18T23:43:41.1528781Z   INPUT_TAR_EXEC: tar
2025-07-18T23:43:41.1529158Z   INPUT_PROXY_TIMEOUT: 30s
2025-07-18T23:43:41.1529413Z   INPUT_CAPTURE_STDOUT: false
2025-07-18T23:43:41.1529675Z   INPUT_CURL_INSECURE: false
2025-07-18T23:43:41.1529921Z   DRONE_SCP_VERSION: 
2025-07-18T23:43:41.1530146Z ##[endgroup]
2025-07-18T23:43:41.1627841Z Downloading drone-scp-1.8.0-linux-amd64 from https://github.com/appleboy/drone-scp/releases/download/v1.8.0
2025-07-18T23:43:41.4885337Z ======= CLI Version Information =======
2025-07-18T23:43:41.4904971Z Drone SCP version 1.8.0
2025-07-18T23:43:41.4908017Z =======================================
2025-07-18T23:43:41.4929576Z drone-scp version: 1.8.0
2025-07-18T23:43:41.4930156Z tar all files into /tmp/QnqQNDiqmF.tar.gz
2025-07-18T23:43:42.2457478Z remote server os type is unix
2025-07-18T23:43:42.2458114Z scp file to server.
2025-07-18T23:43:44.0880322Z create folder /tmp/
2025-07-18T23:43:44.7696147Z untar file QnqQNDiqmF.tar.gz
2025-07-18T23:43:45.5135125Z remove file QnqQNDiqmF.tar.gz
2025-07-18T23:43:46.2351592Z ===================================================
2025-07-18T23:43:46.2352470Z ✅ Successfully executed transfer data to all host
2025-07-18T23:43:46.2353013Z ===================================================
2025-07-18T23:43:46.2521284Z ##[group]Run appleboy/ssh-action@2ead5e36573f08b82fbfce1504f1a4b05a647c6f
2025-07-18T23:43:46.2521972Z with:
2025-07-18T23:43:46.2522401Z   host: ***
2025-07-18T23:43:46.2522784Z   username: ***
2025-07-18T23:43:46.2526161Z   key: ***

2025-07-18T23:43:46.2526529Z   port: 22
2025-07-18T23:43:46.2529669Z   script: set -e  # Exit on any error

# Extract deployment files
cd /var/www/leptographic/current
tar -xzf /tmp/leptographic-deploy.tar.gz
chmod +x leptographic-app

# Clean up temp file
rm /tmp/leptographic-deploy.tar.gz

# Start the service
sudo systemctl start leptographic
sudo systemctl enable leptographic

# Wait a moment for service to start
sleep 3

# Check service status
sudo systemctl status leptographic --no-pager

# Verify the application is responding
curl -f http://localhost:3000 || echo "Warning: Application not responding on localhost:3000"

2025-07-18T23:43:46.2533009Z   protocol: tcp
2025-07-18T23:43:46.2533422Z   timeout: 30s
2025-07-18T23:43:46.2534051Z   command_timeout: 10m
2025-07-18T23:43:46.2534495Z   proxy_port: 22
2025-07-18T23:43:46.2534919Z   proxy_protocol: tcp
2025-07-18T23:43:46.2535343Z   proxy_timeout: 30s
2025-07-18T23:43:46.2535747Z   capture_stdout: false
2025-07-18T23:43:46.2536159Z env:
2025-07-18T23:43:46.2536516Z   CARGO_TERM_COLOR: always
2025-07-18T23:43:46.2536985Z   CARGO_HOME: /home/runner/.cargo
2025-07-18T23:43:46.2537456Z   CARGO_INCREMENTAL: 0
2025-07-18T23:43:46.2537878Z   BINARY_NAME: leptos-radix-ui
2025-07-18T23:43:46.2538329Z ##[endgroup]
2025-07-18T23:43:46.2558240Z ##[group]Run echo "$GITHUB_ACTION_PATH" >> $GITHUB_PATH
2025-07-18T23:43:46.2558617Z [36;1mecho "$GITHUB_ACTION_PATH" >> $GITHUB_PATH[0m
2025-07-18T23:43:46.2586626Z shell: /usr/bin/bash --noprofile --norc -e -o pipefail {0}
2025-07-18T23:43:46.2586985Z env:
2025-07-18T23:43:46.2587202Z   CARGO_TERM_COLOR: always
2025-07-18T23:43:46.2587475Z   CARGO_HOME: /home/runner/.cargo
2025-07-18T23:43:46.2587754Z   CARGO_INCREMENTAL: 0
2025-07-18T23:43:46.2588009Z   BINARY_NAME: leptos-radix-ui
2025-07-18T23:43:46.2588497Z   GITHUB_ACTION_PATH: /home/runner/work/_actions/appleboy/ssh-action/2ead5e36573f08b82fbfce1504f1a4b05a647c6f
2025-07-18T23:43:46.2588989Z ##[endgroup]
2025-07-18T23:43:46.2657341Z ##[group]Run entrypoint.sh
2025-07-18T23:43:46.2657613Z [36;1mentrypoint.sh[0m
2025-07-18T23:43:46.2682322Z shell: /usr/bin/bash --noprofile --norc -e -o pipefail {0}
2025-07-18T23:43:46.2682672Z env:
2025-07-18T23:43:46.2682886Z   CARGO_TERM_COLOR: always
2025-07-18T23:43:46.2683150Z   CARGO_HOME: /home/runner/.cargo
2025-07-18T23:43:46.2683580Z   CARGO_INCREMENTAL: 0
2025-07-18T23:43:46.2683989Z   BINARY_NAME: leptos-radix-ui
2025-07-18T23:43:46.2684528Z   GITHUB_ACTION_PATH: /home/runner/work/_actions/appleboy/ssh-action/2ead5e36573f08b82fbfce1504f1a4b05a647c6f
2025-07-18T23:43:46.2685092Z   INPUT_HOST: ***
2025-07-18T23:43:46.2685329Z   INPUT_PORT: 22
2025-07-18T23:43:46.2685556Z   INPUT_PROTOCOL: tcp
2025-07-18T23:43:46.2685803Z   INPUT_USERNAME: ***
2025-07-18T23:43:46.2686036Z   INPUT_PASSWORD: 
2025-07-18T23:43:46.2686269Z   INPUT_PASSPHRASE: 
2025-07-18T23:43:46.2687955Z   INPUT_KEY: ***

2025-07-18T23:43:46.2688183Z   INPUT_KEY_PATH: 
2025-07-18T23:43:46.2688408Z   INPUT_FINGERPRINT: 
2025-07-18T23:43:46.2688639Z   INPUT_PROXY_HOST: 
2025-07-18T23:43:46.2688872Z   INPUT_PROXY_PORT: 22
2025-07-18T23:43:46.2689106Z   INPUT_PROXY_USERNAME: 
2025-07-18T23:43:46.2689347Z   INPUT_PROXY_PASSWORD: 
2025-07-18T23:43:46.2689595Z   INPUT_PROXY_PASSPHRASE: 
2025-07-18T23:43:46.2689836Z   INPUT_PROXY_KEY: 
2025-07-18T23:43:46.2690073Z   INPUT_PROXY_KEY_PATH: 
2025-07-18T23:43:46.2690315Z   INPUT_PROXY_FINGERPRINT: 
2025-07-18T23:43:46.2690564Z   INPUT_TIMEOUT: 30s
2025-07-18T23:43:46.2690799Z   INPUT_PROXY_TIMEOUT: 30s
2025-07-18T23:43:46.2691045Z   INPUT_COMMAND_TIMEOUT: 10m
2025-07-18T23:43:46.2693041Z   INPUT_SCRIPT: set -e  # Exit on any error

# Extract deployment files
cd /var/www/leptographic/current
tar -xzf /tmp/leptographic-deploy.tar.gz
chmod +x leptographic-app

# Clean up temp file
rm /tmp/leptographic-deploy.tar.gz

# Start the service
sudo systemctl start leptographic
sudo systemctl enable leptographic

# Wait a moment for service to start
sleep 3

# Check service status
sudo systemctl status leptographic --no-pager

# Verify the application is responding
curl -f http://localhost:3000 || echo "Warning: Application not responding on localhost:3000"

2025-07-18T23:43:46.2695073Z   INPUT_SCRIPT_FILE: 
2025-07-18T23:43:46.2695300Z   INPUT_ENVS: 
2025-07-18T23:43:46.2695514Z   INPUT_ENVS_FORMAT: 
2025-07-18T23:43:46.2695744Z   INPUT_DEBUG: 
2025-07-18T23:43:46.2695957Z   INPUT_ALL_ENVS: 
2025-07-18T23:43:46.2696181Z   INPUT_REQUEST_PTY: 
2025-07-18T23:43:46.2696419Z   INPUT_USE_INSECURE_CIPHER: 
2025-07-18T23:43:46.2696668Z   INPUT_CIPHER: 
2025-07-18T23:43:46.2696908Z   INPUT_PROXY_USE_INSECURE_CIPHER: 
2025-07-18T23:43:46.2697182Z   INPUT_PROXY_CIPHER: 
2025-07-18T23:43:46.2697408Z   INPUT_SYNC: 
2025-07-18T23:43:46.2697636Z   INPUT_CAPTURE_STDOUT: false
2025-07-18T23:43:46.2697897Z ##[endgroup]
2025-07-18T23:43:46.2791364Z Will download drone-ssh-1.8.1-linux-amd64 from https://github.com/appleboy/drone-ssh/releases/download/v1.8.1
2025-07-18T23:43:46.5686840Z ======= CLI Version =======
2025-07-18T23:43:46.5710463Z Drone SSH version 1.8.1
2025-07-18T23:43:46.5715238Z ===========================
2025-07-18T23:43:50.6151242Z ● leptographic.service - Leptographic - Leptos UI System
2025-07-18T23:43:50.6152093Z      Loaded: loaded (/etc/systemd/system/leptographic.service; enabled; preset: enabled)
2025-07-18T23:43:50.6152904Z      Active: active (running) since Fri 2025-07-18 23:43:47 UTC; 3s ago
2025-07-18T23:43:50.6153442Z    Main PID: 3856 (leptos-radix-ui)
2025-07-18T23:43:50.6154088Z       Tasks: 5 (limit: 9258)
2025-07-18T23:43:50.6154488Z      Memory: 884.0K (peak: 1.5M)
2025-07-18T23:43:50.6154843Z         CPU: 9ms
2025-07-18T23:43:50.6155236Z      CGroup: /system.slice/leptographic.service
2025-07-18T23:43:50.6156179Z              └─3856 /var/www/leptographic/leptos-radix-ui
2025-07-18T23:43:50.6157069Z Jul 18 23:43:47 ubuntu-8gb-ash-1 systemd[1]: Started leptographic.service - Leptographic - Leptos UI System.
2025-07-18T23:43:50.6158119Z Jul 18 23:43:47 ubuntu-8gb-ash-1 leptos-radix-ui[3856]: 🎯 App component rendering...
2025-07-18T23:43:50.6159005Z Jul 18 23:43:47 ubuntu-8gb-ash-1 leptos-radix-ui[3856]: listening on http://127.0.0.1:3000
2025-07-18T23:43:50.6246450Z   % Total    % Received % Xferd  Average Speed   Time    Time     Time  Current
2025-07-18T23:43:50.6247240Z                                  Dload  Upload   Total   Spent    Left  Speed
2025-07-18T23:43:50.6742677Z <!DOCTYPE html><html lang="en"><head><meta charset="utf-8"><meta name="viewport" content="width=device-width, initial-scale=1"><!><link rel="modulepreload" href="/pkg/leptos-radix-ui.js" nonce="86HP_Z2SOMS2blzopufZgA"><link rel="preload" href="/pkg/leptos-radix-ui.wasm" as="fetch" type="application/wasm" crossorigin="86HP_Z2SOMS2blzopufZgA"><script type="module" nonce="86HP_Z2SOMS2blzopufZgA">(function (***, pkg_path, output_name, wasm_output_name) {
2025-07-18T23:43:50.6746128Z 	import(`${***}/${pkg_path}/${output_name}.js`)
2025-07-18T23:43:50.6746791Z 		.then(mod => {
2025-07-18T23:43:50.6747681Z 			mod.default({module_or_path: `${***}/${pkg_path}/${wasm_output_name}.wasm`}).then(() => {
2025-07-18T23:43:50.6748233Z 
2025-07-18T23:43:50.6748480Z   0     0    0     0    0     0      0      0 --:--:-- --:--:-- --:--:--     0
2025-07-18T23:43:50.6749081Z 100  5241    0  5241    0     0  3407k      0 --:--:-- --:--:-- --:--:-- 5118k
2025-07-18T23:43:50.6749530Z 				mod.hydrate();
2025-07-18T23:43:50.6749810Z 			});
2025-07-18T23:43:50.6750057Z 		})
2025-07-18T23:43:50.6750299Z })
2025-07-18T23:43:50.6777734Z ("", "pkg", "leptos-radix-ui", "leptos-radix-ui");</script><!--HEAD--><link id="leptos" rel="stylesheet" href="/pkg/leptos-radix-ui.css?v=2"><title>Leptonic UI Components</title></head><body><div class="min-h-screen transition-colors duration-200 bg-dark-bg text-white"><header class="px-4 py-4 sm:px-6 sm:py-6 bg-dark-bg"><div class="w-full flex flex-col sm:flex-row justify-between items-start sm:items-center gap-4"><div class="flex-1"><h1 class="text-2xl sm:text-3xl font-bold mb-2">Leptographic</h1><p class="text-xs sm:text-sm text-gray-400">A Leptos UI system created to satisfy frontend design requirements and styled with Tailwind CSS 4.</p></div><div class="flex-shrink-0"><button class="text-lg cursor-pointer transition-opacity hover:opacity-70">☀️</button></div></div></header><main class="w-full px-4 py-2"><div class="flex min-h-screen"><div class="w-48 flex-shrink-0 p-2 bg-dark-bg"><h3 class="font-normal mb-3 text-sm uppercase tracking-wider opacity-60 text-gray-400">Components</h3><div class="space-y-1"><div class="px-2 py-1 text-sm cursor-pointer transition-colors tracking-wide text-white font-normal">Checkbox</div><div class="px-2 py-1 text-sm cursor-pointer transition-colors tracking-wide text-gray-500 hover:text-[#605ED6] font-light">Button</div><div class="px-2 py-1 text-sm cursor-pointer transition-colors tracking-wide text-gray-500 hover:text-[#605ED6] font-light">Input</div><div class="px-2 py-1 text-sm cursor-pointer transition-colors tracking-wide text-gray-500 hover:text-[#605ED6] font-light">Select</div><div class="px-2 py-1 text-sm cursor-pointer transition-colors tracking-wide text-gray-500 hover:text-[#605ED6] font-light">Switch</div></div></div><div class="flex-1 grid grid-cols-1 sm:grid-cols-2 lg:grid-cols-3 xl:grid-cols-4 gap-3 p-2"><div><div class="rounded border border-gray-600 bg-[#605ED6] w-5/6 h-40 sm:h-44 lg:h-48 mx-auto overflow-hidden"><div class="px-3 py-2 border-b border-gray-500"><h3 class="font-normal text-sm sm:text-base text-white tracking-wide">Checkbox</h3></div><div class="flex-1 flex items-center justify-center p-4 sm:p-5 lg:p-6"><div class="flex items-center space-x-3"><div class="relative inline-flex"><input type="checkbox" value="on" tabindex="-1" class="absolute opacity-0 pointer-events-none" style="position: absolute; opacity: 0; pointer-events: none; margin: 0; width: 1px; height: 1px;;"><button id="demo-checkbox-1" type="button" role="checkbox" aria-checked="false" data-state="unchecked" class="relative inline-flex h-6 w-6 shrink-0 items-center justify-center rounded border-0 bg-white transition-all duration-200 ease-in-out shadow-sm focus:outline-none focus:ring-2 focus:ring-black focus:ring-offset-0 data-[state=checked]:bg-white data-[state=unchecked]:bg-white data-[state=indeterminate]:bg-white hover:bg-hover-purple data-[state=checked]:hover:bg-white data-[state=indeterminate]:hover:bg-white data-[disabled]:opacity-50 data-[disabled]:cursor-not-allowed data-[disabled]:hover:bg-white"><!><!></button></div><label for="demo-checkbox-1" class="cursor-pointer text-white text-base">Accept terms</label></div></div></div></div><div><div class="rounded border border-gray-600 bg-[#605ED6] w-5/6 h-40 sm:h-44 lg:h-48 mx-auto overflow-hidden"><div class="px-3 py-2 border-b border-gray-500"><h3 class="font-normal text-sm sm:text-base text-white tracking-wide">Button</h3></div><div class="flex-1 flex items-center justify-center p-4 sm:p-5 lg:p-6"><div class="text-center text-gray-300 text-base">Coming Soon</div></div></div></div><div><div class="rounded border border-gray-600 bg-[#605ED6] w-5/6 h-40 sm:h-44 lg:h-48 mx-auto overflow-hidden"><div class="px-3 py-2 border-b border-gray-500"><h3 class="font-normal text-sm sm:text-base text-white tracking-wide">Input</h3></div><div class="flex-1 flex items-center justify-center p-4 sm:p-5 lg:p-6"><div class="text-center text-gray-300 text-base">Coming Soon</div></div></div></div><div><div class="rounded border border-gray-600 bg-[#605ED6] w-5/6 h-40 sm:h-44 lg:h-48 mx-auto overflow-hidden"><div class="px-3 py-2 border-b border-gray-500"><h3 class="font-normal text-sm sm:text-base text-white tracking-wide">Select</h3></div><div class="flex-1 flex items-center justify-center p-4 sm:p-5 lg:p-6"><div class="text-center text-gray-300 text-base">Coming Soon</div></div></div></div></div></div></main></div></body></html><script nonce="86HP_Z2SOMS2blzopufZgA">__RESOLVED_RESOURCES=[];__SERIALIZED_ERRORS=[];__PENDING_RESOURCES=[];__RESOURCE_RESOLVERS=[];</script><script nonce="86HP_Z2SOMS2blzopufZgA">__INCOMPLETE_CHUNKS=[];</script>
2025-07-18T23:43:50.6791021Z ===============================================
2025-07-18T23:43:50.6791518Z ✅ Successfully executed commands to all hosts.
2025-07-18T23:43:50.6791884Z ===============================================
2025-07-18T23:43:50.6833399Z Post job cleanup.
2025-07-18T23:43:51.7845610Z Post job cleanup.
2025-07-18T23:43:51.9105328Z Cache hit occurred on the primary key Linux-cargo-, not saving cache.
2025-07-18T23:43:51.9196782Z Post job cleanup.
2025-07-18T23:43:52.0134243Z [command]/usr/bin/git version
2025-07-18T23:43:52.0169244Z git version 2.50.1
2025-07-18T23:43:52.0211527Z Temporarily overriding HOME='/home/runner/work/_temp/52aa8592-44ef-47ed-859d-5503461e7752' before making global git config changes
2025-07-18T23:43:52.0212534Z Adding repository directory to the temporary git global config as a safe directory
2025-07-18T23:43:52.0217527Z [command]/usr/bin/git config --global --add safe.directory /home/runner/work/Leptographic/Leptographic
2025-07-18T23:43:52.0257596Z [command]/usr/bin/git config --local --name-only --get-regexp core\.sshCommand
2025-07-18T23:43:52.0289098Z [command]/usr/bin/git submodule foreach --recursive sh -c "git config --local --name-only --get-regexp 'core\.sshCommand' && git config --local --unset-all 'core.sshCommand' || :"
2025-07-18T23:43:52.0514215Z [command]/usr/bin/git config --local --name-only --get-regexp http\.https\:\/\/github\.com\/\.extraheader
2025-07-18T23:43:52.0534318Z http.https://github.com/.extraheader
2025-07-18T23:43:52.0546494Z [command]/usr/bin/git config --local --unset-all http.https://github.com/.extraheader
2025-07-18T23:43:52.0576090Z [command]/usr/bin/git submodule foreach --recursive sh -c "git config --local --name-only --get-regexp 'http\.https\:\/\/github\.com\/\.extraheader' && git config --local --unset-all 'http.https://github.com/.extraheader' || :"
2025-07-18T23:43:52.0891755Z Cleaning up orphan processes

Workflow file for this run
.github/workflows/test-build.yml at 6b33bdc
name: Test Build

on:
  pull_request:
    branches: [ main ]
  push:
    branches: [ main ]
  workflow_dispatch:

env:
  CARGO_TERM_COLOR: always

jobs:
  test-build:
    runs-on: ubuntu-latest
    
    steps:
    - name: Checkout code
      uses: actions/checkout@11bd71901bbe5b1630ceea73d27597364c9af683 # v4.2.2

    - name: Setup Rust
      uses: dtolnay/rust-toolchain@4305c38b25d97ef35a8ad1f985ccf2d2242004f2 # stable
      with:
        targets: wasm32-unknown-unknown

    - name: Cache Rust dependencies
      uses: actions/cache@5a3ec84eff668545956fd18022155c47e93e2684 # v4.2.3
      with:
        path: |
          ~/.cargo/bin/
          ~/.cargo/registry/index/
          ~/.cargo/registry/cache/
          ~/.cargo/git/db/
          target/
        key: ${{ runner.os }}-cargo-${{ hashFiles('**/Cargo.lock') }}
        restore-keys: |
          ${{ runner.os }}-cargo-
        
    - name: Setup Node.js
      uses: actions/setup-node@49933ea5288caeca8642d1e84afbd3f7d6820020 # v4.4.0
      with:
        node-version: '18'
        cache: 'npm'
        cache-dependency-path: package-lock.json
        
    - name: Install cargo-leptos (cached)
      run: |
        if ! command -v cargo-leptos &> /dev/null; then
          cargo install cargo-leptos --version 0.2.40
        else
          echo "cargo-leptos already installed"
        fi
    - name: Install npm dependencies
      run: npm ci

    - name: Run Rust tests
      run: cargo test --lib --bins

    - name: Check Rust formatting
      run: cargo fmt --check

    - name: Run Clippy
      run: cargo clippy --lib --bins -- -D warnings
      timeout-minutes: 5

    - name: Build Leptos application (debug)
      run: cargo leptos build
        
    - name: Verify build artifacts
      run: |
        echo "Checking build artifacts..."
        ls -la target/site/
        ls -la target/debug/
        echo "Build test completed successfully!"

2025-07-18T23:40:39.3905623Z Current runner version: '2.326.0'
2025-07-18T23:40:39.3937612Z ##[group]Runner Image Provisioner
2025-07-18T23:40:39.3938824Z Hosted Compute Agent
2025-07-18T23:40:39.3939803Z Version: 20250711.363
2025-07-18T23:40:39.3940708Z Commit: 6785254374ce925a23743850c1cb91912ce5c14c
2025-07-18T23:40:39.3941860Z Build Date: 2025-07-11T20:04:25Z
2025-07-18T23:40:39.3942927Z ##[endgroup]
2025-07-18T23:40:39.3943890Z ##[group]Operating System
2025-07-18T23:40:39.3944813Z Ubuntu
2025-07-18T23:40:39.3945664Z 24.04.2
2025-07-18T23:40:39.3946405Z LTS
2025-07-18T23:40:39.3947174Z ##[endgroup]
2025-07-18T23:40:39.3948051Z ##[group]Runner Image
2025-07-18T23:40:39.3948952Z Image: ubuntu-24.04
2025-07-18T23:40:39.3949699Z Version: 20250710.1.0
2025-07-18T23:40:39.3951463Z Included Software: https://github.com/actions/runner-images/blob/ubuntu24/20250710.1/images/ubuntu/Ubuntu2404-Readme.md
2025-07-18T23:40:39.3954175Z Image Release: https://github.com/actions/runner-images/releases/tag/ubuntu24%2F20250710.1
2025-07-18T23:40:39.3955956Z ##[endgroup]
2025-07-18T23:40:39.3957643Z ##[group]GITHUB_TOKEN Permissions
2025-07-18T23:40:39.3960229Z Contents: read
2025-07-18T23:40:39.3961060Z Metadata: read
2025-07-18T23:40:39.3961940Z Packages: read
2025-07-18T23:40:39.3962854Z ##[endgroup]
2025-07-18T23:40:39.3966274Z Secret source: Actions
2025-07-18T23:40:39.3967449Z Prepare workflow directory
2025-07-18T23:40:39.4510524Z Prepare all required actions
2025-07-18T23:40:39.4565855Z Getting action download info
2025-07-18T23:40:39.7300236Z Download action repository 'actions/checkout@11bd71901bbe5b1630ceea73d27597364c9af683' (SHA:11bd71901bbe5b1630ceea73d27597364c9af683)
2025-07-18T23:40:39.8303871Z Download action repository 'dtolnay/rust-toolchain@4305c38b25d97ef35a8ad1f985ccf2d2242004f2' (SHA:4305c38b25d97ef35a8ad1f985ccf2d2242004f2)
2025-07-18T23:40:39.9853290Z Download action repository 'actions/cache@5a3ec84eff668545956fd18022155c47e93e2684' (SHA:5a3ec84eff668545956fd18022155c47e93e2684)
2025-07-18T23:40:40.0916489Z Download action repository 'actions/setup-node@49933ea5288caeca8642d1e84afbd3f7d6820020' (SHA:49933ea5288caeca8642d1e84afbd3f7d6820020)
2025-07-18T23:40:40.3107132Z Complete job name: test-build
2025-07-18T23:40:40.3870499Z ##[group]Run actions/checkout@11bd71901bbe5b1630ceea73d27597364c9af683
2025-07-18T23:40:40.3871741Z with:
2025-07-18T23:40:40.3872212Z   repository: jakenelwood/Leptographic
2025-07-18T23:40:40.3873016Z   token: ***
2025-07-18T23:40:40.3873415Z   ssh-strict: true
2025-07-18T23:40:40.3874003Z   ssh-user: git
2025-07-18T23:40:40.3874435Z   persist-credentials: true
2025-07-18T23:40:40.3874931Z   clean: true
2025-07-18T23:40:40.3875361Z   sparse-checkout-cone-mode: true
2025-07-18T23:40:40.3875890Z   fetch-depth: 1
2025-07-18T23:40:40.3876317Z   fetch-tags: false
2025-07-18T23:40:40.3876747Z   show-progress: true
2025-07-18T23:40:40.3877180Z   lfs: false
2025-07-18T23:40:40.3877590Z   submodules: false
2025-07-18T23:40:40.3878038Z   set-safe-directory: true
2025-07-18T23:40:40.3878821Z env:
2025-07-18T23:40:40.3879228Z   CARGO_TERM_COLOR: always
2025-07-18T23:40:40.3879703Z ##[endgroup]
2025-07-18T23:40:40.5063753Z Syncing repository: jakenelwood/Leptographic
2025-07-18T23:40:40.5066054Z ##[group]Getting Git version info
2025-07-18T23:40:40.5066902Z Working directory is '/home/runner/work/Leptographic/Leptographic'
2025-07-18T23:40:40.5068039Z [command]/usr/bin/git version
2025-07-18T23:40:40.5110951Z git version 2.50.1
2025-07-18T23:40:40.5138075Z ##[endgroup]
2025-07-18T23:40:40.5162732Z Temporarily overriding HOME='/home/runner/work/_temp/81f253df-1c59-4b8d-ba1d-32504fc810f1' before making global git config changes
2025-07-18T23:40:40.5165986Z Adding repository directory to the temporary git global config as a safe directory
2025-07-18T23:40:40.5169369Z [command]/usr/bin/git config --global --add safe.directory /home/runner/work/Leptographic/Leptographic
2025-07-18T23:40:40.5207011Z Deleting the contents of '/home/runner/work/Leptographic/Leptographic'
2025-07-18T23:40:40.5211213Z ##[group]Initializing the repository
2025-07-18T23:40:40.5217191Z [command]/usr/bin/git init /home/runner/work/Leptographic/Leptographic
2025-07-18T23:40:40.5280361Z hint: Using 'master' as the name for the initial branch. This default branch name
2025-07-18T23:40:40.5282378Z hint: is subject to change. To configure the initial branch name to use in all
2025-07-18T23:40:40.5284145Z hint: of your new repositories, which will suppress this warning, call:
2025-07-18T23:40:40.5285238Z hint:
2025-07-18T23:40:40.5285762Z hint: 	git config --global init.defaultBranch <name>
2025-07-18T23:40:40.5286397Z hint:
2025-07-18T23:40:40.5286997Z hint: Names commonly chosen instead of 'master' are 'main', 'trunk' and
2025-07-18T23:40:40.5288563Z hint: 'development'. The just-created branch can be renamed via this command:
2025-07-18T23:40:40.5289400Z hint:
2025-07-18T23:40:40.5289787Z hint: 	git branch -m <name>
2025-07-18T23:40:40.5290261Z hint:
2025-07-18T23:40:40.5290919Z hint: Disable this message with "git config set advice.defaultBranchName false"
2025-07-18T23:40:40.5292179Z Initialized empty Git repository in /home/runner/work/Leptographic/Leptographic/.git/
2025-07-18T23:40:40.5294909Z [command]/usr/bin/git remote add origin https://github.com/jakenelwood/Leptographic
2025-07-18T23:40:40.5324907Z ##[endgroup]
2025-07-18T23:40:40.5325692Z ##[group]Disabling automatic garbage collection
2025-07-18T23:40:40.5328776Z [command]/usr/bin/git config --local gc.auto 0
2025-07-18T23:40:40.5356609Z ##[endgroup]
2025-07-18T23:40:40.5357336Z ##[group]Setting up auth
2025-07-18T23:40:40.5363315Z [command]/usr/bin/git config --local --name-only --get-regexp core\.sshCommand
2025-07-18T23:40:40.5394231Z [command]/usr/bin/git submodule foreach --recursive sh -c "git config --local --name-only --get-regexp 'core\.sshCommand' && git config --local --unset-all 'core.sshCommand' || :"
2025-07-18T23:40:40.5693716Z [command]/usr/bin/git config --local --name-only --get-regexp http\.https\:\/\/github\.com\/\.extraheader
2025-07-18T23:40:40.5722119Z [command]/usr/bin/git submodule foreach --recursive sh -c "git config --local --name-only --get-regexp 'http\.https\:\/\/github\.com\/\.extraheader' && git config --local --unset-all 'http.https://github.com/.extraheader' || :"
2025-07-18T23:40:40.5939934Z [command]/usr/bin/git config --local http.https://github.com/.extraheader AUTHORIZATION: basic ***
2025-07-18T23:40:40.5973869Z ##[endgroup]
2025-07-18T23:40:40.5974799Z ##[group]Fetching the repository
2025-07-18T23:40:40.5982358Z [command]/usr/bin/git -c protocol.version=2 fetch --no-tags --prune --no-recurse-submodules --depth=1 origin +6b33bdc25cf0efe715d45fb4d9212e76d2228087:refs/remotes/origin/main
2025-07-18T23:40:40.8420197Z From https://github.com/jakenelwood/Leptographic
2025-07-18T23:40:40.8421603Z  * [new ref]         6b33bdc25cf0efe715d45fb4d9212e76d2228087 -> origin/main
2025-07-18T23:40:40.8445577Z ##[endgroup]
2025-07-18T23:40:40.8447084Z ##[group]Determining the checkout info
2025-07-18T23:40:40.8448807Z ##[endgroup]
2025-07-18T23:40:40.8452105Z [command]/usr/bin/git sparse-checkout disable
2025-07-18T23:40:40.8494533Z [command]/usr/bin/git config --local --unset-all extensions.worktreeConfig
2025-07-18T23:40:40.8522644Z ##[group]Checking out the ref
2025-07-18T23:40:40.8526125Z [command]/usr/bin/git checkout --progress --force -B main refs/remotes/origin/main
2025-07-18T23:40:40.8653301Z Switched to a new branch 'main'
2025-07-18T23:40:40.8656329Z branch 'main' set up to track 'origin/main'.
2025-07-18T23:40:40.8663505Z ##[endgroup]
2025-07-18T23:40:40.8696237Z [command]/usr/bin/git log -1 --format=%H
2025-07-18T23:40:40.8717691Z 6b33bdc25cf0efe715d45fb4d9212e76d2228087
2025-07-18T23:40:40.9168310Z ##[group]Run dtolnay/rust-toolchain@4305c38b25d97ef35a8ad1f985ccf2d2242004f2
2025-07-18T23:40:40.9169735Z with:
2025-07-18T23:40:40.9170469Z   targets: wasm32-unknown-unknown
2025-07-18T23:40:40.9171386Z   toolchain: stable
2025-07-18T23:40:40.9172122Z env:
2025-07-18T23:40:40.9172800Z   CARGO_TERM_COLOR: always
2025-07-18T23:40:40.9173762Z ##[endgroup]
2025-07-18T23:40:40.9377919Z ##[group]Run : parse toolchain version
2025-07-18T23:40:40.9379048Z [36;1m: parse toolchain version[0m
2025-07-18T23:40:40.9380384Z [36;1mif [[ $toolchain =~ ^stable' '[0-9]+' '(year|month|week|day)s?' 'ago$ ]]; then[0m
2025-07-18T23:40:40.9381762Z [36;1m  if [[ Linux == macOS ]]; then[0m
2025-07-18T23:40:40.9383490Z [36;1m    echo "toolchain=1.$((($(date -v-$(sed 's/stable \([0-9]*\) \(.\).*/\1\2/' <<< $toolchain) +%s)/60/60/24-16569)/7/6))" >> $GITHUB_OUTPUT[0m
2025-07-18T23:40:40.9385374Z [36;1m  else[0m
2025-07-18T23:40:40.9386797Z [36;1m    echo "toolchain=1.$((($(date --date "${toolchain#stable }" +%s)/60/60/24-16569)/7/6))" >> $GITHUB_OUTPUT[0m
2025-07-18T23:40:40.9388366Z [36;1m  fi[0m
2025-07-18T23:40:40.9389397Z [36;1melif [[ $toolchain =~ ^stable' 'minus' '[0-9]+' 'releases?$ ]]; then[0m
2025-07-18T23:40:40.9391220Z [36;1m  echo "toolchain=1.$((($(date +%s)/60/60/24-16569)/7/6-${toolchain//[^0-9]/}))" >> $GITHUB_OUTPUT[0m
2025-07-18T23:40:40.9392786Z [36;1melif [[ $toolchain =~ ^1\.[0-9]+$ ]]; then[0m
2025-07-18T23:40:40.9394698Z [36;1m  echo "toolchain=1.$((i=${toolchain#1.}, c=($(date +%s)/60/60/24-16569)/7/6, i+9*i*(10*i<=c)+90*i*(100*i<=c)))" >> $GITHUB_OUTPUT[0m
2025-07-18T23:40:40.9396357Z [36;1melse[0m
2025-07-18T23:40:40.9397205Z [36;1m  echo "toolchain=$toolchain" >> $GITHUB_OUTPUT[0m
2025-07-18T23:40:40.9398242Z [36;1mfi[0m
2025-07-18T23:40:40.9433262Z shell: /usr/bin/bash --noprofile --norc -e -o pipefail {0}
2025-07-18T23:40:40.9434680Z env:
2025-07-18T23:40:40.9435335Z   CARGO_TERM_COLOR: always
2025-07-18T23:40:40.9436151Z   toolchain: stable
2025-07-18T23:40:40.9436879Z ##[endgroup]
2025-07-18T23:40:40.9600689Z ##[group]Run : construct rustup command line
2025-07-18T23:40:40.9601820Z [36;1m: construct rustup command line[0m
2025-07-18T23:40:40.9603404Z [36;1mecho "targets=$(for t in ${targets//,/ }; do echo -n ' --target' $t; done)" >> $GITHUB_OUTPUT[0m
2025-07-18T23:40:40.9605937Z [36;1mecho "components=$(for c in ${components//,/ }; do echo -n ' --component' $c; done)" >> $GITHUB_OUTPUT[0m
2025-07-18T23:40:40.9607713Z [36;1mecho "downgrade=" >> $GITHUB_OUTPUT[0m
2025-07-18T23:40:40.9636644Z shell: /usr/bin/bash --noprofile --norc -e -o pipefail {0}
2025-07-18T23:40:40.9637853Z env:
2025-07-18T23:40:40.9638509Z   CARGO_TERM_COLOR: always
2025-07-18T23:40:40.9639384Z   targets: wasm32-unknown-unknown
2025-07-18T23:40:40.9640310Z   components: 
2025-07-18T23:40:40.9641001Z ##[endgroup]
2025-07-18T23:40:40.9746672Z ##[group]Run : set $CARGO_HOME
2025-07-18T23:40:40.9747541Z [36;1m: set $CARGO_HOME[0m
2025-07-18T23:40:40.9748679Z [36;1mecho CARGO_HOME=${CARGO_HOME:-"$HOME/.cargo"} >> $GITHUB_ENV[0m
2025-07-18T23:40:40.9777202Z shell: /usr/bin/bash --noprofile --norc -e -o pipefail {0}
2025-07-18T23:40:40.9778342Z env:
2025-07-18T23:40:40.9779001Z   CARGO_TERM_COLOR: always
2025-07-18T23:40:40.9779797Z ##[endgroup]
2025-07-18T23:40:40.9881100Z ##[group]Run : install rustup if needed
2025-07-18T23:40:40.9882091Z [36;1m: install rustup if needed[0m
2025-07-18T23:40:40.9883133Z [36;1mif ! command -v rustup &>/dev/null; then[0m
2025-07-18T23:40:40.9885756Z [36;1m  curl --proto '=https' --tlsv1.2 --retry 10 --retry-connrefused --location --silent --show-error --fail https://sh.rustup.rs | sh -s -- --default-toolchain none -y[0m
2025-07-18T23:40:40.9888139Z [36;1m  echo "$CARGO_HOME/bin" >> $GITHUB_PATH[0m
2025-07-18T23:40:40.9889136Z [36;1mfi[0m
2025-07-18T23:40:40.9916927Z shell: /usr/bin/bash --noprofile --norc -e -o pipefail {0}
2025-07-18T23:40:40.9918074Z env:
2025-07-18T23:40:40.9918721Z   CARGO_TERM_COLOR: always
2025-07-18T23:40:40.9919759Z   CARGO_HOME: /home/runner/.cargo
2025-07-18T23:40:40.9920638Z ##[endgroup]
2025-07-18T23:40:41.0024011Z ##[group]Run rustup toolchain install stable --target wasm32-unknown-unknown --profile minimal --no-self-update
2025-07-18T23:40:41.0026694Z [36;1mrustup toolchain install stable --target wasm32-unknown-unknown --profile minimal --no-self-update[0m
2025-07-18T23:40:41.0056698Z shell: /usr/bin/bash --noprofile --norc -e -o pipefail {0}
2025-07-18T23:40:41.0058015Z env:
2025-07-18T23:40:41.0058737Z   CARGO_TERM_COLOR: always
2025-07-18T23:40:41.0059599Z   CARGO_HOME: /home/runner/.cargo
2025-07-18T23:40:41.0060472Z ##[endgroup]
2025-07-18T23:40:41.1751115Z info: syncing channel updates for 'stable-x86_64-unknown-linux-gnu'
2025-07-18T23:40:41.2998504Z info: latest update on 2025-06-26, rust version 1.88.0 (6b00bc388 2025-06-23)
2025-07-18T23:40:41.3280259Z info: downloading component 'rust-std' for 'wasm32-unknown-unknown'
2025-07-18T23:40:41.4850398Z info: installing component 'rust-std' for 'wasm32-unknown-unknown'
2025-07-18T23:40:42.8705493Z 
2025-07-18T23:40:42.8802243Z   stable-x86_64-unknown-linux-gnu updated - rustc 1.88.0 (6b00bc388 2025-06-23) (from rustc 1.88.0 (6b00bc388 2025-06-23))
2025-07-18T23:40:42.8803864Z 
2025-07-18T23:40:42.8867665Z ##[group]Run rustup default stable
2025-07-18T23:40:42.8867989Z [36;1mrustup default stable[0m
2025-07-18T23:40:42.8895895Z shell: /usr/bin/bash --noprofile --norc -e -o pipefail {0}
2025-07-18T23:40:42.8896267Z env:
2025-07-18T23:40:42.8896485Z   CARGO_TERM_COLOR: always
2025-07-18T23:40:42.8896744Z   CARGO_HOME: /home/runner/.cargo
2025-07-18T23:40:42.8897005Z ##[endgroup]
2025-07-18T23:40:42.8996046Z info: using existing install for 'stable-x86_64-unknown-linux-gnu'
2025-07-18T23:40:42.9302360Z info: default toolchain set to 'stable-x86_64-unknown-linux-gnu'
2025-07-18T23:40:42.9302938Z 
2025-07-18T23:40:42.9392923Z   stable-x86_64-unknown-linux-gnu unchanged - rustc 1.88.0 (6b00bc388 2025-06-23)
2025-07-18T23:40:42.9393809Z 
2025-07-18T23:40:42.9440820Z ##[group]Run : create cachekey
2025-07-18T23:40:42.9441141Z [36;1m: create cachekey[0m
2025-07-18T23:40:42.9441617Z [36;1mDATE=$(rustc +stable --version --verbose | sed -ne 's/^commit-date: \(20[0-9][0-9]\)-\([01][0-9]\)-\([0-3][0-9]\)$/\1\2\3/p')[0m
2025-07-18T23:40:42.9442232Z [36;1mHASH=$(rustc +stable --version --verbose | sed -ne 's/^commit-hash: //p')[0m
2025-07-18T23:40:42.9442719Z [36;1mecho "cachekey=$(echo $DATE$HASH | head -c12)" >> $GITHUB_OUTPUT[0m
2025-07-18T23:40:42.9470949Z shell: /usr/bin/bash --noprofile --norc -e -o pipefail {0}
2025-07-18T23:40:42.9471307Z env:
2025-07-18T23:40:42.9471524Z   CARGO_TERM_COLOR: always
2025-07-18T23:40:42.9471775Z   CARGO_HOME: /home/runner/.cargo
2025-07-18T23:40:42.9472035Z ##[endgroup]
2025-07-18T23:40:43.0398839Z ##[group]Run : disable incremental compilation
2025-07-18T23:40:43.0399244Z [36;1m: disable incremental compilation[0m
2025-07-18T23:40:43.0399584Z [36;1mif [ -z "${CARGO_INCREMENTAL+set}" ]; then[0m
2025-07-18T23:40:43.0399956Z [36;1m  echo CARGO_INCREMENTAL=0 >> $GITHUB_ENV[0m
2025-07-18T23:40:43.0400284Z [36;1mfi[0m
2025-07-18T23:40:43.0428336Z shell: /usr/bin/bash --noprofile --norc -e -o pipefail {0}
2025-07-18T23:40:43.0428707Z env:
2025-07-18T23:40:43.0428918Z   CARGO_TERM_COLOR: always
2025-07-18T23:40:43.0429184Z   CARGO_HOME: /home/runner/.cargo
2025-07-18T23:40:43.0429482Z ##[endgroup]
2025-07-18T23:40:43.0498066Z ##[group]Run : enable colors in Cargo output
2025-07-18T23:40:43.0498432Z [36;1m: enable colors in Cargo output[0m
2025-07-18T23:40:43.0498763Z [36;1mif [ -z "${CARGO_TERM_COLOR+set}" ]; then[0m
2025-07-18T23:40:43.0499115Z [36;1m  echo CARGO_TERM_COLOR=always >> $GITHUB_ENV[0m
2025-07-18T23:40:43.0499410Z [36;1mfi[0m
2025-07-18T23:40:43.0525098Z shell: /usr/bin/bash --noprofile --norc -e -o pipefail {0}
2025-07-18T23:40:43.0525457Z env:
2025-07-18T23:40:43.0525669Z   CARGO_TERM_COLOR: always
2025-07-18T23:40:43.0525939Z   CARGO_HOME: /home/runner/.cargo
2025-07-18T23:40:43.0526208Z   CARGO_INCREMENTAL: 0
2025-07-18T23:40:43.0526696Z ##[endgroup]
2025-07-18T23:40:43.0595523Z ##[group]Run : enable Cargo sparse registry
2025-07-18T23:40:43.0595912Z [36;1m: enable Cargo sparse registry[0m
2025-07-18T23:40:43.0596293Z [36;1m# implemented in 1.66, stabilized in 1.68, made default in 1.70[0m
2025-07-18T23:40:43.0596988Z [36;1mif [ -z "${CARGO_REGISTRIES_CRATES_IO_PROTOCOL+set}" -o -f "/home/runner/work/_temp"/.implicit_cargo_registries_crates_io_protocol ]; then[0m
2025-07-18T23:40:43.0597882Z [36;1m  if rustc +stable --version --verbose | grep -q '^release: 1\.6[89]\.'; then[0m
2025-07-18T23:40:43.0598440Z [36;1m    touch "/home/runner/work/_temp"/.implicit_cargo_registries_crates_io_protocol || true[0m
2025-07-18T23:40:43.0598974Z [36;1m    echo CARGO_REGISTRIES_CRATES_IO_PROTOCOL=sparse >> $GITHUB_ENV[0m
2025-07-18T23:40:43.0599469Z [36;1m  elif rustc +stable --version --verbose | grep -q '^release: 1\.6[67]\.'; then[0m
2025-07-18T23:40:43.0600030Z [36;1m    touch "/home/runner/work/_temp"/.implicit_cargo_registries_crates_io_protocol || true[0m
2025-07-18T23:40:43.0600537Z [36;1m    echo CARGO_REGISTRIES_CRATES_IO_PROTOCOL=git >> $GITHUB_ENV[0m
2025-07-18T23:40:43.0600886Z [36;1m  fi[0m
2025-07-18T23:40:43.0601094Z [36;1mfi[0m
2025-07-18T23:40:43.0626800Z shell: /usr/bin/bash --noprofile --norc -e -o pipefail {0}
2025-07-18T23:40:43.0627156Z env:
2025-07-18T23:40:43.0627363Z   CARGO_TERM_COLOR: always
2025-07-18T23:40:43.0627638Z   CARGO_HOME: /home/runner/.cargo
2025-07-18T23:40:43.0627905Z   CARGO_INCREMENTAL: 0
2025-07-18T23:40:43.0628138Z ##[endgroup]
2025-07-18T23:40:43.0985410Z ##[group]Run : work around spurious network errors in curl 8.0
2025-07-18T23:40:43.0985874Z [36;1m: work around spurious network errors in curl 8.0[0m
2025-07-18T23:40:43.0986612Z [36;1m# https://rust-lang.zulipchat.com/#narrow/stream/246057-t-cargo/topic/timeout.20investigation[0m
2025-07-18T23:40:43.0987257Z [36;1mif rustc +stable --version --verbose | grep -q '^release: 1\.7[01]\.'; then[0m
2025-07-18T23:40:43.0987749Z [36;1m  echo CARGO_HTTP_MULTIPLEXING=false >> $GITHUB_ENV[0m
2025-07-18T23:40:43.0988072Z [36;1mfi[0m
2025-07-18T23:40:43.1016403Z shell: /usr/bin/bash --noprofile --norc -e -o pipefail {0}
2025-07-18T23:40:43.1016759Z env:
2025-07-18T23:40:43.1016989Z   CARGO_TERM_COLOR: always
2025-07-18T23:40:43.1017250Z   CARGO_HOME: /home/runner/.cargo
2025-07-18T23:40:43.1017523Z   CARGO_INCREMENTAL: 0
2025-07-18T23:40:43.1017770Z ##[endgroup]
2025-07-18T23:40:43.1239723Z ##[group]Run rustc +stable --version --verbose
2025-07-18T23:40:43.1240099Z [36;1mrustc +stable --version --verbose[0m
2025-07-18T23:40:43.1268479Z shell: /usr/bin/bash --noprofile --norc -e -o pipefail {0}
2025-07-18T23:40:43.1268831Z env:
2025-07-18T23:40:43.1269049Z   CARGO_TERM_COLOR: always
2025-07-18T23:40:43.1269310Z   CARGO_HOME: /home/runner/.cargo
2025-07-18T23:40:43.1269585Z   CARGO_INCREMENTAL: 0
2025-07-18T23:40:43.1269818Z ##[endgroup]
2025-07-18T23:40:43.1442536Z rustc 1.88.0 (6b00bc388 2025-06-23)
2025-07-18T23:40:43.1443409Z binary: rustc
2025-07-18T23:40:43.1444596Z commit-hash: 6b00bc3880198600130e1cf62b8f8a93494488cc
2025-07-18T23:40:43.1445097Z commit-date: 2025-06-23
2025-07-18T23:40:43.1445429Z host: x86_64-unknown-linux-gnu
2025-07-18T23:40:43.1445778Z release: 1.88.0
2025-07-18T23:40:43.1446056Z LLVM version: 20.1.5
2025-07-18T23:40:43.2207300Z ##[group]Run actions/cache@5a3ec84eff668545956fd18022155c47e93e2684
2025-07-18T23:40:43.2207731Z with:
2025-07-18T23:40:43.2208135Z   path: ~/.cargo/bin/
~/.cargo/registry/index/
~/.cargo/registry/cache/
~/.cargo/git/db/
target/

2025-07-18T23:40:43.2208586Z   key: Linux-cargo-
2025-07-18T23:40:43.2208844Z   restore-keys: Linux-cargo-

2025-07-18T23:40:43.2209127Z   enableCrossOsArchive: false
2025-07-18T23:40:43.2209392Z   fail-on-cache-miss: false
2025-07-18T23:40:43.2209648Z   lookup-only: false
2025-07-18T23:40:43.2209878Z   save-always: false
2025-07-18T23:40:43.2210099Z env:
2025-07-18T23:40:43.2210303Z   CARGO_TERM_COLOR: always
2025-07-18T23:40:43.2210561Z   CARGO_HOME: /home/runner/.cargo
2025-07-18T23:40:43.2210823Z   CARGO_INCREMENTAL: 0
2025-07-18T23:40:43.2211054Z ##[endgroup]
2025-07-18T23:40:43.4257587Z Cache hit for: Linux-cargo-
2025-07-18T23:40:44.4882944Z Received 226492416 of 992001258 (22.8%), 215.1 MBs/sec
2025-07-18T23:40:45.4908291Z Received 469762048 of 992001258 (47.4%), 223.3 MBs/sec
2025-07-18T23:40:46.5001463Z Received 717225984 of 992001258 (72.3%), 226.9 MBs/sec
2025-07-18T23:40:47.5054828Z Received 939524096 of 992001258 (94.7%), 222.9 MBs/sec
2025-07-18T23:40:47.6559555Z Received 992001258 of 992001258 (100.0%), 226.8 MBs/sec
2025-07-18T23:40:47.6564068Z Cache Size: ~946 MB (992001258 B)
2025-07-18T23:40:47.6655174Z [command]/usr/bin/tar -xf /home/runner/work/_temp/586f0a59-e871-460f-aa5a-6fa497376c53/cache.tzst -P -C /home/runner/work/Leptographic/Leptographic --use-compress-program unzstd
2025-07-18T23:40:54.2375772Z Cache restored successfully
2025-07-18T23:40:54.4233329Z Cache restored from key: Linux-cargo-
2025-07-18T23:40:54.4378350Z ##[group]Run actions/setup-node@49933ea5288caeca8642d1e84afbd3f7d6820020
2025-07-18T23:40:54.4378717Z with:
2025-07-18T23:40:54.4378887Z   node-version: 18
2025-07-18T23:40:54.4379077Z   cache: npm
2025-07-18T23:40:54.4379286Z   cache-dependency-path: package-lock.json
2025-07-18T23:40:54.4379546Z   always-auth: false
2025-07-18T23:40:54.4379743Z   check-latest: false
2025-07-18T23:40:54.4380053Z   token: ***
2025-07-18T23:40:54.4380238Z env:
2025-07-18T23:40:54.4380408Z   CARGO_TERM_COLOR: always
2025-07-18T23:40:54.4380632Z   CARGO_HOME: /home/runner/.cargo
2025-07-18T23:40:54.4380854Z   CARGO_INCREMENTAL: 0
2025-07-18T23:40:54.4381055Z ##[endgroup]
2025-07-18T23:40:55.1758480Z Found in cache @ /opt/hostedtoolcache/node/18.20.8/x64
2025-07-18T23:40:55.1765135Z ##[group]Environment details
2025-07-18T23:40:57.6312510Z node: v18.20.8
2025-07-18T23:40:57.6312773Z npm: 10.8.2
2025-07-18T23:40:57.6313051Z yarn: 1.22.22
2025-07-18T23:40:57.6313820Z ##[endgroup]
2025-07-18T23:40:57.6337517Z [command]/opt/hostedtoolcache/node/18.20.8/x64/bin/npm config get cache
2025-07-18T23:40:57.9850375Z /home/runner/.npm
2025-07-18T23:40:58.0737138Z Cache hit for: node-cache-Linux-x64-npm-275a98fea6bf422b528f0e4755216ad8abf0ecf22104011707258ae7ca05ae48
2025-07-18T23:40:58.1237163Z Received 158458 of 158458 (100.0%), 9.4 MBs/sec
2025-07-18T23:40:58.1237976Z Cache Size: ~0 MB (158458 B)
2025-07-18T23:40:58.1261969Z [command]/usr/bin/tar -xf /home/runner/work/_temp/0f3b92c5-2868-4861-9af8-27d6380807e7/cache.tzst -P -C /home/runner/work/Leptographic/Leptographic --use-compress-program unzstd
2025-07-18T23:40:58.1315688Z Cache restored successfully
2025-07-18T23:40:58.1321126Z Cache restored from key: node-cache-Linux-x64-npm-275a98fea6bf422b528f0e4755216ad8abf0ecf22104011707258ae7ca05ae48
2025-07-18T23:40:58.1426076Z ##[group]Run if ! command -v cargo-leptos &> /dev/null; then
2025-07-18T23:40:58.1426497Z [36;1mif ! command -v cargo-leptos &> /dev/null; then[0m
2025-07-18T23:40:58.1426845Z [36;1m  cargo install cargo-leptos --version 0.2.40[0m
2025-07-18T23:40:58.1427130Z [36;1melse[0m
2025-07-18T23:40:58.1427353Z [36;1m  echo "cargo-leptos already installed"[0m
2025-07-18T23:40:58.1427617Z [36;1mfi[0m
2025-07-18T23:40:58.1461434Z shell: /usr/bin/bash -e {0}
2025-07-18T23:40:58.1461675Z env:
2025-07-18T23:40:58.1461857Z   CARGO_TERM_COLOR: always
2025-07-18T23:40:58.1462133Z   CARGO_HOME: /home/runner/.cargo
2025-07-18T23:40:58.1462385Z   CARGO_INCREMENTAL: 0
2025-07-18T23:40:58.1462582Z ##[endgroup]
2025-07-18T23:40:58.1515929Z cargo-leptos already installed
2025-07-18T23:40:58.1534292Z ##[group]Run npm ci
2025-07-18T23:40:58.1534566Z [36;1mnpm ci[0m
2025-07-18T23:40:58.1558880Z shell: /usr/bin/bash -e {0}
2025-07-18T23:40:58.1559109Z env:
2025-07-18T23:40:58.1559278Z   CARGO_TERM_COLOR: always
2025-07-18T23:40:58.1559511Z   CARGO_HOME: /home/runner/.cargo
2025-07-18T23:40:58.1559747Z   CARGO_INCREMENTAL: 0
2025-07-18T23:40:58.1559946Z ##[endgroup]
2025-07-18T23:41:00.1559573Z 
2025-07-18T23:41:00.1560326Z added 1 package, and audited 2 packages in 2s
2025-07-18T23:41:00.1569469Z 
2025-07-18T23:41:00.1569748Z found 0 vulnerabilities
2025-07-18T23:41:00.1663238Z ##[group]Run cargo test --lib --bins
2025-07-18T23:41:00.1664101Z [36;1mcargo test --lib --bins[0m
2025-07-18T23:41:00.1691479Z shell: /usr/bin/bash -e {0}
2025-07-18T23:41:00.1691723Z env:
2025-07-18T23:41:00.1691902Z   CARGO_TERM_COLOR: always
2025-07-18T23:41:00.1692329Z   CARGO_HOME: /home/runner/.cargo
2025-07-18T23:41:00.1692570Z   CARGO_INCREMENTAL: 0
2025-07-18T23:41:00.1692778Z ##[endgroup]
2025-07-18T23:41:02.0191588Z [1m[32m    Updating[0m crates.io index
2025-07-18T23:41:02.6299137Z [1m[32m     Locking[0m 258 packages to latest compatible versions
2025-07-18T23:41:02.6881315Z [1m[36m      Adding[0m matchit v0.8.4 [1m[33m(available: v0.8.6)[0m
2025-07-18T23:41:03.4046348Z [1m[32m   Compiling[0m leptos-radix-ui v0.1.0 (/home/runner/work/Leptographic/Leptographic)
2025-07-18T23:41:10.7267686Z [1m[32m    Finished[0m `test` profile [unoptimized + debuginfo] target(s) in 10.17s
2025-07-18T23:41:10.7695385Z [1m[32m     Running[0m unittests src/lib.rs (target/debug/deps/leptos_radix_ui-00b8bca7fd046f65)
2025-07-18T23:41:10.7711981Z 
2025-07-18T23:41:10.7712182Z running 0 tests
2025-07-18T23:41:10.7712423Z 
2025-07-18T23:41:10.7713057Z test result: ok. 0 passed; 0 failed; 0 ignored; 0 measured; 0 filtered out; finished in 0.00s
2025-07-18T23:41:10.7713807Z 
2025-07-18T23:41:10.7715387Z [1m[32m     Running[0m unittests src/main.rs (target/debug/deps/leptos_radix_ui-76ed68b77194a33f)
2025-07-18T23:41:10.7728889Z 
2025-07-18T23:41:10.7729100Z running 0 tests
2025-07-18T23:41:10.7729341Z 
2025-07-18T23:41:10.7729914Z test result: ok. 0 passed; 0 failed; 0 ignored; 0 measured; 0 filtered out; finished in 0.00s
2025-07-18T23:41:10.7730477Z 
2025-07-18T23:41:10.7839514Z ##[group]Run cargo fmt --check
2025-07-18T23:41:10.7839813Z [36;1mcargo fmt --check[0m
2025-07-18T23:41:10.7867479Z shell: /usr/bin/bash -e {0}
2025-07-18T23:41:10.7867710Z env:
2025-07-18T23:41:10.7867885Z   CARGO_TERM_COLOR: always
2025-07-18T23:41:10.7868116Z   CARGO_HOME: /home/runner/.cargo
2025-07-18T23:41:10.7868351Z   CARGO_INCREMENTAL: 0
2025-07-18T23:41:10.7868549Z ##[endgroup]
2025-07-18T23:41:11.8363387Z ##[group]Run cargo clippy --lib --bins -- -D warnings
2025-07-18T23:41:11.8364068Z [36;1mcargo clippy --lib --bins -- -D warnings[0m
2025-07-18T23:41:11.8391834Z shell: /usr/bin/bash -e {0}
2025-07-18T23:41:11.8392084Z env:
2025-07-18T23:41:11.8392258Z   CARGO_TERM_COLOR: always
2025-07-18T23:41:11.8392495Z   CARGO_HOME: /home/runner/.cargo
2025-07-18T23:41:11.8392742Z   CARGO_INCREMENTAL: 0
2025-07-18T23:41:11.8392948Z ##[endgroup]
2025-07-18T23:41:12.5449393Z [1m[32m    Checking[0m leptos-radix-ui v0.1.0 (/home/runner/work/Leptographic/Leptographic)
2025-07-18T23:41:15.8154624Z [1m[32m    Finished[0m `dev` profile [unoptimized + debuginfo] target(s) in 3.81s
2025-07-18T23:41:15.8377988Z ##[group]Run cargo leptos build
2025-07-18T23:41:15.8378279Z [36;1mcargo leptos build[0m
2025-07-18T23:41:15.8407071Z shell: /usr/bin/bash -e {0}
2025-07-18T23:41:15.8407301Z env:
2025-07-18T23:41:15.8407483Z   CARGO_TERM_COLOR: always
2025-07-18T23:41:15.8407713Z   CARGO_HOME: /home/runner/.cargo
2025-07-18T23:41:15.8407949Z   CARGO_INCREMENTAL: 0
2025-07-18T23:41:15.8408147Z ##[endgroup]
2025-07-18T23:41:16.3925521Z [1m[32m   Compiling[0m leptos-radix-ui v0.1.0 (/home/runner/work/Leptographic/Leptographic)
2025-07-18T23:41:20.7496320Z [1m[32m    Finished[0m `dev` profile [unoptimized + debuginfo] target(s) in 4.47s
2025-07-18T23:41:20.7654300Z [38;5;77m       Cargo[0m finished [38;5;241mcargo build --package=leptos-radix-ui --lib --target-dir=/home/runner/work/Leptographic/Leptographic/target/front --target=wasm32-unknown-unknown --no-default-features --features=hydrate[0m
2025-07-18T23:41:20.7655430Z [38;5;77m       Front[0m generating JS/WASM with wasm-bindgen
2025-07-18T23:41:21.2401699Z [38;5;77m    Finished[0m generating JS/WASM for front in 474.754986ms
2025-07-18T23:41:21.3205407Z [38;5;77m     Command[0m [tailwindcss] requested version v4.1.4, but a newer version v4.1.11 is available, you can try it out by setting the LEPTOS_TAILWIND_VERSION=v4.1.11 env var and re-running the command
2025-07-18T23:41:21.3206797Z [38;5;77m     Command[0m installing tailwindcss-v4.1.4 ...
2025-07-18T23:41:21.8856681Z [38;5;77m     Command[0m tailwindcss-v4.1.4 installed.
2025-07-18T23:41:22.1302846Z [38;5;77m    Tailwind[0m finished [38;5;241mtailwindcss --input style/main.css --output /home/runner/work/Leptographic/Leptographic/target/tmp/tailwind.css[0m
2025-07-18T23:41:22.5180441Z [1m[32m   Compiling[0m leptos-radix-ui v0.1.0 (/home/runner/work/Leptographic/Leptographic)
2025-07-18T23:41:29.4131081Z [1m[32m    Finished[0m `dev` profile [unoptimized + debuginfo] target(s) in 7.23s
2025-07-18T23:41:29.4329676Z [38;5;77m       Cargo[0m finished [38;5;241mcargo build --package=leptos-radix-ui --bin=leptos-radix-ui --no-default-features --features=ssr[0m
2025-07-18T23:41:29.5250101Z ##[group]Run echo "Checking build artifacts..."
2025-07-18T23:41:29.5250467Z [36;1mecho "Checking build artifacts..."[0m
2025-07-18T23:41:29.5250736Z [36;1mls -la target/site/[0m
2025-07-18T23:41:29.5250964Z [36;1mls -la target/debug/[0m
2025-07-18T23:41:29.5251227Z [36;1mecho "Build test completed successfully!"[0m
2025-07-18T23:41:29.5278844Z shell: /usr/bin/bash -e {0}
2025-07-18T23:41:29.5279087Z env:
2025-07-18T23:41:29.5279262Z   CARGO_TERM_COLOR: always
2025-07-18T23:41:29.5279492Z   CARGO_HOME: /home/runner/.cargo
2025-07-18T23:41:29.5279726Z   CARGO_INCREMENTAL: 0
2025-07-18T23:41:29.5279924Z ##[endgroup]
2025-07-18T23:41:29.5326204Z Checking build artifacts...
2025-07-18T23:41:29.5339384Z total 16
2025-07-18T23:41:29.5339866Z drwxr-xr-x 3 runner docker 4096 Jul 18 23:41 .
2025-07-18T23:41:29.5340270Z drwxr-xr-x 6 runner docker 4096 Jul 18 22:15 ..
2025-07-18T23:41:29.5340655Z -rw-r--r-- 1 runner docker   90 Jul 18 23:41 .gitkeep
2025-07-18T23:41:29.5341078Z drwxr-xr-x 2 runner docker 4096 Jul 18 23:41 pkg
2025-07-18T23:41:29.5353418Z total 118892
2025-07-18T23:41:29.5354049Z drwxr-xr-x   7 runner docker      4096 Jul 18 23:41 .
2025-07-18T23:41:29.5354462Z drwxr-xr-x   6 runner docker      4096 Jul 18 22:15 ..
2025-07-18T23:41:29.5354872Z -rw-r--r--   1 runner docker         0 Jul 18 22:13 .cargo-lock
2025-07-18T23:41:29.5355385Z drwxr-xr-x 760 runner docker     57344 Jul 18 22:15 .fingerprint
2025-07-18T23:41:29.5356170Z drwxr-xr-x 134 runner docker     12288 Jul 18 22:15 build
2025-07-18T23:41:29.5356855Z drwxr-xr-x   2 runner docker    147456 Jul 18 23:41 deps
2025-07-18T23:41:29.5357272Z drwxr-xr-x   2 runner docker      4096 Jul 18 22:13 examples
2025-07-18T23:41:29.5358201Z drwxr-xr-x   2 runner docker      4096 Jul 18 22:13 incremental
2025-07-18T23:41:29.5358955Z -rwxr-xr-x   2 runner docker 121502896 Jul 18 23:41 leptos-radix-ui
2025-07-18T23:41:29.5359587Z -rw-r--r--   1 runner docker       890 Jul 18 23:41 leptos-radix-ui.d
2025-07-18T23:41:29.5359992Z Build test completed successfully!
2025-07-18T23:41:29.5397288Z Post job cleanup.
2025-07-18T23:41:29.6921286Z Cache hit occurred on the primary key node-cache-Linux-x64-npm-275a98fea6bf422b528f0e4755216ad8abf0ecf22104011707258ae7ca05ae48, not saving cache.
2025-07-18T23:41:30.3243416Z Post job cleanup.
2025-07-18T23:41:30.4565685Z Cache hit occurred on the primary key Linux-cargo-, not saving cache.
2025-07-18T23:41:30.4659223Z Post job cleanup.
2025-07-18T23:41:30.5591036Z [command]/usr/bin/git version
2025-07-18T23:41:30.5628206Z git version 2.50.1
2025-07-18T23:41:30.5670556Z Temporarily overriding HOME='/home/runner/work/_temp/8e5b886a-728a-4e3b-9499-841d360f2b5e' before making global git config changes
2025-07-18T23:41:30.5671507Z Adding repository directory to the temporary git global config as a safe directory
2025-07-18T23:41:30.5682022Z [command]/usr/bin/git config --global --add safe.directory /home/runner/work/Leptographic/Leptographic
2025-07-18T23:41:30.5714590Z [command]/usr/bin/git config --local --name-only --get-regexp core\.sshCommand
2025-07-18T23:41:30.5745427Z [command]/usr/bin/git submodule foreach --recursive sh -c "git config --local --name-only --get-regexp 'core\.sshCommand' && git config --local --unset-all 'core.sshCommand' || :"
2025-07-18T23:41:30.5967045Z [command]/usr/bin/git config --local --name-only --get-regexp http\.https\:\/\/github\.com\/\.extraheader
2025-07-18T23:41:30.5986825Z http.https://github.com/.extraheader
2025-07-18T23:41:30.5998677Z [command]/usr/bin/git config --local --unset-all http.https://github.com/.extraheader
2025-07-18T23:41:30.6031382Z [command]/usr/bin/git submodule foreach --recursive sh -c "git config --local --name-only --get-regexp 'http\.https\:\/\/github\.com\/\.extraheader' && git config --local --unset-all 'http.https://github.com/.extraheader' || :"
2025-07-18T23:41:30.6359209Z Cleaning up orphan processes